******************************************************************************
                  TI ARM Linker PC v5.1.5                      
******************************************************************************
>> Linked Sun Jul 13 00:22:17 2014

OUTPUT FILE NAME:   <bootLoaderRFV2.out>
ENTRY POINT SYMBOL: "_c_int00"  address: 200012db


MEMORY CONFIGURATION

         name            origin    length      used     unused   attr    fill
----------------------  --------  ---------  --------  --------  ----  --------
  FLASH                 00000000   00040000  00001942  0003e6be  R  X
  SRAM                  20000000   00008000  00001d36  000062ca  RW X


SEGMENT ALLOCATION MAP

run origin  load origin   length   init length attrs members
----------  ----------- ---------- ----------- ----- -------
00001930    00001930    00000014   00000014    r--
  00001930    00001930    00000014   00000014    r-- .cinit
20000000    00000000    0000192e   0000192e    r-x
  20000000    00000000    00000044   00000044    r-- .intvecs
  20000044    00000044    000016da   000016da    r-x .text
  20001720    00001720    0000020e   0000020e    r-- .const
20001930    20001930    00000408   00000000    rw-
  20001930    20001930    00000005   00000000    rw- .bss
  20001938    20001938    00000400   00000000    rw- .stack


SECTION ALLOCATION MAP

 output                                  attributes/
section   page    origin      length       input sections
--------  ----  ----------  ----------   ----------------
.intvecs   0    00000000    00000044     RUN ADDR = 20000000
                  00000000    00000044     tm4c123gh6pm_startup_ccs.obj (.intvecs)

.text      0    00000044    000016da     RUN ADDR = 20000044
                  00000044    000008b4     nRF24L01.obj (.text)
                  000008f8    000004b0     main.obj (.text)
                  00000da8    00000130     driverlib.lib : gpio.obj (.text:GPIOPadConfigSet)
                  00000ed8    00000118                   : sysctl.obj (.text:SysCtlClockGet)
                  00000ff0    000000f0                   : sysctl.obj (.text:SysCtlClockSet)
                  000010e0    000000dc     TM4C123_nRF24L01.obj (.text:initSpiForRF)
                  000011bc    0000009c     main.obj (.text:initRfModule)
                  00001258    00000084     tm4c123gh6pm_startup_ccs.obj (.text)
                  000012dc    00000078     rtsv7M4_T_le_v4SPD16_eabi.lib : memset_t2.obj (.text)
                  00001354    00000060     driverlib.lib : interrupt.obj (.text:IntEnable)
                  000013b4    00000056                   : gpio.obj (.text:GPIOIntTypeSet)
                  0000140a    00000002     --HOLE-- [fill = 0]
                  0000140c    00000048                   : gpio.obj (.text:GPIOPinConfigure)
                  00001454    00000042                   : ssi.obj (.text:SSIConfigSetExpClk)
                  00001496    00000002     --HOLE-- [fill = 0]
                  00001498    00000034     nRF24L01.obj (.text:RF24_readRegister)
                  000014cc    00000034     nRF24L01.obj (.text:RF24_writeRegister)
                  00001500    00000034     driverlib.lib : sysctl.obj (.text:SysCtlPeripheralEnable)
                  00001534    0000002c     TM4C123_nRF24L01.obj (.text)
                  00001560    0000002a     driverlib.lib : gpio.obj (.text:GPIODirModeSet)
                  0000158a    00000002     --HOLE-- [fill = 0]
                  0000158c    00000024                   : interrupt.obj (.text:IntPrioritySet)
                  000015b0    00000024     main.obj (.text:initLED)
                  000015d4    0000001c     TM4C123_nRF24L01.obj (.text:clearRfCE)
                  000015f0    0000001c     TM4C123_nRF24L01.obj (.text:setRfCE)
                  0000160c    00000018     driverlib.lib : gpio.obj (.text:GPIOPinTypeGPIOOutput)
                  00001624    00000016     nRF24L01.obj (.text:RF24_setConfigureRegister)
                  0000163a    00000012     driverlib.lib : gpio.obj (.text:GPIOPinTypeGPIOInput)
                  0000164c    00000012                   : gpio.obj (.text:GPIOPinTypeSSI)
                  0000165e    00000012                   : ssi.obj (.text:SSIDataGetNonBlocking)
                  00001670    00000012     rtsv7M4_T_le_v4SPD16_eabi.lib : copy_zero_init.obj (.text:decompress:ZI)
                  00001682    00000002     --HOLE-- [fill = 0]
                  00001684    00000010     driverlib.lib : fpu.obj (.text:FPULazyStackingEnable)
                  00001694    00000010     TM4C123_nRF24L01.obj (.text:clearRfCSN)
                  000016a4    00000010     TM4C123_nRF24L01.obj (.text:setRfCSN)
                  000016b4    0000000c     driverlib.lib : cpu.obj (.text:CPUcpsie)
                  000016c0    0000000c                   : gpio.obj (.text:GPIOIntEnable)
                  000016cc    0000000c                   : ssi.obj (.text:SSIDataGet)
                  000016d8    0000000c     TM4C123_nRF24L01.obj (.text:getCEState)
                  000016e4    0000000a     driverlib.lib : interrupt.obj (.text:IntMasterEnable)
                  000016ee    0000000a                   : ssi.obj (.text:SSIDataPut)
                  000016f8    0000000a                   : ssi.obj (.text:SSIDisable)
                  00001702    0000000a                   : ssi.obj (.text:SSIEnable)
                  0000170c    00000006                   : gpio.obj (.text:GPIOPinRead)
                  00001712    00000006                   : gpio.obj (.text:GPIOPinWrite)
                  00001718    00000006                   : sysctl.obj (.text:SysCtlDelay)

.const     0    00001720    0000020e     RUN ADDR = 20001720
                  00001720    0000009c     driverlib.lib : interrupt.obj (.const:g_pui32Regs)
                  000017bc    00000090                   : gpio.obj (.const:g_pui32GPIOBaseAddrs)
                  0000184c    00000070                   : interrupt.obj (.const)
                  000018bc    0000006c                   : sysctl.obj (.const:g_pui32Xtals)
                  00001928    00000006     main.obj (.const:.string)

.data      0    0000192e    00000000     UNINITIALIZEDRUN ADDR = 2000192e

.cinit     0    00001930    00000014     
                  00001930    00000008     (.cinit..bss.load) [load image, compression = zero_init]
                  00001938    00000004     (__TI_handler_table)
                  0000193c    00000008     (__TI_cinit_table)

.bss       0    20001930    00000005     UNINITIALIZED
                  20001930    00000001     (.common:CEState)
                  20001931    00000001     (.common:addressWidth)
                  20001932    00000001     (.common:crcConfig)
                  20001933    00000001     (.common:features)
                  20001934    00000001     (.common:status)

.stack     0    20001938    00000400     UNINITIALIZED
                  20001938    00000400     tm4c123gh6pm_startup_ccs.obj (.stack)


LINKER GENERATED COPY TABLES

__TI_cinit_table @ 0000193c records: 1, size/record: 8, table size: 8
	.bss: load addr=00001930, load size=00000008 bytes, run addr=20001930, run size=00000005 bytes, compression=zero_init


LINKER GENERATED HANDLER TABLE

__TI_handler_table @ 00001938 records: 1, size/record: 4, table size: 4
	index: 0, handler: __TI_zero_init


GLOBAL SYMBOLS: SORTED ALPHABETICALLY BY Name 

address    name
--------   ----
200016b5   CPUcpsie
200012b9   CallApplication
20000d0d   CheckForceUpdate
200012d5   Delay
20001685   FPULazyStackingEnable
20001561   GPIODirModeSet
200016c1   GPIOIntEnable
200013b5   GPIOIntTypeSet
20000da9   GPIOPadConfigSet
2000140d   GPIOPinConfigure
2000170d   GPIOPinRead
2000163b   GPIOPinTypeGPIOInput
2000160d   GPIOPinTypeGPIOOutput
2000164d   GPIOPinTypeSSI
20001713   GPIOPinWrite
20001355   IntEnable
200016e5   IntMasterEnable
2000158d   IntPrioritySet
200006b3   RF24_PIPE_close
2000070f   RF24_PIPE_closeAll
200007a9   RF24_PIPE_isOpen
20000731   RF24_PIPE_open
200007e5   RF24_PIPE_setPacketSize
200008e1   RF24_RETRANS_getLastRetransmits
200008a7   RF24_RETRANS_setCount
2000086d   RF24_RETRANS_setDelay
200005f5   RF24_RX_activate
20000699   RF24_RX_carrierDetection
200005df   RF24_RX_flush
2000058d   RF24_RX_getPayloadData
20000569   RF24_RX_getPayloadWidth
20000617   RF24_RX_isEmpty
20000639   RF24_RX_sendAckWithPayload
200004fb   RF24_RX_setAddress
20000479   RF24_TX_activate
2000044d   RF24_TX_flush
2000049b   RF24_TX_pulseTransmit
20000463   RF24_TX_reuseLastPayload
200004af   RF24_TX_sendJammingSignal
2000035d   RF24_TX_setAddress
200004d5   RF24_TX_stopJammingSignal
200003a9   RF24_TX_writePayloadAck
200003fd   RF24_TX_writePayloadNoAck
2000031f   RF24_clearIrqFlag
20000125   RF24_disableFeatures
200000eb   RF24_enableFeatures
200001d5   RF24_getCurrentState
200002eb   RF24_getIrqFlag
2000014f   RF24_getLostPackets
20000045   RF24_init
2000015d   RF24_isAlive
20001499   RF24_readRegister
20000285   RF24_scan
200001b7   RF24_setAddressWidth
200001a1   RF24_setChannel
20001625   RF24_setConfigureRegister
20000183   RF24_setSpeedAndPower
2000022f   RF24_startPowerDown
20000243   RF24_startStandby
200014cd   RF24_writeRegister
2000129d   ResetISR
20001535   SPI_sendAndGetData
20001455   SSIConfigSetExpClk
200016cd   SSIDataGet
2000165f   SSIDataGetNonBlocking
200016ef   SSIDataPut
200016f9   SSIDisable
20001703   SSIEnable
20000ed9   SysCtlClockGet
20000ff1   SysCtlClockSet
20001719   SysCtlDelay
20001501   SysCtlPeripheralEnable
20000a33   Updater
20000000   Vectors
20001d38   __STACK_END
00000400   __STACK_SIZE
20001d38   __STACK_TOP
0000193c   __TI_CINIT_Base
00001944   __TI_CINIT_Limit
00001938   __TI_Handler_Table_Base
0000193c   __TI_Handler_Table_Limit
00001930   __TI_static_base__
20001671   __TI_zero_init
200012dd   __aeabi_memclr
200012dd   __aeabi_memclr4
200012dd   __aeabi_memclr8
200012df   __aeabi_memset
200012df   __aeabi_memset4
200012df   __aeabi_memset8
ffffffff   __binit__
ffffffff   __c_args__
20001938   __stack
200012db   _c_int00
ffffffff   binit
20001d38   bss_end
20001930   bss_run
00000408   bss_size
200015d5   clearRfCE
20001695   clearRfCSN
200009f1   convertByteToUINT32
200016d9   getCEState
200015b1   initLED
200011bd   initRfModule
200010e1   initSpiForRF
00000000   init_load
20000000   init_run
0000192e   init_size
200012e5   memset
200008f9   readDataRF
2000154f   rfDelayLoop
200015f1   setRfCE
200016a5   setRfCSN


GLOBAL SYMBOLS: SORTED BY Symbol Address 

address    name
--------   ----
00000000   init_load
00000400   __STACK_SIZE
00000408   bss_size
0000192e   init_size
00001930   __TI_static_base__
00001938   __TI_Handler_Table_Base
0000193c   __TI_CINIT_Base
0000193c   __TI_Handler_Table_Limit
00001944   __TI_CINIT_Limit
20000000   Vectors
20000000   init_run
20000045   RF24_init
200000eb   RF24_enableFeatures
20000125   RF24_disableFeatures
2000014f   RF24_getLostPackets
2000015d   RF24_isAlive
20000183   RF24_setSpeedAndPower
200001a1   RF24_setChannel
200001b7   RF24_setAddressWidth
200001d5   RF24_getCurrentState
2000022f   RF24_startPowerDown
20000243   RF24_startStandby
20000285   RF24_scan
200002eb   RF24_getIrqFlag
2000031f   RF24_clearIrqFlag
2000035d   RF24_TX_setAddress
200003a9   RF24_TX_writePayloadAck
200003fd   RF24_TX_writePayloadNoAck
2000044d   RF24_TX_flush
20000463   RF24_TX_reuseLastPayload
20000479   RF24_TX_activate
2000049b   RF24_TX_pulseTransmit
200004af   RF24_TX_sendJammingSignal
200004d5   RF24_TX_stopJammingSignal
200004fb   RF24_RX_setAddress
20000569   RF24_RX_getPayloadWidth
2000058d   RF24_RX_getPayloadData
200005df   RF24_RX_flush
200005f5   RF24_RX_activate
20000617   RF24_RX_isEmpty
20000639   RF24_RX_sendAckWithPayload
20000699   RF24_RX_carrierDetection
200006b3   RF24_PIPE_close
2000070f   RF24_PIPE_closeAll
20000731   RF24_PIPE_open
200007a9   RF24_PIPE_isOpen
200007e5   RF24_PIPE_setPacketSize
2000086d   RF24_RETRANS_setDelay
200008a7   RF24_RETRANS_setCount
200008e1   RF24_RETRANS_getLastRetransmits
200008f9   readDataRF
200009f1   convertByteToUINT32
20000a33   Updater
20000d0d   CheckForceUpdate
20000da9   GPIOPadConfigSet
20000ed9   SysCtlClockGet
20000ff1   SysCtlClockSet
200010e1   initSpiForRF
200011bd   initRfModule
2000129d   ResetISR
200012b9   CallApplication
200012d5   Delay
200012db   _c_int00
200012dd   __aeabi_memclr
200012dd   __aeabi_memclr4
200012dd   __aeabi_memclr8
200012df   __aeabi_memset
200012df   __aeabi_memset4
200012df   __aeabi_memset8
200012e5   memset
20001355   IntEnable
200013b5   GPIOIntTypeSet
2000140d   GPIOPinConfigure
20001455   SSIConfigSetExpClk
20001499   RF24_readRegister
200014cd   RF24_writeRegister
20001501   SysCtlPeripheralEnable
20001535   SPI_sendAndGetData
2000154f   rfDelayLoop
20001561   GPIODirModeSet
2000158d   IntPrioritySet
200015b1   initLED
200015d5   clearRfCE
200015f1   setRfCE
2000160d   GPIOPinTypeGPIOOutput
20001625   RF24_setConfigureRegister
2000163b   GPIOPinTypeGPIOInput
2000164d   GPIOPinTypeSSI
2000165f   SSIDataGetNonBlocking
20001671   __TI_zero_init
20001685   FPULazyStackingEnable
20001695   clearRfCSN
200016a5   setRfCSN
200016b5   CPUcpsie
200016c1   GPIOIntEnable
200016cd   SSIDataGet
200016d9   getCEState
200016e5   IntMasterEnable
200016ef   SSIDataPut
200016f9   SSIDisable
20001703   SSIEnable
2000170d   GPIOPinRead
20001713   GPIOPinWrite
20001719   SysCtlDelay
20001930   bss_run
20001938   __stack
20001d38   __STACK_END
20001d38   __STACK_TOP
20001d38   bss_end
ffffffff   __binit__
ffffffff   __c_args__
ffffffff   binit

[112 symbols]
