******************************************************************************
                  TI ARM Linker PC v5.1.5                      
******************************************************************************
>> Linked Tue Jul 08 00:06:32 2014

OUTPUT FILE NAME:   <bootLoaderRFV2.out>
ENTRY POINT SYMBOL: "_c_int00"  address: 20001277


MEMORY CONFIGURATION

         name            origin    length      used     unused   attr    fill
----------------------  --------  ---------  --------  --------  ----  --------
  FLASH                 00000000   00040000  0000186f  0003e791  R  X
  SRAM                  20000000   00008000  00001c63  0000639d  RW X


SEGMENT ALLOCATION MAP

run origin  load origin   length   init length attrs members
----------  ----------- ---------- ----------- ----- -------
00001860    00001860    00000014   00000014    r--
  00001860    00001860    00000014   00000014    r-- .cinit
20000000    00000000    0000185b   0000185b    r-x
  20000000    00000000    00000044   00000044    r-- .intvecs
  20000044    00000044    0000160c   0000160c    r-x .text
  20001650    00001650    0000020b   0000020b    r-- .const
20001860    20001860    00000408   00000000    rw-
  20001860    20001860    00000005   00000000    rw- .bss
  20001868    20001868    00000400   00000000    rw- .stack


SECTION ALLOCATION MAP

 output                                  attributes/
section   page    origin      length       input sections
--------  ----  ----------  ----------   ----------------
.intvecs   0    00000000    00000044     RUN ADDR = 20000000
                  00000000    00000044     tm4c123gh6pm_startup_ccs.obj (.intvecs)

.text      0    00000044    0000160c     RUN ADDR = 20000044
                  00000044    000008b8     nRF24L01.obj (.text)
                  000008fc    00000458     main.obj (.text)
                  00000d54    00000130     driverlib.lib : gpio.obj (.text:GPIOPadConfigSet)
                  00000e84    00000118                   : sysctl.obj (.text:SysCtlClockGet)
                  00000f9c    000000f0                   : sysctl.obj (.text:SysCtlClockSet)
                  0000108c    000000dc     TM4C123_nRF24L01.obj (.text:initSpiForRF)
                  00001168    0000008c     main.obj (.text:initRfModule)
                  000011f4    00000084     tm4c123gh6pm_startup_ccs.obj (.text)
                  00001278    00000068     driverlib.lib : interrupt.obj (.text:IntEnable)
                  000012e0    00000056                   : gpio.obj (.text:GPIOIntTypeSet)
                  00001336    00000002     --HOLE-- [fill = 0]
                  00001338    00000048                   : gpio.obj (.text:GPIOPinConfigure)
                  00001380    00000042                   : ssi.obj (.text:SSIConfigSetExpClk)
                  000013c2    00000002     --HOLE-- [fill = 0]
                  000013c4    00000034     nRF24L01.obj (.text:RF24_readRegister)
                  000013f8    00000034     nRF24L01.obj (.text:RF24_writeRegister)
                  0000142c    00000034     driverlib.lib : sysctl.obj (.text:SysCtlPeripheralEnable)
                  00001460    0000002c     TM4C123_nRF24L01.obj (.text)
                  0000148c    0000002a     driverlib.lib : gpio.obj (.text:GPIODirModeSet)
                  000014b6    00000002     --HOLE-- [fill = 0]
                  000014b8    00000024                   : interrupt.obj (.text:IntPrioritySet)
                  000014dc    00000024     main.obj (.text:initLED)
                  00001500    0000001c     TM4C123_nRF24L01.obj (.text:clearRfCE)
                  0000151c    0000001c     TM4C123_nRF24L01.obj (.text:setRfCE)
                  00001538    00000018     driverlib.lib : gpio.obj (.text:GPIOPinTypeGPIOOutput)
                  00001550    00000016     nRF24L01.obj (.text:RF24_setConfigureRegister)
                  00001566    00000012     driverlib.lib : gpio.obj (.text:GPIOPinTypeGPIOInput)
                  00001578    00000012                   : gpio.obj (.text:GPIOPinTypeSSI)
                  0000158a    00000012                   : ssi.obj (.text:SSIDataGetNonBlocking)
                  0000159c    00000012     rtsv7M4_T_le_v4SPD16_eabi.lib : copy_zero_init.obj (.text:decompress:ZI)
                  000015ae    00000002     --HOLE-- [fill = 0]
                  000015b0    00000010     driverlib.lib : fpu.obj (.text:FPULazyStackingEnable)
                  000015c0    00000010                   : interrupt.obj (.text:IntMasterEnable)
                  000015d0    00000010     TM4C123_nRF24L01.obj (.text:clearRfCSN)
                  000015e0    00000010     TM4C123_nRF24L01.obj (.text:setRfCSN)
                  000015f0    0000000c     driverlib.lib : cpu.obj (.text:CPUcpsie)
                  000015fc    0000000c                   : gpio.obj (.text:GPIOIntEnable)
                  00001608    0000000c                   : ssi.obj (.text:SSIDataGet)
                  00001614    0000000c     TM4C123_nRF24L01.obj (.text:getCEState)
                  00001620    0000000a     driverlib.lib : ssi.obj (.text:SSIDataPut)
                  0000162a    0000000a                   : ssi.obj (.text:SSIDisable)
                  00001634    0000000a                   : ssi.obj (.text:SSIEnable)
                  0000163e    00000006                   : gpio.obj (.text:GPIOPinRead)
                  00001644    00000006                   : gpio.obj (.text:GPIOPinWrite)
                  0000164a    00000006                   : sysctl.obj (.text:SysCtlDelay)

.const     0    00001650    0000020b     RUN ADDR = 20001650
                  00001650    0000009c     driverlib.lib : interrupt.obj (.const:g_pui32Regs)
                  000016ec    00000090                   : gpio.obj (.const:g_pui32GPIOBaseAddrs)
                  0000177c    00000070                   : interrupt.obj (.const)
                  000017ec    0000006c                   : sysctl.obj (.const:g_pui32Xtals)
                  00001858    00000003     main.obj (.const:.string)

.data      0    0000185b    00000000     UNINITIALIZEDRUN ADDR = 2000185b

.cinit     0    00001860    00000014     
                  00001860    00000008     (.cinit..bss.load) [load image, compression = zero_init]
                  00001868    00000004     (__TI_handler_table)
                  0000186c    00000008     (__TI_cinit_table)

.bss       0    20001860    00000005     UNINITIALIZED
                  20001860    00000001     (.common:CEState)
                  20001861    00000001     (.common:addressWidth)
                  20001862    00000001     (.common:crcConfig)
                  20001863    00000001     (.common:features)
                  20001864    00000001     (.common:status)

.stack     0    20001868    00000400     UNINITIALIZED
                  20001868    00000400     tm4c123gh6pm_startup_ccs.obj (.stack)


LINKER GENERATED COPY TABLES

__TI_cinit_table @ 0000186c records: 1, size/record: 8, table size: 8
	.bss: load addr=00001860, load size=00000008 bytes, run addr=20001860, run size=00000005 bytes, compression=zero_init


LINKER GENERATED HANDLER TABLE

__TI_handler_table @ 00001868 records: 1, size/record: 4, table size: 4
	index: 0, handler: __TI_zero_init


GLOBAL SYMBOLS: SORTED ALPHABETICALLY BY Name 

address    name
--------   ----
200015f1   CPUcpsie
20001255   CallApplication
20000cb7   CheckForceUpdate
20001271   Delay
200015b1   FPULazyStackingEnable
2000148d   GPIODirModeSet
200015fd   GPIOIntEnable
200012e1   GPIOIntTypeSet
20000d55   GPIOPadConfigSet
20001339   GPIOPinConfigure
2000163f   GPIOPinRead
20001567   GPIOPinTypeGPIOInput
20001539   GPIOPinTypeGPIOOutput
20001579   GPIOPinTypeSSI
20001645   GPIOPinWrite
20001279   IntEnable
200015c1   IntMasterEnable
200014b9   IntPrioritySet
200006b7   RF24_PIPE_close
20000713   RF24_PIPE_closeAll
200007ad   RF24_PIPE_isOpen
20000735   RF24_PIPE_open
200007e9   RF24_PIPE_setPacketSize
200008e5   RF24_RETRANS_getLastRetransmits
200008ab   RF24_RETRANS_setCount
20000871   RF24_RETRANS_setDelay
200005f9   RF24_RX_activate
2000069d   RF24_RX_carrierDetection
200005e3   RF24_RX_flush
20000591   RF24_RX_getPayloadData
2000056d   RF24_RX_getPayloadWidth
2000061b   RF24_RX_isEmpty
2000063d   RF24_RX_sendAckWithPayload
200004ff   RF24_RX_setAddress
2000047d   RF24_TX_activate
20000451   RF24_TX_flush
2000049f   RF24_TX_pulseTransmit
20000467   RF24_TX_reuseLastPayload
200004b3   RF24_TX_sendJammingSignal
2000035d   RF24_TX_setAddress
200004d9   RF24_TX_stopJammingSignal
200003a9   RF24_TX_writePayloadAck
200003fd   RF24_TX_writePayloadNoAck
2000031f   RF24_clearIrqFlag
20000125   RF24_disableFeatures
200000eb   RF24_enableFeatures
200001d5   RF24_getCurrentState
200002eb   RF24_getIrqFlag
2000014f   RF24_getLostPackets
20000045   RF24_init
2000015d   RF24_isAlive
200013c5   RF24_readRegister
20000285   RF24_scan
200001b7   RF24_setAddressWidth
200001a1   RF24_setChannel
20001551   RF24_setConfigureRegister
20000183   RF24_setSpeedAndPower
2000022f   RF24_startPowerDown
20000243   RF24_startStandby
200013f9   RF24_writeRegister
20001239   ResetISR
20001461   SPI_sendAndGetData
20001381   SSIConfigSetExpClk
20001609   SSIDataGet
2000158b   SSIDataGetNonBlocking
20001621   SSIDataPut
2000162b   SSIDisable
20001635   SSIEnable
20000e85   SysCtlClockGet
20000f9d   SysCtlClockSet
2000164b   SysCtlDelay
2000142d   SysCtlPeripheralEnable
20000a37   Updater
20000000   Vectors
20001c68   __STACK_END
00000400   __STACK_SIZE
20001c68   __STACK_TOP
0000186c   __TI_CINIT_Base
00001874   __TI_CINIT_Limit
00001868   __TI_Handler_Table_Base
0000186c   __TI_Handler_Table_Limit
00001860   __TI_static_base__
2000159d   __TI_zero_init
ffffffff   __binit__
ffffffff   __c_args__
20001868   __stack
20001277   _c_int00
ffffffff   binit
20001c68   bss_end
20001860   bss_run
00000408   bss_size
20001501   clearRfCE
200015d1   clearRfCSN
200009f5   convertByteToUINT32
20001615   getCEState
200014dd   initLED
20001169   initRfModule
2000108d   initSpiForRF
00000000   init_load
20000000   init_run
0000185b   init_size
200008fd   readDataRF
2000147b   rfDelayLoop
2000151d   setRfCE
200015e1   setRfCSN


GLOBAL SYMBOLS: SORTED BY Symbol Address 

address    name
--------   ----
00000000   init_load
00000400   __STACK_SIZE
00000408   bss_size
0000185b   init_size
00001860   __TI_static_base__
00001868   __TI_Handler_Table_Base
0000186c   __TI_CINIT_Base
0000186c   __TI_Handler_Table_Limit
00001874   __TI_CINIT_Limit
20000000   Vectors
20000000   init_run
20000045   RF24_init
200000eb   RF24_enableFeatures
20000125   RF24_disableFeatures
2000014f   RF24_getLostPackets
2000015d   RF24_isAlive
20000183   RF24_setSpeedAndPower
200001a1   RF24_setChannel
200001b7   RF24_setAddressWidth
200001d5   RF24_getCurrentState
2000022f   RF24_startPowerDown
20000243   RF24_startStandby
20000285   RF24_scan
200002eb   RF24_getIrqFlag
2000031f   RF24_clearIrqFlag
2000035d   RF24_TX_setAddress
200003a9   RF24_TX_writePayloadAck
200003fd   RF24_TX_writePayloadNoAck
20000451   RF24_TX_flush
20000467   RF24_TX_reuseLastPayload
2000047d   RF24_TX_activate
2000049f   RF24_TX_pulseTransmit
200004b3   RF24_TX_sendJammingSignal
200004d9   RF24_TX_stopJammingSignal
200004ff   RF24_RX_setAddress
2000056d   RF24_RX_getPayloadWidth
20000591   RF24_RX_getPayloadData
200005e3   RF24_RX_flush
200005f9   RF24_RX_activate
2000061b   RF24_RX_isEmpty
2000063d   RF24_RX_sendAckWithPayload
2000069d   RF24_RX_carrierDetection
200006b7   RF24_PIPE_close
20000713   RF24_PIPE_closeAll
20000735   RF24_PIPE_open
200007ad   RF24_PIPE_isOpen
200007e9   RF24_PIPE_setPacketSize
20000871   RF24_RETRANS_setDelay
200008ab   RF24_RETRANS_setCount
200008e5   RF24_RETRANS_getLastRetransmits
200008fd   readDataRF
200009f5   convertByteToUINT32
20000a37   Updater
20000cb7   CheckForceUpdate
20000d55   GPIOPadConfigSet
20000e85   SysCtlClockGet
20000f9d   SysCtlClockSet
2000108d   initSpiForRF
20001169   initRfModule
20001239   ResetISR
20001255   CallApplication
20001271   Delay
20001277   _c_int00
20001279   IntEnable
200012e1   GPIOIntTypeSet
20001339   GPIOPinConfigure
20001381   SSIConfigSetExpClk
200013c5   RF24_readRegister
200013f9   RF24_writeRegister
2000142d   SysCtlPeripheralEnable
20001461   SPI_sendAndGetData
2000147b   rfDelayLoop
2000148d   GPIODirModeSet
200014b9   IntPrioritySet
200014dd   initLED
20001501   clearRfCE
2000151d   setRfCE
20001539   GPIOPinTypeGPIOOutput
20001551   RF24_setConfigureRegister
20001567   GPIOPinTypeGPIOInput
20001579   GPIOPinTypeSSI
2000158b   SSIDataGetNonBlocking
2000159d   __TI_zero_init
200015b1   FPULazyStackingEnable
200015c1   IntMasterEnable
200015d1   clearRfCSN
200015e1   setRfCSN
200015f1   CPUcpsie
200015fd   GPIOIntEnable
20001609   SSIDataGet
20001615   getCEState
20001621   SSIDataPut
2000162b   SSIDisable
20001635   SSIEnable
2000163f   GPIOPinRead
20001645   GPIOPinWrite
2000164b   SysCtlDelay
20001860   bss_run
20001868   __stack
20001c68   __STACK_END
20001c68   __STACK_TOP
20001c68   bss_end
ffffffff   __binit__
ffffffff   __c_args__
ffffffff   binit

[105 symbols]
