******************************************************************************
                  TI ARM Linker PC v5.1.5                      
******************************************************************************
>> Linked Wed Jul 09 17:31:27 2014

OUTPUT FILE NAME:   <bootLoaderRFV2.out>
ENTRY POINT SYMBOL: "_c_int00"  address: 200012ab


MEMORY CONFIGURATION

         name            origin    length      used     unused   attr    fill
----------------------  --------  ---------  --------  --------  ----  --------
  FLASH                 00000000   00040000  000018a6  0003e75a  R  X
  SRAM                  20000000   00008000  00001c9a  00006366  RW X


SEGMENT ALLOCATION MAP

run origin  load origin   length   init length attrs members
----------  ----------- ---------- ----------- ----- -------
00001898    00001898    00000014   00000014    r--
  00001898    00001898    00000014   00000014    r-- .cinit
20000000    00000000    00001892   00001892    r-x
  20000000    00000000    00000044   00000044    r-- .intvecs
  20000044    00000044    00001640   00001640    r-x .text
  20001684    00001684    0000020e   0000020e    r-- .const
20001898    20001898    00000408   00000000    rw-
  20001898    20001898    00000005   00000000    rw- .bss
  200018a0    200018a0    00000400   00000000    rw- .stack


SECTION ALLOCATION MAP

 output                                  attributes/
section   page    origin      length       input sections
--------  ----  ----------  ----------   ----------------
.intvecs   0    00000000    00000044     RUN ADDR = 20000000
                  00000000    00000044     tm4c123gh6pm_startup_ccs.obj (.intvecs)

.text      0    00000044    00001640     RUN ADDR = 20000044
                  00000044    000008b8     nRF24L01.obj (.text)
                  000008fc    0000047c     main.obj (.text)
                  00000d78    00000130     driverlib.lib : gpio.obj (.text:GPIOPadConfigSet)
                  00000ea8    00000118                   : sysctl.obj (.text:SysCtlClockGet)
                  00000fc0    000000f0                   : sysctl.obj (.text:SysCtlClockSet)
                  000010b0    000000dc     TM4C123_nRF24L01.obj (.text:initSpiForRF)
                  0000118c    0000009c     main.obj (.text:initRfModule)
                  00001228    00000084     tm4c123gh6pm_startup_ccs.obj (.text)
                  000012ac    00000068     driverlib.lib : interrupt.obj (.text:IntEnable)
                  00001314    00000056                   : gpio.obj (.text:GPIOIntTypeSet)
                  0000136a    00000002     --HOLE-- [fill = 0]
                  0000136c    00000048                   : gpio.obj (.text:GPIOPinConfigure)
                  000013b4    00000042                   : ssi.obj (.text:SSIConfigSetExpClk)
                  000013f6    00000002     --HOLE-- [fill = 0]
                  000013f8    00000034     nRF24L01.obj (.text:RF24_readRegister)
                  0000142c    00000034     nRF24L01.obj (.text:RF24_writeRegister)
                  00001460    00000034     driverlib.lib : sysctl.obj (.text:SysCtlPeripheralEnable)
                  00001494    0000002c     TM4C123_nRF24L01.obj (.text)
                  000014c0    0000002a     driverlib.lib : gpio.obj (.text:GPIODirModeSet)
                  000014ea    00000002     --HOLE-- [fill = 0]
                  000014ec    00000024                   : interrupt.obj (.text:IntPrioritySet)
                  00001510    00000024     main.obj (.text:initLED)
                  00001534    0000001c     TM4C123_nRF24L01.obj (.text:clearRfCE)
                  00001550    0000001c     TM4C123_nRF24L01.obj (.text:setRfCE)
                  0000156c    00000018     driverlib.lib : gpio.obj (.text:GPIOPinTypeGPIOOutput)
                  00001584    00000016     nRF24L01.obj (.text:RF24_setConfigureRegister)
                  0000159a    00000012     driverlib.lib : gpio.obj (.text:GPIOPinTypeGPIOInput)
                  000015ac    00000012                   : gpio.obj (.text:GPIOPinTypeSSI)
                  000015be    00000012                   : ssi.obj (.text:SSIDataGetNonBlocking)
                  000015d0    00000012     rtsv7M4_T_le_v4SPD16_eabi.lib : copy_zero_init.obj (.text:decompress:ZI)
                  000015e2    00000002     --HOLE-- [fill = 0]
                  000015e4    00000010     driverlib.lib : fpu.obj (.text:FPULazyStackingEnable)
                  000015f4    00000010                   : interrupt.obj (.text:IntMasterEnable)
                  00001604    00000010     TM4C123_nRF24L01.obj (.text:clearRfCSN)
                  00001614    00000010     TM4C123_nRF24L01.obj (.text:setRfCSN)
                  00001624    0000000c     driverlib.lib : cpu.obj (.text:CPUcpsie)
                  00001630    0000000c                   : gpio.obj (.text:GPIOIntEnable)
                  0000163c    0000000c                   : ssi.obj (.text:SSIDataGet)
                  00001648    0000000c     TM4C123_nRF24L01.obj (.text:getCEState)
                  00001654    0000000a     driverlib.lib : ssi.obj (.text:SSIDataPut)
                  0000165e    0000000a                   : ssi.obj (.text:SSIDisable)
                  00001668    0000000a                   : ssi.obj (.text:SSIEnable)
                  00001672    00000006                   : gpio.obj (.text:GPIOPinRead)
                  00001678    00000006                   : gpio.obj (.text:GPIOPinWrite)
                  0000167e    00000006                   : sysctl.obj (.text:SysCtlDelay)

.const     0    00001684    0000020e     RUN ADDR = 20001684
                  00001684    0000009c     driverlib.lib : interrupt.obj (.const:g_pui32Regs)
                  00001720    00000090                   : gpio.obj (.const:g_pui32GPIOBaseAddrs)
                  000017b0    00000070                   : interrupt.obj (.const)
                  00001820    0000006c                   : sysctl.obj (.const:g_pui32Xtals)
                  0000188c    00000006     main.obj (.const:.string)

.data      0    00001892    00000000     UNINITIALIZEDRUN ADDR = 20001892

.cinit     0    00001898    00000014     
                  00001898    00000008     (.cinit..bss.load) [load image, compression = zero_init]
                  000018a0    00000004     (__TI_handler_table)
                  000018a4    00000008     (__TI_cinit_table)

.bss       0    20001898    00000005     UNINITIALIZED
                  20001898    00000001     (.common:CEState)
                  20001899    00000001     (.common:addressWidth)
                  2000189a    00000001     (.common:crcConfig)
                  2000189b    00000001     (.common:features)
                  2000189c    00000001     (.common:status)

.stack     0    200018a0    00000400     UNINITIALIZED
                  200018a0    00000400     tm4c123gh6pm_startup_ccs.obj (.stack)


LINKER GENERATED COPY TABLES

__TI_cinit_table @ 000018a4 records: 1, size/record: 8, table size: 8
	.bss: load addr=00001898, load size=00000008 bytes, run addr=20001898, run size=00000005 bytes, compression=zero_init


LINKER GENERATED HANDLER TABLE

__TI_handler_table @ 000018a0 records: 1, size/record: 4, table size: 4
	index: 0, handler: __TI_zero_init


GLOBAL SYMBOLS: SORTED ALPHABETICALLY BY Name 

address    name
--------   ----
20001625   CPUcpsie
20001289   CallApplication
20000cd9   CheckForceUpdate
200012a5   Delay
200015e5   FPULazyStackingEnable
200014c1   GPIODirModeSet
20001631   GPIOIntEnable
20001315   GPIOIntTypeSet
20000d79   GPIOPadConfigSet
2000136d   GPIOPinConfigure
20001673   GPIOPinRead
2000159b   GPIOPinTypeGPIOInput
2000156d   GPIOPinTypeGPIOOutput
200015ad   GPIOPinTypeSSI
20001679   GPIOPinWrite
200012ad   IntEnable
200015f5   IntMasterEnable
200014ed   IntPrioritySet
200006b7   RF24_PIPE_close
20000713   RF24_PIPE_closeAll
200007ad   RF24_PIPE_isOpen
20000735   RF24_PIPE_open
200007e9   RF24_PIPE_setPacketSize
200008e5   RF24_RETRANS_getLastRetransmits
200008ab   RF24_RETRANS_setCount
20000871   RF24_RETRANS_setDelay
200005f9   RF24_RX_activate
2000069d   RF24_RX_carrierDetection
200005e3   RF24_RX_flush
20000591   RF24_RX_getPayloadData
2000056d   RF24_RX_getPayloadWidth
2000061b   RF24_RX_isEmpty
2000063d   RF24_RX_sendAckWithPayload
200004ff   RF24_RX_setAddress
2000047d   RF24_TX_activate
20000451   RF24_TX_flush
2000049f   RF24_TX_pulseTransmit
20000467   RF24_TX_reuseLastPayload
200004b3   RF24_TX_sendJammingSignal
2000035d   RF24_TX_setAddress
200004d9   RF24_TX_stopJammingSignal
200003a9   RF24_TX_writePayloadAck
200003fd   RF24_TX_writePayloadNoAck
2000031f   RF24_clearIrqFlag
20000125   RF24_disableFeatures
200000eb   RF24_enableFeatures
200001d5   RF24_getCurrentState
200002eb   RF24_getIrqFlag
2000014f   RF24_getLostPackets
20000045   RF24_init
2000015d   RF24_isAlive
200013f9   RF24_readRegister
20000285   RF24_scan
200001b7   RF24_setAddressWidth
200001a1   RF24_setChannel
20001585   RF24_setConfigureRegister
20000183   RF24_setSpeedAndPower
2000022f   RF24_startPowerDown
20000243   RF24_startStandby
2000142d   RF24_writeRegister
2000126d   ResetISR
20001495   SPI_sendAndGetData
200013b5   SSIConfigSetExpClk
2000163d   SSIDataGet
200015bf   SSIDataGetNonBlocking
20001655   SSIDataPut
2000165f   SSIDisable
20001669   SSIEnable
20000ea9   SysCtlClockGet
20000fc1   SysCtlClockSet
2000167f   SysCtlDelay
20001461   SysCtlPeripheralEnable
20000a37   Updater
20000000   Vectors
20001ca0   __STACK_END
00000400   __STACK_SIZE
20001ca0   __STACK_TOP
000018a4   __TI_CINIT_Base
000018ac   __TI_CINIT_Limit
000018a0   __TI_Handler_Table_Base
000018a4   __TI_Handler_Table_Limit
00001898   __TI_static_base__
200015d1   __TI_zero_init
ffffffff   __binit__
ffffffff   __c_args__
200018a0   __stack
200012ab   _c_int00
ffffffff   binit
20001ca0   bss_end
20001898   bss_run
00000408   bss_size
20001535   clearRfCE
20001605   clearRfCSN
200009f5   convertByteToUINT32
20001649   getCEState
20001511   initLED
2000118d   initRfModule
200010b1   initSpiForRF
00000000   init_load
20000000   init_run
00001892   init_size
200008fd   readDataRF
200014af   rfDelayLoop
20001551   setRfCE
20001615   setRfCSN


GLOBAL SYMBOLS: SORTED BY Symbol Address 

address    name
--------   ----
00000000   init_load
00000400   __STACK_SIZE
00000408   bss_size
00001892   init_size
00001898   __TI_static_base__
000018a0   __TI_Handler_Table_Base
000018a4   __TI_CINIT_Base
000018a4   __TI_Handler_Table_Limit
000018ac   __TI_CINIT_Limit
20000000   Vectors
20000000   init_run
20000045   RF24_init
200000eb   RF24_enableFeatures
20000125   RF24_disableFeatures
2000014f   RF24_getLostPackets
2000015d   RF24_isAlive
20000183   RF24_setSpeedAndPower
200001a1   RF24_setChannel
200001b7   RF24_setAddressWidth
200001d5   RF24_getCurrentState
2000022f   RF24_startPowerDown
20000243   RF24_startStandby
20000285   RF24_scan
200002eb   RF24_getIrqFlag
2000031f   RF24_clearIrqFlag
2000035d   RF24_TX_setAddress
200003a9   RF24_TX_writePayloadAck
200003fd   RF24_TX_writePayloadNoAck
20000451   RF24_TX_flush
20000467   RF24_TX_reuseLastPayload
2000047d   RF24_TX_activate
2000049f   RF24_TX_pulseTransmit
200004b3   RF24_TX_sendJammingSignal
200004d9   RF24_TX_stopJammingSignal
200004ff   RF24_RX_setAddress
2000056d   RF24_RX_getPayloadWidth
20000591   RF24_RX_getPayloadData
200005e3   RF24_RX_flush
200005f9   RF24_RX_activate
2000061b   RF24_RX_isEmpty
2000063d   RF24_RX_sendAckWithPayload
2000069d   RF24_RX_carrierDetection
200006b7   RF24_PIPE_close
20000713   RF24_PIPE_closeAll
20000735   RF24_PIPE_open
200007ad   RF24_PIPE_isOpen
200007e9   RF24_PIPE_setPacketSize
20000871   RF24_RETRANS_setDelay
200008ab   RF24_RETRANS_setCount
200008e5   RF24_RETRANS_getLastRetransmits
200008fd   readDataRF
200009f5   convertByteToUINT32
20000a37   Updater
20000cd9   CheckForceUpdate
20000d79   GPIOPadConfigSet
20000ea9   SysCtlClockGet
20000fc1   SysCtlClockSet
200010b1   initSpiForRF
2000118d   initRfModule
2000126d   ResetISR
20001289   CallApplication
200012a5   Delay
200012ab   _c_int00
200012ad   IntEnable
20001315   GPIOIntTypeSet
2000136d   GPIOPinConfigure
200013b5   SSIConfigSetExpClk
200013f9   RF24_readRegister
2000142d   RF24_writeRegister
20001461   SysCtlPeripheralEnable
20001495   SPI_sendAndGetData
200014af   rfDelayLoop
200014c1   GPIODirModeSet
200014ed   IntPrioritySet
20001511   initLED
20001535   clearRfCE
20001551   setRfCE
2000156d   GPIOPinTypeGPIOOutput
20001585   RF24_setConfigureRegister
2000159b   GPIOPinTypeGPIOInput
200015ad   GPIOPinTypeSSI
200015bf   SSIDataGetNonBlocking
200015d1   __TI_zero_init
200015e5   FPULazyStackingEnable
200015f5   IntMasterEnable
20001605   clearRfCSN
20001615   setRfCSN
20001625   CPUcpsie
20001631   GPIOIntEnable
2000163d   SSIDataGet
20001649   getCEState
20001655   SSIDataPut
2000165f   SSIDisable
20001669   SSIEnable
20001673   GPIOPinRead
20001679   GPIOPinWrite
2000167f   SysCtlDelay
20001898   bss_run
200018a0   __stack
20001ca0   __STACK_END
20001ca0   __STACK_TOP
20001ca0   bss_end
ffffffff   __binit__
ffffffff   __c_args__
ffffffff   binit

[105 symbols]
