******************************************************************************
                  TI ARM Linker PC v5.1.6                      
******************************************************************************
>> Linked Sat Jan 17 19:21:32 2015

OUTPUT FILE NAME:   <BootloaderRFV4.out>
ENTRY POINT SYMBOL: "_c_int00"  address: 20000f27


MEMORY CONFIGURATION

         name            origin    length      used     unused   attr    fill
----------------------  --------  ---------  --------  --------  ----  --------
  FLASH                 00000000   00010000  00001552  0000eaae  R  X
  SRAM                  20000000   00010000  000016de  0000e922  RW X


SEGMENT ALLOCATION MAP

run origin  load origin   length   init length attrs members
----------  ----------- ---------- ----------- ----- -------
000012a8    000012a8    00000040   00000040    r--
  000012a8    000012a8    00000040   00000040    r-- .cinit
00001400    00001400    0000026c   00000000    rw-
  00001400    00001400    0000026c   00000000    rw- .vtable
20000000    00000000    000012a5   000012a5    r-x
  20000000    00000000    00000044   00000044    r-- .intvecs
  20000044    00000044    000011e6   000011e6    r-x .text
  2000122c    0000122c    00000079   00000079    r-- .const
200012a5    000012a5    00000001   00000000    rw-
  200012a5    000012a5    00000001   00000000    rw- .data
200012a8    200012a8    00000438   00000000    rw-
  200012a8    200012a8    00000032   00000000    rw- .bss
  200012e0    200012e0    00000400   00000000    rw- .stack


SECTION ALLOCATION MAP

 output                                  attributes/
section   page    origin      length       input sections
--------  ----  ----------  ----------   ----------------
.intvecs   0    00000000    00000044     RUN ADDR = 20000000
                  00000000    00000044     bl_startup_ccs.obj (.intvecs)

.text      0    00000044    000011e6     RUN ADDR = 20000044
                  00000044    00000544     cc2500.obj (.text)
                  00000588    00000520     bl_main.obj (.text)
                  00000aa8    000002c8     TM4C123_CC2500.obj (.text)
                  00000d70    00000118     driverlib.lib : sysctl.obj (.text:SysCtlClockGet)
                  00000e88    000000a0     bl_startup_ccs.obj (.text)
                  00000f28    0000009c     rtsv7M4_T_le_v4SPD16_eabi.lib : memcpy_t2.obj (.text)
                  00000fc4    00000078                                   : memset_t2.obj (.text)
                  0000103c    0000005e                                   : copy_decompress_rle.obj (.text)
                  0000109a    00000002     --HOLE-- [fill = 0]
                  0000109c    0000005c     driverlib.lib : timer.obj (.text:TimerConfigure)
                  000010f8    00000034                   : interrupt.obj (.text:IntRegister)
                  0000112c    00000034                   : sysctl.obj (.text:SysCtlPeripheralEnable)
                  00001160    0000001c     TM4C123_CC2500.obj (.text:TI_CC_ClearCSN)
                  0000117c    0000001c     TM4C123_CC2500.obj (.text:TI_CC_SetCSN)
                  00001198    00000012     driverlib.lib : timer.obj (.text:TimerLoadSet)
                  000011aa    00000012     rtsv7M4_T_le_v4SPD16_eabi.lib : copy_zero_init.obj (.text:decompress:ZI)
                  000011bc    00000010     bl_main.obj (.text:ExitBootloader)
                  000011cc    0000000e     driverlib.lib : gpio.obj (.text:GPIOIntStatus)
                  000011da    0000000e                   : timer.obj (.text:TimerEnable)
                  000011e8    0000000e     rtsv7M4_T_le_v4SPD16_eabi.lib : copy_decompress_none.obj (.text:decompress:none)
                  000011f6    0000000c     driverlib.lib : gpio.obj (.text:GPIOIntEnable)
                  00001202    0000000a                   : timer.obj (.text:TimerIntStatus)
                  0000120c    00000008                   : timer.obj (.text:TimerIntEnable)
                  00001214    00000006                   : gpio.obj (.text:GPIOIntClear)
                  0000121a    00000006                   : timer.obj (.text:TimerClockSourceSet)
                  00001220    00000006     rtsv7M4_T_le_v4SPD16_eabi.lib : copy_decompress_rle.obj (.text:decompress:rle24)
                  00001226    00000004     driverlib.lib : timer.obj (.text:TimerIntClear)

.const     0    0000122c    00000079     RUN ADDR = 2000122c
                  0000122c    0000006c     driverlib.lib : sysctl.obj (.const:g_pui32Xtals)
                  00001298    0000000c     cc2500.obj (.const)
                  000012a4    00000001     cc2500.obj (.const:.string)

.data      0    000012a5    00000001     UNINITIALIZEDRUN ADDR = 200012a5
                  000012a5    00000001     TM4C123_CC2500.obj (.data)

.cinit     0    000012a8    00000040     
                  000012a8    0000000c     (__TI_handler_table)
                  000012b4    00000004     --HOLE-- [fill = 0]
                  000012b8    00000008     (.cinit..bss.load) [load image, compression = zero_init]
                  000012c0    00000008     (.cinit..vtable.load) [load image, compression = zero_init]
                  000012c8    00000007     (.cinit..data.load) [load image, compression = rle]
                  000012cf    00000001     --HOLE-- [fill = 0]
                  000012d0    00000018     (__TI_cinit_table)

.vtable    0    00001400    0000026c     UNINITIALIZED
                  00001400    0000026c     driverlib.lib : interrupt.obj (.vtable)

.bss       0    200012a8    00000032     UNINITIALIZED
                  200012a8    00000028     bl_main.obj (.bss:pui8RfBuffer)
                  200012d0    00000004     (.common:g_1msCycles)
                  200012d4    00000004     (.common:g_ui32TransferSize)
                  200012d8    00000001     (.common:g_bLostPacket)
                  200012d9    00000001     (.common:ui8RxLength)

.stack     0    200012e0    00000400     UNINITIALIZED
                  200012e0    00000400     bl_startup_ccs.obj (.stack)


LINKER GENERATED COPY TABLES

__TI_cinit_table @ 000012d0 records: 3, size/record: 8, table size: 24
	.bss: load addr=000012b8, load size=00000008 bytes, run addr=200012a8, run size=00000032 bytes, compression=zero_init
	.vtable: load addr=000012c0, load size=00000008 bytes, run addr=00001400, run size=0000026c bytes, compression=zero_init
	.data: load addr=000012c8, load size=00000007 bytes, run addr=200012a5, run size=00000001 bytes, compression=rle


LINKER GENERATED HANDLER TABLE

__TI_handler_table @ 000012a8 records: 3, size/record: 4, table size: 12
	index: 0, handler: __TI_decompress_rle24
	index: 1, handler: __TI_decompress_none
	index: 2, handler: __TI_zero_init


GLOBAL SYMBOLS: SORTED ALPHABETICALLY BY Name 

address    name
--------   ----
200007e5   ConfigureDevice
20000f21   Delay
200011bd   ExitBootloader
20001215   GPIOIntClear
200011f7   GPIOIntEnable
200011cd   GPIOIntStatus
200010f9   IntRegister
20000677   MyHwInitFunc
200007f9   NACK
20000ecd   ResetISR
20000575   RfFlushRxFifo
2000056b   RfFlushTxFifo
200002c1   RfPowerupCSnSequence
20000335   RfReadBurstReg
20000305   RfReadReg
200002fb   RfReadStatus
200001b5   RfReceivePacket
200002e5   RfResetChip
20000161   RfSendPacket
2000048f   RfSetChannel
20000551   RfSetIdleMode
2000055b   RfSetRxMode
20000205   RfTryToGetRxPacket
200003b5   RfWriteBurstReg
2000038d   RfWriteReg
20000045   RfWriteSettings
20000ef3   StartApplication
20000d71   SysCtlClockGet
2000112d   SysCtlPeripheralEnable
20001161   TI_CC_ClearCSN
20000cdd   TI_CC_ClearIntFlag
20000ceb   TI_CC_ClearPending
20000b97   TI_CC_ConfigIRQPin
20000ca3   TI_CC_DisableInterrupt
20000c8d   TI_CC_EnableInterrupt
20000cb9   TI_CC_GetInterruptState
20000589   TI_CC_IRQ_handler
20000cfb   TI_CC_IsCRCOK
20000cbf   TI_CC_IsInterruptPinAsserted
20000bf7   TI_CC_SendAndGetData
2000117d   TI_CC_SetCSN
20000aa9   TI_CC_Setup
20000d1f   TI_CC_Strobe
20000c21   TI_CC_Wait
20000c45   TI_CC_WaitForCCxxxxReady
20000c5d   TI_CC_WaitForIntGoHigh
20000c75   TI_CC_WaitForIntGoLow
2000121b   TimerClockSourceSet
2000109d   TimerConfigure
200011db   TimerEnable
20001227   TimerIntClear
2000120d   TimerIntEnable
20001203   TimerIntStatus
20001199   TimerLoadSet
200008b1   Updater
20000000   Vectors
200016e0   __STACK_END
00000400   __STACK_SIZE
200016e0   __STACK_TOP
000012d0   __TI_CINIT_Base
000012e8   __TI_CINIT_Limit
000012a8   __TI_Handler_Table_Base
000012b4   __TI_Handler_Table_Limit
200011e9   __TI_decompress_none
20001221   __TI_decompress_rle24
000012a8   __TI_static_base__
200011ab   __TI_zero_init
20000fc5   __aeabi_memclr
20000fc5   __aeabi_memclr4
20000fc5   __aeabi_memclr8
20000f29   __aeabi_memcpy
20000f29   __aeabi_memcpy4
20000f29   __aeabi_memcpy8
20000fc7   __aeabi_memset
20000fc7   __aeabi_memset4
20000fc7   __aeabi_memset8
ffffffff   __binit__
ffffffff   __c_args__
200012e0   __stack
20000f27   _c_int00
ffffffff   binit
200016e0   bss_end
200012a8   bss_run
00000438   bss_size
2000058b   convertByteToUINT32
200012d0   g_1msCycles
200012d8   g_bLostPacket
00001400   g_pfnRAMVectors
200012d4   g_ui32TransferSize
20000405   initRfModule
00000000   init_load
20000000   init_run
000012a6   init_size
200006f9   main
20000f29   memcpy
20000fcd   memset
200012a8   pui8RfBuffer
200012d9   ui8RxLength
200005cd   waitForRfPacket


GLOBAL SYMBOLS: SORTED BY Symbol Address 

address    name
--------   ----
00000000   init_load
00000400   __STACK_SIZE
00000438   bss_size
000012a6   init_size
000012a8   __TI_Handler_Table_Base
000012a8   __TI_static_base__
000012b4   __TI_Handler_Table_Limit
000012d0   __TI_CINIT_Base
000012e8   __TI_CINIT_Limit
00001400   g_pfnRAMVectors
20000000   Vectors
20000000   init_run
20000045   RfWriteSettings
20000161   RfSendPacket
200001b5   RfReceivePacket
20000205   RfTryToGetRxPacket
200002c1   RfPowerupCSnSequence
200002e5   RfResetChip
200002fb   RfReadStatus
20000305   RfReadReg
20000335   RfReadBurstReg
2000038d   RfWriteReg
200003b5   RfWriteBurstReg
20000405   initRfModule
2000048f   RfSetChannel
20000551   RfSetIdleMode
2000055b   RfSetRxMode
2000056b   RfFlushTxFifo
20000575   RfFlushRxFifo
20000589   TI_CC_IRQ_handler
2000058b   convertByteToUINT32
200005cd   waitForRfPacket
20000677   MyHwInitFunc
200006f9   main
200007e5   ConfigureDevice
200007f9   NACK
200008b1   Updater
20000aa9   TI_CC_Setup
20000b97   TI_CC_ConfigIRQPin
20000bf7   TI_CC_SendAndGetData
20000c21   TI_CC_Wait
20000c45   TI_CC_WaitForCCxxxxReady
20000c5d   TI_CC_WaitForIntGoHigh
20000c75   TI_CC_WaitForIntGoLow
20000c8d   TI_CC_EnableInterrupt
20000ca3   TI_CC_DisableInterrupt
20000cb9   TI_CC_GetInterruptState
20000cbf   TI_CC_IsInterruptPinAsserted
20000cdd   TI_CC_ClearIntFlag
20000ceb   TI_CC_ClearPending
20000cfb   TI_CC_IsCRCOK
20000d1f   TI_CC_Strobe
20000d71   SysCtlClockGet
20000ecd   ResetISR
20000ef3   StartApplication
20000f21   Delay
20000f27   _c_int00
20000f29   __aeabi_memcpy
20000f29   __aeabi_memcpy4
20000f29   __aeabi_memcpy8
20000f29   memcpy
20000fc5   __aeabi_memclr
20000fc5   __aeabi_memclr4
20000fc5   __aeabi_memclr8
20000fc7   __aeabi_memset
20000fc7   __aeabi_memset4
20000fc7   __aeabi_memset8
20000fcd   memset
2000109d   TimerConfigure
200010f9   IntRegister
2000112d   SysCtlPeripheralEnable
20001161   TI_CC_ClearCSN
2000117d   TI_CC_SetCSN
20001199   TimerLoadSet
200011ab   __TI_zero_init
200011bd   ExitBootloader
200011cd   GPIOIntStatus
200011db   TimerEnable
200011e9   __TI_decompress_none
200011f7   GPIOIntEnable
20001203   TimerIntStatus
2000120d   TimerIntEnable
20001215   GPIOIntClear
2000121b   TimerClockSourceSet
20001221   __TI_decompress_rle24
20001227   TimerIntClear
200012a8   bss_run
200012a8   pui8RfBuffer
200012d0   g_1msCycles
200012d4   g_ui32TransferSize
200012d8   g_bLostPacket
200012d9   ui8RxLength
200012e0   __stack
200016e0   __STACK_END
200016e0   __STACK_TOP
200016e0   bss_end
ffffffff   __binit__
ffffffff   __c_args__
ffffffff   binit

[99 symbols]
