Archive member included because of file (symbol)

e:/programfiles/ti/ccsv6/tools/compiler/gcc-arm-none-eabi-4_8-2014q3/bin/../lib/gcc/arm-none-eabi/4.8.4/../../../../arm-none-eabi/lib/armv7e-m/softfp\libc.a(lib_a-exit.o)
                              e:/programfiles/ti/ccsv6/tools/compiler/gcc-arm-none-eabi-4_8-2014q3/bin/../lib/gcc/arm-none-eabi/4.8.4/../../../../arm-none-eabi/lib/armv7e-m/softfp/crt0.o (exit)
e:/programfiles/ti/ccsv6/tools/compiler/gcc-arm-none-eabi-4_8-2014q3/bin/../lib/gcc/arm-none-eabi/4.8.4/../../../../arm-none-eabi/lib/armv7e-m/softfp\libc.a(lib_a-impure.o)
                              e:/programfiles/ti/ccsv6/tools/compiler/gcc-arm-none-eabi-4_8-2014q3/bin/../lib/gcc/arm-none-eabi/4.8.4/../../../../arm-none-eabi/lib/armv7e-m/softfp\libc.a(lib_a-exit.o) (_global_impure_ptr)
e:/programfiles/ti/ccsv6/tools/compiler/gcc-arm-none-eabi-4_8-2014q3/bin/../lib/gcc/arm-none-eabi/4.8.4/../../../../arm-none-eabi/lib/armv7e-m/softfp\libc.a(lib_a-init.o)
                              e:/programfiles/ti/ccsv6/tools/compiler/gcc-arm-none-eabi-4_8-2014q3/bin/../lib/gcc/arm-none-eabi/4.8.4/../../../../arm-none-eabi/lib/armv7e-m/softfp/crt0.o (__libc_init_array)
e:/programfiles/ti/ccsv6/tools/compiler/gcc-arm-none-eabi-4_8-2014q3/bin/../lib/gcc/arm-none-eabi/4.8.4/../../../../arm-none-eabi/lib/armv7e-m/softfp\libc.a(lib_a-memset.o)
                              e:/programfiles/ti/ccsv6/tools/compiler/gcc-arm-none-eabi-4_8-2014q3/bin/../lib/gcc/arm-none-eabi/4.8.4/../../../../arm-none-eabi/lib/armv7e-m/softfp/crt0.o (memset)
e:/programfiles/ti/ccsv6/tools/compiler/gcc-arm-none-eabi-4_8-2014q3/bin/../lib/gcc/arm-none-eabi/4.8.4/../../../../arm-none-eabi/lib/armv7e-m/softfp\libc.a(lib_a-__call_atexit.o)
                              e:/programfiles/ti/ccsv6/tools/compiler/gcc-arm-none-eabi-4_8-2014q3/bin/../lib/gcc/arm-none-eabi/4.8.4/../../../../arm-none-eabi/lib/armv7e-m/softfp\libc.a(lib_a-exit.o) (__call_exitprocs)
e:/programfiles/ti/ccsv6/tools/compiler/gcc-arm-none-eabi-4_8-2014q3/bin/../lib/gcc/arm-none-eabi/4.8.4/../../../../arm-none-eabi/lib/armv7e-m/softfp\libc.a(lib_a-atexit.o)
                              e:/programfiles/ti/ccsv6/tools/compiler/gcc-arm-none-eabi-4_8-2014q3/bin/../lib/gcc/arm-none-eabi/4.8.4/../../../../arm-none-eabi/lib/armv7e-m/softfp\libc.a(lib_a-__call_atexit.o) (atexit)
e:/programfiles/ti/ccsv6/tools/compiler/gcc-arm-none-eabi-4_8-2014q3/bin/../lib/gcc/arm-none-eabi/4.8.4/../../../../arm-none-eabi/lib/armv7e-m/softfp\libc.a(lib_a-fini.o)
                              e:/programfiles/ti/ccsv6/tools/compiler/gcc-arm-none-eabi-4_8-2014q3/bin/../lib/gcc/arm-none-eabi/4.8.4/../../../../arm-none-eabi/lib/armv7e-m/softfp\libc.a(lib_a-__call_atexit.o) (__libc_fini_array)
e:/programfiles/ti/ccsv6/tools/compiler/gcc-arm-none-eabi-4_8-2014q3/bin/../lib/gcc/arm-none-eabi/4.8.4/../../../../arm-none-eabi/lib/armv7e-m/softfp\libc.a(lib_a-__atexit.o)
                              e:/programfiles/ti/ccsv6/tools/compiler/gcc-arm-none-eabi-4_8-2014q3/bin/../lib/gcc/arm-none-eabi/4.8.4/../../../../arm-none-eabi/lib/armv7e-m/softfp\libc.a(lib_a-atexit.o) (__register_exitproc)
E:/ProgramFiles/TI/TivaWare_C_Series-2.1.0.12573/driverlib/gcc\libdriver.a(eeprom.o)
                              ./bl_main.o (EEPROMRead)
E:/ProgramFiles/TI/TivaWare_C_Series-2.1.0.12573/driverlib/gcc\libdriver.a(gpio.o)
                              ./libnrf24l01/src/TM4C123_nRF24L01.o (GPIOIntEnable)
E:/ProgramFiles/TI/TivaWare_C_Series-2.1.0.12573/driverlib/gcc\libdriver.a(interrupt.o)
                              ./libnrf24l01/src/TM4C123_nRF24L01.o (IntRegister)
E:/ProgramFiles/TI/TivaWare_C_Series-2.1.0.12573/driverlib/gcc\libdriver.a(ssi.o)
                              ./libnrf24l01/src/TM4C123_nRF24L01.o (SSIConfigSetExpClk)
E:/ProgramFiles/TI/TivaWare_C_Series-2.1.0.12573/driverlib/gcc\libdriver.a(sysctl.o)
                              E:/ProgramFiles/TI/TivaWare_C_Series-2.1.0.12573/driverlib/gcc\libdriver.a(eeprom.o) (SysCtlPeripheralReset)
E:/ProgramFiles/TI/TivaWare_C_Series-2.1.0.12573/driverlib/gcc\libdriver.a(timer.o)
                              ./bl_main.o (TimerClockSourceSet)
E:/ProgramFiles/TI/TivaWare_C_Series-2.1.0.12573/driverlib/gcc\libdriver.a(cpu.o)
                              E:/ProgramFiles/TI/TivaWare_C_Series-2.1.0.12573/driverlib/gcc\libdriver.a(interrupt.o) (CPUcpsid)
e:/programfiles/ti/ccsv6/tools/compiler/gcc-arm-none-eabi-4_8-2014q3/bin/../lib/gcc/arm-none-eabi/4.8.4/../../../../arm-none-eabi/lib/armv7e-m/softfp\libnosys.a(_exit.o)
                              e:/programfiles/ti/ccsv6/tools/compiler/gcc-arm-none-eabi-4_8-2014q3/bin/../lib/gcc/arm-none-eabi/4.8.4/../../../../arm-none-eabi/lib/armv7e-m/softfp\libc.a(lib_a-exit.o) (_exit)

Allocating common symbols
Common symbol       size              file

g_ui32RandomWIndex  0x4               ./bl_main.o
g_ui32TransferSize  0x4               ./bl_main.o
g_ui32RobotId       0x4               ./bl_main.o
g_ui32WaitingPeriodUs
                    0x4               ./bl_main.o
ui8RxLength         0x1               ./bl_main.o
g_ui32RandomW       0x4               ./bl_main.o
pui8RfBuffer        0x28              ./bl_main.o

Discarded input sections

 .fini_array    0x00000000        0x4 e:/programfiles/ti/ccsv6/tools/compiler/gcc-arm-none-eabi-4_8-2014q3/bin/../lib/gcc/arm-none-eabi/4.8.4/armv7e-m/softfp/crtbegin.o
 .ARM.extab     0x00000000        0x0 e:/programfiles/ti/ccsv6/tools/compiler/gcc-arm-none-eabi-4_8-2014q3/bin/../lib/gcc/arm-none-eabi/4.8.4/../../../../arm-none-eabi/lib/armv7e-m/softfp/crt0.o
 .text.MCU_RF_IsInterruptPinAsserted
                0x00000000       0x24 ./libnrf24l01/src/TM4C123_nRF24L01.o
 .text.MCU_RF_GetCEState
                0x00000000       0x18 ./libnrf24l01/src/TM4C123_nRF24L01.o
 .text.RfWaitUs
                0x00000000       0x14 ./libnrf24l01/src/nRF24L01.o
 .text.RfTryToGetRxPacket
                0x00000000       0xec ./libnrf24l01/src/nRF24L01.o
 .text.RfTryToCaptureRfSignal
                0x00000000       0x98 ./libnrf24l01/src/nRF24L01.o
 .text.RF24_disableFeatures
                0x00000000       0x44 ./libnrf24l01/src/nRF24L01.o
 .text.RF24_getLostPackets
                0x00000000       0x14 ./libnrf24l01/src/nRF24L01.o
 .text.RF24_isAlive
                0x00000000       0x34 ./libnrf24l01/src/nRF24L01.o
 .text.RF24_getConfigureRegister
                0x00000000       0x10 ./libnrf24l01/src/nRF24L01.o
 .text.RF24_getCurrentState
                0x00000000       0x7c ./libnrf24l01/src/nRF24L01.o
 .text.RF24_startPowerDown
                0x00000000       0x20 ./libnrf24l01/src/nRF24L01.o
 .text.RF24_scan
                0x00000000       0x70 ./libnrf24l01/src/nRF24L01.o
 .text.RF24_TX_writePayloadAck
                0x00000000       0x54 ./libnrf24l01/src/nRF24L01.o
 .text.RF24_TX_reuseLastPayload
                0x00000000       0x20 ./libnrf24l01/src/nRF24L01.o
 .text.RF24_RX_isEmpty
                0x00000000       0x28 ./libnrf24l01/src/nRF24L01.o
 .text.RF24_RX_sendAckWithPayload
                0x00000000       0x74 ./libnrf24l01/src/nRF24L01.o
 .text.RF24_RX_carrierDetection
                0x00000000       0x28 ./libnrf24l01/src/nRF24L01.o
 .text.RF24_PIPE_isOpen
                0x00000000       0x44 ./libnrf24l01/src/nRF24L01.o
 .text.RF24_RETRANS_getLastRetransmits
                0x00000000       0x18 ./libnrf24l01/src/nRF24L01.o
 .text._EEPROMWaitForDone
                0x00000000       0x10 E:/ProgramFiles/TI/TivaWare_C_Series-2.1.0.12573/driverlib/gcc\libdriver.a(eeprom.o)
 .text._EEPROMSectorMaskClear
                0x00000000       0x34 E:/ProgramFiles/TI/TivaWare_C_Series-2.1.0.12573/driverlib/gcc\libdriver.a(eeprom.o)
 .text._EEPROMSectorMaskSet
                0x00000000       0x3c E:/ProgramFiles/TI/TivaWare_C_Series-2.1.0.12573/driverlib/gcc\libdriver.a(eeprom.o)
 .text.EEPROMInit
                0x00000000       0x40 E:/ProgramFiles/TI/TivaWare_C_Series-2.1.0.12573/driverlib/gcc\libdriver.a(eeprom.o)
 .text.EEPROMSizeGet
                0x00000000       0x10 E:/ProgramFiles/TI/TivaWare_C_Series-2.1.0.12573/driverlib/gcc\libdriver.a(eeprom.o)
 .text.EEPROMBlockCountGet
                0x00000000       0x18 E:/ProgramFiles/TI/TivaWare_C_Series-2.1.0.12573/driverlib/gcc\libdriver.a(eeprom.o)
 .text.EEPROMProgram
                0x00000000       0xcc E:/ProgramFiles/TI/TivaWare_C_Series-2.1.0.12573/driverlib/gcc\libdriver.a(eeprom.o)
 .text.EEPROMProgramNonBlocking
                0x00000000       0x48 E:/ProgramFiles/TI/TivaWare_C_Series-2.1.0.12573/driverlib/gcc\libdriver.a(eeprom.o)
 .text.EEPROMMassErase
                0x00000000       0x58 E:/ProgramFiles/TI/TivaWare_C_Series-2.1.0.12573/driverlib/gcc\libdriver.a(eeprom.o)
 .text.EEPROMBlockProtectGet
                0x00000000        0xc E:/ProgramFiles/TI/TivaWare_C_Series-2.1.0.12573/driverlib/gcc\libdriver.a(eeprom.o)
 .text.EEPROMBlockProtectSet
                0x00000000       0x1c E:/ProgramFiles/TI/TivaWare_C_Series-2.1.0.12573/driverlib/gcc\libdriver.a(eeprom.o)
 .text.EEPROMBlockPasswordSet
                0x00000000       0x30 E:/ProgramFiles/TI/TivaWare_C_Series-2.1.0.12573/driverlib/gcc\libdriver.a(eeprom.o)
 .text.EEPROMBlockLock
                0x00000000       0x14 E:/ProgramFiles/TI/TivaWare_C_Series-2.1.0.12573/driverlib/gcc\libdriver.a(eeprom.o)
 .text.EEPROMBlockUnlock
                0x00000000       0x2c E:/ProgramFiles/TI/TivaWare_C_Series-2.1.0.12573/driverlib/gcc\libdriver.a(eeprom.o)
 .text.EEPROMBlockHide
                0x00000000       0x10 E:/ProgramFiles/TI/TivaWare_C_Series-2.1.0.12573/driverlib/gcc\libdriver.a(eeprom.o)
 .text.EEPROMIntEnable
                0x00000000       0x20 E:/ProgramFiles/TI/TivaWare_C_Series-2.1.0.12573/driverlib/gcc\libdriver.a(eeprom.o)
 .text.EEPROMIntDisable
                0x00000000       0x20 E:/ProgramFiles/TI/TivaWare_C_Series-2.1.0.12573/driverlib/gcc\libdriver.a(eeprom.o)
 .text.EEPROMIntStatus
                0x00000000       0x28 E:/ProgramFiles/TI/TivaWare_C_Series-2.1.0.12573/driverlib/gcc\libdriver.a(eeprom.o)
 .text.EEPROMIntClear
                0x00000000       0x34 E:/ProgramFiles/TI/TivaWare_C_Series-2.1.0.12573/driverlib/gcc\libdriver.a(eeprom.o)
 .text.EEPROMStatusGet
                0x00000000        0xc E:/ProgramFiles/TI/TivaWare_C_Series-2.1.0.12573/driverlib/gcc\libdriver.a(eeprom.o)
 .text._GPIOIntNumberGet
                0x00000000       0x48 E:/ProgramFiles/TI/TivaWare_C_Series-2.1.0.12573/driverlib/gcc\libdriver.a(gpio.o)
 .text.GPIODirModeGet
                0x00000000       0x24 E:/ProgramFiles/TI/TivaWare_C_Series-2.1.0.12573/driverlib/gcc\libdriver.a(gpio.o)
 .text.GPIOIntTypeSet
                0x00000000       0x62 E:/ProgramFiles/TI/TivaWare_C_Series-2.1.0.12573/driverlib/gcc\libdriver.a(gpio.o)
 .text.GPIOIntTypeGet
                0x00000000       0x42 E:/ProgramFiles/TI/TivaWare_C_Series-2.1.0.12573/driverlib/gcc\libdriver.a(gpio.o)
 .text.GPIOPadConfigGet
                0x00000000       0xbc E:/ProgramFiles/TI/TivaWare_C_Series-2.1.0.12573/driverlib/gcc\libdriver.a(gpio.o)
 .text.GPIOIntDisable
                0x00000000        0xe E:/ProgramFiles/TI/TivaWare_C_Series-2.1.0.12573/driverlib/gcc\libdriver.a(gpio.o)
 .text.GPIOIntRegister
                0x00000000       0x1a E:/ProgramFiles/TI/TivaWare_C_Series-2.1.0.12573/driverlib/gcc\libdriver.a(gpio.o)
 .text.GPIOIntUnregister
                0x00000000       0x16 E:/ProgramFiles/TI/TivaWare_C_Series-2.1.0.12573/driverlib/gcc\libdriver.a(gpio.o)
 .text.GPIOPinWrite
                0x00000000        0x6 E:/ProgramFiles/TI/TivaWare_C_Series-2.1.0.12573/driverlib/gcc\libdriver.a(gpio.o)
 .text.GPIOPinTypeADC
                0x00000000       0x1c E:/ProgramFiles/TI/TivaWare_C_Series-2.1.0.12573/driverlib/gcc\libdriver.a(gpio.o)
 .text.GPIOPinTypeCAN
                0x00000000       0x1c E:/ProgramFiles/TI/TivaWare_C_Series-2.1.0.12573/driverlib/gcc\libdriver.a(gpio.o)
 .text.GPIOPinTypeComparator
                0x00000000       0x1c E:/ProgramFiles/TI/TivaWare_C_Series-2.1.0.12573/driverlib/gcc\libdriver.a(gpio.o)
 .text.GPIOPinTypeEPI
                0x00000000       0x1c E:/ProgramFiles/TI/TivaWare_C_Series-2.1.0.12573/driverlib/gcc\libdriver.a(gpio.o)
 .text.GPIOPinTypeEthernetLED
                0x00000000       0x1c E:/ProgramFiles/TI/TivaWare_C_Series-2.1.0.12573/driverlib/gcc\libdriver.a(gpio.o)
 .text.GPIOPinTypeEthernetMII
                0x00000000       0x1c E:/ProgramFiles/TI/TivaWare_C_Series-2.1.0.12573/driverlib/gcc\libdriver.a(gpio.o)
 .text.GPIOPinTypeGPIOOutputOD
                0x00000000       0x1c E:/ProgramFiles/TI/TivaWare_C_Series-2.1.0.12573/driverlib/gcc\libdriver.a(gpio.o)
 .text.GPIOPinTypeI2C
                0x00000000       0x1c E:/ProgramFiles/TI/TivaWare_C_Series-2.1.0.12573/driverlib/gcc\libdriver.a(gpio.o)
 .text.GPIOPinTypeI2CSCL
                0x00000000       0x1c E:/ProgramFiles/TI/TivaWare_C_Series-2.1.0.12573/driverlib/gcc\libdriver.a(gpio.o)
 .text.GPIOPinTypeLCD
                0x00000000       0x1c E:/ProgramFiles/TI/TivaWare_C_Series-2.1.0.12573/driverlib/gcc\libdriver.a(gpio.o)
 .text.GPIOPinTypeLPC
                0x00000000       0x1c E:/ProgramFiles/TI/TivaWare_C_Series-2.1.0.12573/driverlib/gcc\libdriver.a(gpio.o)
 .text.GPIOPinTypePECIRx
                0x00000000       0x1c E:/ProgramFiles/TI/TivaWare_C_Series-2.1.0.12573/driverlib/gcc\libdriver.a(gpio.o)
 .text.GPIOPinTypePECITx
                0x00000000       0x1c E:/ProgramFiles/TI/TivaWare_C_Series-2.1.0.12573/driverlib/gcc\libdriver.a(gpio.o)
 .text.GPIOPinTypePWM
                0x00000000       0x1c E:/ProgramFiles/TI/TivaWare_C_Series-2.1.0.12573/driverlib/gcc\libdriver.a(gpio.o)
 .text.GPIOPinTypeQEI
                0x00000000       0x1c E:/ProgramFiles/TI/TivaWare_C_Series-2.1.0.12573/driverlib/gcc\libdriver.a(gpio.o)
 .text.GPIOPinTypeTimer
                0x00000000       0x1c E:/ProgramFiles/TI/TivaWare_C_Series-2.1.0.12573/driverlib/gcc\libdriver.a(gpio.o)
 .text.GPIOPinTypeUART
                0x00000000       0x1c E:/ProgramFiles/TI/TivaWare_C_Series-2.1.0.12573/driverlib/gcc\libdriver.a(gpio.o)
 .text.GPIOPinTypeUSBAnalog
                0x00000000       0x1c E:/ProgramFiles/TI/TivaWare_C_Series-2.1.0.12573/driverlib/gcc\libdriver.a(gpio.o)
 .text.GPIOPinTypeUSBDigital
                0x00000000       0x1c E:/ProgramFiles/TI/TivaWare_C_Series-2.1.0.12573/driverlib/gcc\libdriver.a(gpio.o)
 .text.GPIOPinTypeWakeHigh
                0x00000000       0x1e E:/ProgramFiles/TI/TivaWare_C_Series-2.1.0.12573/driverlib/gcc\libdriver.a(gpio.o)
 .text.GPIOPinTypeWakeLow
                0x00000000       0x1e E:/ProgramFiles/TI/TivaWare_C_Series-2.1.0.12573/driverlib/gcc\libdriver.a(gpio.o)
 .text.GPIOPinTypeKBRow
                0x00000000       0x1c E:/ProgramFiles/TI/TivaWare_C_Series-2.1.0.12573/driverlib/gcc\libdriver.a(gpio.o)
 .text.GPIOPinTypeKBColumn
                0x00000000       0x1c E:/ProgramFiles/TI/TivaWare_C_Series-2.1.0.12573/driverlib/gcc\libdriver.a(gpio.o)
 .text.GPIOPinTypeLEDSeq
                0x00000000       0x1c E:/ProgramFiles/TI/TivaWare_C_Series-2.1.0.12573/driverlib/gcc\libdriver.a(gpio.o)
 .text.GPIOPinTypeCIR
                0x00000000       0x1c E:/ProgramFiles/TI/TivaWare_C_Series-2.1.0.12573/driverlib/gcc\libdriver.a(gpio.o)
 .text.GPIOPinWakeStatus
                0x00000000        0x6 E:/ProgramFiles/TI/TivaWare_C_Series-2.1.0.12573/driverlib/gcc\libdriver.a(gpio.o)
 .text.GPIODMATriggerEnable
                0x00000000        0xc E:/ProgramFiles/TI/TivaWare_C_Series-2.1.0.12573/driverlib/gcc\libdriver.a(gpio.o)
 .text.GPIODMATriggerDisable
                0x00000000        0xe E:/ProgramFiles/TI/TivaWare_C_Series-2.1.0.12573/driverlib/gcc\libdriver.a(gpio.o)
 .text.GPIOADCTriggerEnable
                0x00000000        0xc E:/ProgramFiles/TI/TivaWare_C_Series-2.1.0.12573/driverlib/gcc\libdriver.a(gpio.o)
 .text.GPIOADCTriggerDisable
                0x00000000        0xe E:/ProgramFiles/TI/TivaWare_C_Series-2.1.0.12573/driverlib/gcc\libdriver.a(gpio.o)
 .rodata.g_ppui32GPIOIntMapSnowflake
                0x00000000       0xc0 E:/ProgramFiles/TI/TivaWare_C_Series-2.1.0.12573/driverlib/gcc\libdriver.a(gpio.o)
 .rodata.g_ppui32GPIOIntMapBlizzard
                0x00000000       0xc0 E:/ProgramFiles/TI/TivaWare_C_Series-2.1.0.12573/driverlib/gcc\libdriver.a(gpio.o)
 .text._IntDefaultHandler
                0x00000000        0x2 E:/ProgramFiles/TI/TivaWare_C_Series-2.1.0.12573/driverlib/gcc\libdriver.a(interrupt.o)
 .text.IntMasterEnable
                0x00000000        0xe E:/ProgramFiles/TI/TivaWare_C_Series-2.1.0.12573/driverlib/gcc\libdriver.a(interrupt.o)
 .text.IntMasterDisable
                0x00000000        0xe E:/ProgramFiles/TI/TivaWare_C_Series-2.1.0.12573/driverlib/gcc\libdriver.a(interrupt.o)
 .text.IntUnregister
                0x00000000       0x14 E:/ProgramFiles/TI/TivaWare_C_Series-2.1.0.12573/driverlib/gcc\libdriver.a(interrupt.o)
 .text.IntPriorityGroupingSet
                0x00000000       0x1c E:/ProgramFiles/TI/TivaWare_C_Series-2.1.0.12573/driverlib/gcc\libdriver.a(interrupt.o)
 .text.IntPriorityGroupingGet
                0x00000000       0x24 E:/ProgramFiles/TI/TivaWare_C_Series-2.1.0.12573/driverlib/gcc\libdriver.a(interrupt.o)
 .text.IntPrioritySet
                0x00000000       0x28 E:/ProgramFiles/TI/TivaWare_C_Series-2.1.0.12573/driverlib/gcc\libdriver.a(interrupt.o)
 .text.IntPriorityGet
                0x00000000       0x1c E:/ProgramFiles/TI/TivaWare_C_Series-2.1.0.12573/driverlib/gcc\libdriver.a(interrupt.o)
 .text.IntEnable
                0x00000000       0x60 E:/ProgramFiles/TI/TivaWare_C_Series-2.1.0.12573/driverlib/gcc\libdriver.a(interrupt.o)
 .text.IntDisable
                0x00000000       0x60 E:/ProgramFiles/TI/TivaWare_C_Series-2.1.0.12573/driverlib/gcc\libdriver.a(interrupt.o)
 .text.IntIsEnabled
                0x00000000       0x64 E:/ProgramFiles/TI/TivaWare_C_Series-2.1.0.12573/driverlib/gcc\libdriver.a(interrupt.o)
 .text.IntPendSet
                0x00000000       0x50 E:/ProgramFiles/TI/TivaWare_C_Series-2.1.0.12573/driverlib/gcc\libdriver.a(interrupt.o)
 .text.IntPendClear
                0x00000000       0x40 E:/ProgramFiles/TI/TivaWare_C_Series-2.1.0.12573/driverlib/gcc\libdriver.a(interrupt.o)
 .text.IntPriorityMaskSet
                0x00000000        0x4 E:/ProgramFiles/TI/TivaWare_C_Series-2.1.0.12573/driverlib/gcc\libdriver.a(interrupt.o)
 .text.IntPriorityMaskGet
                0x00000000        0x4 E:/ProgramFiles/TI/TivaWare_C_Series-2.1.0.12573/driverlib/gcc\libdriver.a(interrupt.o)
 .text.IntTrigger
                0x00000000        0xc E:/ProgramFiles/TI/TivaWare_C_Series-2.1.0.12573/driverlib/gcc\libdriver.a(interrupt.o)
 .rodata.g_pui32Priority
                0x00000000       0x20 E:/ProgramFiles/TI/TivaWare_C_Series-2.1.0.12573/driverlib/gcc\libdriver.a(interrupt.o)
 .rodata.g_pui32Dii16Regs
                0x00000000       0x14 E:/ProgramFiles/TI/TivaWare_C_Series-2.1.0.12573/driverlib/gcc\libdriver.a(interrupt.o)
 .rodata.g_pui32PendRegs
                0x00000000       0x14 E:/ProgramFiles/TI/TivaWare_C_Series-2.1.0.12573/driverlib/gcc\libdriver.a(interrupt.o)
 .rodata.g_pui32Regs
                0x00000000       0x9c E:/ProgramFiles/TI/TivaWare_C_Series-2.1.0.12573/driverlib/gcc\libdriver.a(interrupt.o)
 .rodata.g_pui32EnRegs
                0x00000000       0x14 E:/ProgramFiles/TI/TivaWare_C_Series-2.1.0.12573/driverlib/gcc\libdriver.a(interrupt.o)
 .rodata.g_pui32UnpendRegs
                0x00000000       0x14 E:/ProgramFiles/TI/TivaWare_C_Series-2.1.0.12573/driverlib/gcc\libdriver.a(interrupt.o)
 .text._SSIIntNumberGet
                0x00000000       0x48 E:/ProgramFiles/TI/TivaWare_C_Series-2.1.0.12573/driverlib/gcc\libdriver.a(ssi.o)
 .text.SSIIntRegister
                0x00000000       0x1a E:/ProgramFiles/TI/TivaWare_C_Series-2.1.0.12573/driverlib/gcc\libdriver.a(ssi.o)
 .text.SSIIntUnregister
                0x00000000       0x16 E:/ProgramFiles/TI/TivaWare_C_Series-2.1.0.12573/driverlib/gcc\libdriver.a(ssi.o)
 .text.SSIIntEnable
                0x00000000        0x8 E:/ProgramFiles/TI/TivaWare_C_Series-2.1.0.12573/driverlib/gcc\libdriver.a(ssi.o)
 .text.SSIIntDisable
                0x00000000        0xa E:/ProgramFiles/TI/TivaWare_C_Series-2.1.0.12573/driverlib/gcc\libdriver.a(ssi.o)
 .text.SSIIntStatus
                0x00000000        0xa E:/ProgramFiles/TI/TivaWare_C_Series-2.1.0.12573/driverlib/gcc\libdriver.a(ssi.o)
 .text.SSIIntClear
                0x00000000        0x4 E:/ProgramFiles/TI/TivaWare_C_Series-2.1.0.12573/driverlib/gcc\libdriver.a(ssi.o)
 .text.SSIDataPut
                0x00000000        0xc E:/ProgramFiles/TI/TivaWare_C_Series-2.1.0.12573/driverlib/gcc\libdriver.a(ssi.o)
 .text.SSIDataPutNonBlocking
                0x00000000       0x12 E:/ProgramFiles/TI/TivaWare_C_Series-2.1.0.12573/driverlib/gcc\libdriver.a(ssi.o)
 .text.SSIDataGet
                0x00000000        0xe E:/ProgramFiles/TI/TivaWare_C_Series-2.1.0.12573/driverlib/gcc\libdriver.a(ssi.o)
 .text.SSIDMAEnable
                0x00000000        0x8 E:/ProgramFiles/TI/TivaWare_C_Series-2.1.0.12573/driverlib/gcc\libdriver.a(ssi.o)
 .text.SSIDMADisable
                0x00000000        0xa E:/ProgramFiles/TI/TivaWare_C_Series-2.1.0.12573/driverlib/gcc\libdriver.a(ssi.o)
 .text.SSIBusy  0x00000000        0x8 E:/ProgramFiles/TI/TivaWare_C_Series-2.1.0.12573/driverlib/gcc\libdriver.a(ssi.o)
 .text.SSIClockSourceSet
                0x00000000        0x6 E:/ProgramFiles/TI/TivaWare_C_Series-2.1.0.12573/driverlib/gcc\libdriver.a(ssi.o)
 .text.SSIClockSourceGet
                0x00000000        0x6 E:/ProgramFiles/TI/TivaWare_C_Series-2.1.0.12573/driverlib/gcc\libdriver.a(ssi.o)
 .text.SSIAdvModeSet
                0x00000000        0xc E:/ProgramFiles/TI/TivaWare_C_Series-2.1.0.12573/driverlib/gcc\libdriver.a(ssi.o)
 .text.SSIAdvDataPutFrameEnd
                0x00000000       0x14 E:/ProgramFiles/TI/TivaWare_C_Series-2.1.0.12573/driverlib/gcc\libdriver.a(ssi.o)
 .text.SSIAdvDataPutFrameEndNonBlocking
                0x00000000       0x1a E:/ProgramFiles/TI/TivaWare_C_Series-2.1.0.12573/driverlib/gcc\libdriver.a(ssi.o)
 .text.SSIAdvFrameHoldEnable
                0x00000000        0xa E:/ProgramFiles/TI/TivaWare_C_Series-2.1.0.12573/driverlib/gcc\libdriver.a(ssi.o)
 .text.SSIAdvFrameHoldDisable
                0x00000000        0xa E:/ProgramFiles/TI/TivaWare_C_Series-2.1.0.12573/driverlib/gcc\libdriver.a(ssi.o)
 .rodata.g_ppui32SSIIntMap
                0x00000000       0x20 E:/ProgramFiles/TI/TivaWare_C_Series-2.1.0.12573/driverlib/gcc\libdriver.a(ssi.o)
 .rodata.g_ppui32SSIIntMapSnowflake
                0x00000000       0x20 E:/ProgramFiles/TI/TivaWare_C_Series-2.1.0.12573/driverlib/gcc\libdriver.a(ssi.o)
 .text._SysCtlMemTimingGet
                0x00000000       0x24 E:/ProgramFiles/TI/TivaWare_C_Series-2.1.0.12573/driverlib/gcc\libdriver.a(sysctl.o)
 .text.SysCtlSRAMSizeGet
                0x00000000       0x10 E:/ProgramFiles/TI/TivaWare_C_Series-2.1.0.12573/driverlib/gcc\libdriver.a(sysctl.o)
 .text.SysCtlFlashSizeGet
                0x00000000       0x40 E:/ProgramFiles/TI/TivaWare_C_Series-2.1.0.12573/driverlib/gcc\libdriver.a(sysctl.o)
 .text.SysCtlFlashSectorSizeGet
                0x00000000       0x3c E:/ProgramFiles/TI/TivaWare_C_Series-2.1.0.12573/driverlib/gcc\libdriver.a(sysctl.o)
 .text.SysCtlPeripheralPresent
                0x00000000       0x34 E:/ProgramFiles/TI/TivaWare_C_Series-2.1.0.12573/driverlib/gcc\libdriver.a(sysctl.o)
 .text.SysCtlPeripheralReady
                0x00000000       0x34 E:/ProgramFiles/TI/TivaWare_C_Series-2.1.0.12573/driverlib/gcc\libdriver.a(sysctl.o)
 .text.SysCtlPeripheralPowerOn
                0x00000000       0x30 E:/ProgramFiles/TI/TivaWare_C_Series-2.1.0.12573/driverlib/gcc\libdriver.a(sysctl.o)
 .text.SysCtlPeripheralPowerOff
                0x00000000       0x30 E:/ProgramFiles/TI/TivaWare_C_Series-2.1.0.12573/driverlib/gcc\libdriver.a(sysctl.o)
 .text.SysCtlPeripheralReset
                0x00000000       0x48 E:/ProgramFiles/TI/TivaWare_C_Series-2.1.0.12573/driverlib/gcc\libdriver.a(sysctl.o)
 .text.SysCtlPeripheralDisable
                0x00000000       0x30 E:/ProgramFiles/TI/TivaWare_C_Series-2.1.0.12573/driverlib/gcc\libdriver.a(sysctl.o)
 .text.SysCtlPeripheralSleepEnable
                0x00000000       0x30 E:/ProgramFiles/TI/TivaWare_C_Series-2.1.0.12573/driverlib/gcc\libdriver.a(sysctl.o)
 .text.SysCtlPeripheralSleepDisable
                0x00000000       0x30 E:/ProgramFiles/TI/TivaWare_C_Series-2.1.0.12573/driverlib/gcc\libdriver.a(sysctl.o)
 .text.SysCtlPeripheralDeepSleepEnable
                0x00000000       0x30 E:/ProgramFiles/TI/TivaWare_C_Series-2.1.0.12573/driverlib/gcc\libdriver.a(sysctl.o)
 .text.SysCtlPeripheralDeepSleepDisable
                0x00000000       0x30 E:/ProgramFiles/TI/TivaWare_C_Series-2.1.0.12573/driverlib/gcc\libdriver.a(sysctl.o)
 .text.SysCtlPeripheralClockGating
                0x00000000       0x50 E:/ProgramFiles/TI/TivaWare_C_Series-2.1.0.12573/driverlib/gcc\libdriver.a(sysctl.o)
 .text.SysCtlIntRegister
                0x00000000       0x14 E:/ProgramFiles/TI/TivaWare_C_Series-2.1.0.12573/driverlib/gcc\libdriver.a(sysctl.o)
 .text.SysCtlIntUnregister
                0x00000000       0x12 E:/ProgramFiles/TI/TivaWare_C_Series-2.1.0.12573/driverlib/gcc\libdriver.a(sysctl.o)
 .text.SysCtlIntEnable
                0x00000000       0x10 E:/ProgramFiles/TI/TivaWare_C_Series-2.1.0.12573/driverlib/gcc\libdriver.a(sysctl.o)
 .text.SysCtlIntDisable
                0x00000000       0x10 E:/ProgramFiles/TI/TivaWare_C_Series-2.1.0.12573/driverlib/gcc\libdriver.a(sysctl.o)
 .text.SysCtlIntClear
                0x00000000        0xc E:/ProgramFiles/TI/TivaWare_C_Series-2.1.0.12573/driverlib/gcc\libdriver.a(sysctl.o)
 .text.SysCtlIntStatus
                0x00000000       0x18 E:/ProgramFiles/TI/TivaWare_C_Series-2.1.0.12573/driverlib/gcc\libdriver.a(sysctl.o)
 .text.SysCtlLDOSleepSet
                0x00000000        0xc E:/ProgramFiles/TI/TivaWare_C_Series-2.1.0.12573/driverlib/gcc\libdriver.a(sysctl.o)
 .text.SysCtlLDOSleepGet
                0x00000000        0xc E:/ProgramFiles/TI/TivaWare_C_Series-2.1.0.12573/driverlib/gcc\libdriver.a(sysctl.o)
 .text.SysCtlLDODeepSleepSet
                0x00000000        0xc E:/ProgramFiles/TI/TivaWare_C_Series-2.1.0.12573/driverlib/gcc\libdriver.a(sysctl.o)
 .text.SysCtlLDODeepSleepGet
                0x00000000        0xc E:/ProgramFiles/TI/TivaWare_C_Series-2.1.0.12573/driverlib/gcc\libdriver.a(sysctl.o)
 .text.SysCtlSleepPowerSet
                0x00000000        0xc E:/ProgramFiles/TI/TivaWare_C_Series-2.1.0.12573/driverlib/gcc\libdriver.a(sysctl.o)
 .text.SysCtlDeepSleepPowerSet
                0x00000000        0xc E:/ProgramFiles/TI/TivaWare_C_Series-2.1.0.12573/driverlib/gcc\libdriver.a(sysctl.o)
 .text.SysCtlReset
                0x00000000       0x10 E:/ProgramFiles/TI/TivaWare_C_Series-2.1.0.12573/driverlib/gcc\libdriver.a(sysctl.o)
 .text.SysCtlSleep
                0x00000000        0x4 E:/ProgramFiles/TI/TivaWare_C_Series-2.1.0.12573/driverlib/gcc\libdriver.a(sysctl.o)
 .text.SysCtlDeepSleep
                0x00000000       0x20 E:/ProgramFiles/TI/TivaWare_C_Series-2.1.0.12573/driverlib/gcc\libdriver.a(sysctl.o)
 .text.SysCtlResetCauseGet
                0x00000000        0xc E:/ProgramFiles/TI/TivaWare_C_Series-2.1.0.12573/driverlib/gcc\libdriver.a(sysctl.o)
 .text.SysCtlResetCauseClear
                0x00000000       0x10 E:/ProgramFiles/TI/TivaWare_C_Series-2.1.0.12573/driverlib/gcc\libdriver.a(sysctl.o)
 .text.SysCtlMOSCConfigSet
                0x00000000        0xc E:/ProgramFiles/TI/TivaWare_C_Series-2.1.0.12573/driverlib/gcc\libdriver.a(sysctl.o)
 .text.SysCtlPIOSCCalibrate
                0x00000000       0x54 E:/ProgramFiles/TI/TivaWare_C_Series-2.1.0.12573/driverlib/gcc\libdriver.a(sysctl.o)
 .text.SysCtlResetBehaviorSet
                0x00000000        0xc E:/ProgramFiles/TI/TivaWare_C_Series-2.1.0.12573/driverlib/gcc\libdriver.a(sysctl.o)
 .text.SysCtlResetBehaviorGet
                0x00000000        0xc E:/ProgramFiles/TI/TivaWare_C_Series-2.1.0.12573/driverlib/gcc\libdriver.a(sysctl.o)
 .text.SysCtlClockFreqSet
                0x00000000      0x264 E:/ProgramFiles/TI/TivaWare_C_Series-2.1.0.12573/driverlib/gcc\libdriver.a(sysctl.o)
 .text.SysCtlClockSet
                0x00000000      0x128 E:/ProgramFiles/TI/TivaWare_C_Series-2.1.0.12573/driverlib/gcc\libdriver.a(sysctl.o)
 .text.SysCtlDeepSleepClockSet
                0x00000000        0xc E:/ProgramFiles/TI/TivaWare_C_Series-2.1.0.12573/driverlib/gcc\libdriver.a(sysctl.o)
 .text.SysCtlDeepSleepClockConfigSet
                0x00000000       0x68 E:/ProgramFiles/TI/TivaWare_C_Series-2.1.0.12573/driverlib/gcc\libdriver.a(sysctl.o)
 .text.SysCtlPWMClockSet
                0x00000000       0x14 E:/ProgramFiles/TI/TivaWare_C_Series-2.1.0.12573/driverlib/gcc\libdriver.a(sysctl.o)
 .text.SysCtlPWMClockGet
                0x00000000       0x18 E:/ProgramFiles/TI/TivaWare_C_Series-2.1.0.12573/driverlib/gcc\libdriver.a(sysctl.o)
 .text.SysCtlGPIOAHBEnable
                0x00000000       0x1c E:/ProgramFiles/TI/TivaWare_C_Series-2.1.0.12573/driverlib/gcc\libdriver.a(sysctl.o)
 .text.SysCtlGPIOAHBDisable
                0x00000000       0x1c E:/ProgramFiles/TI/TivaWare_C_Series-2.1.0.12573/driverlib/gcc\libdriver.a(sysctl.o)
 .text.SysCtlUSBPLLEnable
                0x00000000       0x10 E:/ProgramFiles/TI/TivaWare_C_Series-2.1.0.12573/driverlib/gcc\libdriver.a(sysctl.o)
 .text.SysCtlUSBPLLDisable
                0x00000000       0x10 E:/ProgramFiles/TI/TivaWare_C_Series-2.1.0.12573/driverlib/gcc\libdriver.a(sysctl.o)
 .text.SysCtlVoltageEventConfig
                0x00000000        0xc E:/ProgramFiles/TI/TivaWare_C_Series-2.1.0.12573/driverlib/gcc\libdriver.a(sysctl.o)
 .text.SysCtlVoltageEventStatus
                0x00000000        0xc E:/ProgramFiles/TI/TivaWare_C_Series-2.1.0.12573/driverlib/gcc\libdriver.a(sysctl.o)
 .text.SysCtlVoltageEventClear
                0x00000000       0x10 E:/ProgramFiles/TI/TivaWare_C_Series-2.1.0.12573/driverlib/gcc\libdriver.a(sysctl.o)
 .text.SysCtlNMIStatus
                0x00000000        0xc E:/ProgramFiles/TI/TivaWare_C_Series-2.1.0.12573/driverlib/gcc\libdriver.a(sysctl.o)
 .text.SysCtlNMIClear
                0x00000000       0x10 E:/ProgramFiles/TI/TivaWare_C_Series-2.1.0.12573/driverlib/gcc\libdriver.a(sysctl.o)
 .text.SysCtlClockOutConfig
                0x00000000       0x14 E:/ProgramFiles/TI/TivaWare_C_Series-2.1.0.12573/driverlib/gcc\libdriver.a(sysctl.o)
 .text.SysCtlAltClkConfig
                0x00000000        0xc E:/ProgramFiles/TI/TivaWare_C_Series-2.1.0.12573/driverlib/gcc\libdriver.a(sysctl.o)
 .rodata.g_pppui32XTALtoVCO
                0x00000000      0x120 E:/ProgramFiles/TI/TivaWare_C_Series-2.1.0.12573/driverlib/gcc\libdriver.a(sysctl.o)
 .rodata.g_pui32VCOFrequencies
                0x00000000        0x8 E:/ProgramFiles/TI/TivaWare_C_Series-2.1.0.12573/driverlib/gcc\libdriver.a(sysctl.o)
 .rodata.g_sXTALtoMEMTIM
                0x00000000       0x30 E:/ProgramFiles/TI/TivaWare_C_Series-2.1.0.12573/driverlib/gcc\libdriver.a(sysctl.o)
 .text._TimerIntNumberGet
                0x00000000       0x54 E:/ProgramFiles/TI/TivaWare_C_Series-2.1.0.12573/driverlib/gcc\libdriver.a(timer.o)
 .text.TimerEnable
                0x00000000       0x12 E:/ProgramFiles/TI/TivaWare_C_Series-2.1.0.12573/driverlib/gcc\libdriver.a(timer.o)
 .text.TimerDisable
                0x00000000       0x12 E:/ProgramFiles/TI/TivaWare_C_Series-2.1.0.12573/driverlib/gcc\libdriver.a(timer.o)
 .text.TimerConfigure
                0x00000000       0x64 E:/ProgramFiles/TI/TivaWare_C_Series-2.1.0.12573/driverlib/gcc\libdriver.a(timer.o)
 .text.TimerControlLevel
                0x00000000       0x20 E:/ProgramFiles/TI/TivaWare_C_Series-2.1.0.12573/driverlib/gcc\libdriver.a(timer.o)
 .text.TimerControlTrigger
                0x00000000       0x5c E:/ProgramFiles/TI/TivaWare_C_Series-2.1.0.12573/driverlib/gcc\libdriver.a(timer.o)
 .text.TimerControlEvent
                0x00000000       0x18 E:/ProgramFiles/TI/TivaWare_C_Series-2.1.0.12573/driverlib/gcc\libdriver.a(timer.o)
 .text.TimerControlStall
                0x00000000       0x20 E:/ProgramFiles/TI/TivaWare_C_Series-2.1.0.12573/driverlib/gcc\libdriver.a(timer.o)
 .text.TimerControlWaitOnTrigger
                0x00000000       0x34 E:/ProgramFiles/TI/TivaWare_C_Series-2.1.0.12573/driverlib/gcc\libdriver.a(timer.o)
 .text.TimerRTCEnable
                0x00000000        0xa E:/ProgramFiles/TI/TivaWare_C_Series-2.1.0.12573/driverlib/gcc\libdriver.a(timer.o)
 .text.TimerRTCDisable
                0x00000000        0xa E:/ProgramFiles/TI/TivaWare_C_Series-2.1.0.12573/driverlib/gcc\libdriver.a(timer.o)
 .text.TimerClockSourceGet
                0x00000000        0x6 E:/ProgramFiles/TI/TivaWare_C_Series-2.1.0.12573/driverlib/gcc\libdriver.a(timer.o)
 .text.TimerPrescaleSet
                0x00000000       0x12 E:/ProgramFiles/TI/TivaWare_C_Series-2.1.0.12573/driverlib/gcc\libdriver.a(timer.o)
 .text.TimerPrescaleGet
                0x00000000        0xa E:/ProgramFiles/TI/TivaWare_C_Series-2.1.0.12573/driverlib/gcc\libdriver.a(timer.o)
 .text.TimerPrescaleMatchSet
                0x00000000       0x12 E:/ProgramFiles/TI/TivaWare_C_Series-2.1.0.12573/driverlib/gcc\libdriver.a(timer.o)
 .text.TimerPrescaleMatchGet
                0x00000000        0xa E:/ProgramFiles/TI/TivaWare_C_Series-2.1.0.12573/driverlib/gcc\libdriver.a(timer.o)
 .text.TimerLoadSet
                0x00000000       0x12 E:/ProgramFiles/TI/TivaWare_C_Series-2.1.0.12573/driverlib/gcc\libdriver.a(timer.o)
 .text.TimerLoadGet
                0x00000000        0xa E:/ProgramFiles/TI/TivaWare_C_Series-2.1.0.12573/driverlib/gcc\libdriver.a(timer.o)
 .text.TimerLoadSet64
                0x00000000        0x6 E:/ProgramFiles/TI/TivaWare_C_Series-2.1.0.12573/driverlib/gcc\libdriver.a(timer.o)
 .text.TimerLoadGet64
                0x00000000       0x14 E:/ProgramFiles/TI/TivaWare_C_Series-2.1.0.12573/driverlib/gcc\libdriver.a(timer.o)
 .text.TimerValueGet
                0x00000000        0xa E:/ProgramFiles/TI/TivaWare_C_Series-2.1.0.12573/driverlib/gcc\libdriver.a(timer.o)
 .text.TimerValueGet64
                0x00000000       0x14 E:/ProgramFiles/TI/TivaWare_C_Series-2.1.0.12573/driverlib/gcc\libdriver.a(timer.o)
 .text.TimerMatchSet
                0x00000000       0x12 E:/ProgramFiles/TI/TivaWare_C_Series-2.1.0.12573/driverlib/gcc\libdriver.a(timer.o)
 .text.TimerMatchGet
                0x00000000        0xa E:/ProgramFiles/TI/TivaWare_C_Series-2.1.0.12573/driverlib/gcc\libdriver.a(timer.o)
 .text.TimerMatchSet64
                0x00000000        0x6 E:/ProgramFiles/TI/TivaWare_C_Series-2.1.0.12573/driverlib/gcc\libdriver.a(timer.o)
 .text.TimerMatchGet64
                0x00000000       0x14 E:/ProgramFiles/TI/TivaWare_C_Series-2.1.0.12573/driverlib/gcc\libdriver.a(timer.o)
 .text.TimerIntRegister
                0x00000000       0x1a E:/ProgramFiles/TI/TivaWare_C_Series-2.1.0.12573/driverlib/gcc\libdriver.a(timer.o)
 .text.TimerIntUnregister
                0x00000000       0x16 E:/ProgramFiles/TI/TivaWare_C_Series-2.1.0.12573/driverlib/gcc\libdriver.a(timer.o)
 .text.TimerIntEnable
                0x00000000        0x8 E:/ProgramFiles/TI/TivaWare_C_Series-2.1.0.12573/driverlib/gcc\libdriver.a(timer.o)
 .text.TimerIntDisable
                0x00000000        0xa E:/ProgramFiles/TI/TivaWare_C_Series-2.1.0.12573/driverlib/gcc\libdriver.a(timer.o)
 .text.TimerIntStatus
                0x00000000        0xa E:/ProgramFiles/TI/TivaWare_C_Series-2.1.0.12573/driverlib/gcc\libdriver.a(timer.o)
 .text.TimerIntClear
                0x00000000        0x4 E:/ProgramFiles/TI/TivaWare_C_Series-2.1.0.12573/driverlib/gcc\libdriver.a(timer.o)
 .text.TimerSynchronize
                0x00000000        0x4 E:/ProgramFiles/TI/TivaWare_C_Series-2.1.0.12573/driverlib/gcc\libdriver.a(timer.o)
 .text.TimerADCEventSet
                0x00000000        0x4 E:/ProgramFiles/TI/TivaWare_C_Series-2.1.0.12573/driverlib/gcc\libdriver.a(timer.o)
 .text.TimerADCEventGet
                0x00000000        0x4 E:/ProgramFiles/TI/TivaWare_C_Series-2.1.0.12573/driverlib/gcc\libdriver.a(timer.o)
 .text.TimerDMAEventSet
                0x00000000        0x4 E:/ProgramFiles/TI/TivaWare_C_Series-2.1.0.12573/driverlib/gcc\libdriver.a(timer.o)
 .text.TimerDMAEventGet
                0x00000000        0x4 E:/ProgramFiles/TI/TivaWare_C_Series-2.1.0.12573/driverlib/gcc\libdriver.a(timer.o)
 .text.TimerUpdateMode
                0x00000000       0x2a E:/ProgramFiles/TI/TivaWare_C_Series-2.1.0.12573/driverlib/gcc\libdriver.a(timer.o)
 .rodata.g_ppui32TimerIntMapSnowflake
                0x00000000       0x40 E:/ProgramFiles/TI/TivaWare_C_Series-2.1.0.12573/driverlib/gcc\libdriver.a(timer.o)
 .rodata.g_ppui32TimerIntMap
                0x00000000       0x60 E:/ProgramFiles/TI/TivaWare_C_Series-2.1.0.12573/driverlib/gcc\libdriver.a(timer.o)
 .text.CPUcpsid
                0x00000000        0x8 E:/ProgramFiles/TI/TivaWare_C_Series-2.1.0.12573/driverlib/gcc\libdriver.a(cpu.o)
 .text.CPUprimask
                0x00000000        0x6 E:/ProgramFiles/TI/TivaWare_C_Series-2.1.0.12573/driverlib/gcc\libdriver.a(cpu.o)
 .text.CPUcpsie
                0x00000000        0x8 E:/ProgramFiles/TI/TivaWare_C_Series-2.1.0.12573/driverlib/gcc\libdriver.a(cpu.o)
 .text.CPUwfi   0x00000000        0x4 E:/ProgramFiles/TI/TivaWare_C_Series-2.1.0.12573/driverlib/gcc\libdriver.a(cpu.o)
 .text.CPUbasepriSet
                0x00000000        0x6 E:/ProgramFiles/TI/TivaWare_C_Series-2.1.0.12573/driverlib/gcc\libdriver.a(cpu.o)
 .text.CPUbasepriGet
                0x00000000        0x6 E:/ProgramFiles/TI/TivaWare_C_Series-2.1.0.12573/driverlib/gcc\libdriver.a(cpu.o)
 .eh_frame      0x00000000        0x4 e:/programfiles/ti/ccsv6/tools/compiler/gcc-arm-none-eabi-4_8-2014q3/bin/../lib/gcc/arm-none-eabi/4.8.4/armv7e-m/softfp/crtend.o
 .jcr           0x00000000        0x4 e:/programfiles/ti/ccsv6/tools/compiler/gcc-arm-none-eabi-4_8-2014q3/bin/../lib/gcc/arm-none-eabi/4.8.4/armv7e-m/softfp/crtend.o
 .init          0x00000000        0x8 e:/programfiles/ti/ccsv6/tools/compiler/gcc-arm-none-eabi-4_8-2014q3/bin/../lib/gcc/arm-none-eabi/4.8.4/armv7e-m/softfp/crtn.o
 .fini          0x00000000        0x8 e:/programfiles/ti/ccsv6/tools/compiler/gcc-arm-none-eabi-4_8-2014q3/bin/../lib/gcc/arm-none-eabi/4.8.4/armv7e-m/softfp/crtn.o

Memory Configuration

Name             Origin             Length             Attributes
FLASH            0x00000000         0x00004000         xr
SRAM             0x20000000         0x00008000         xw
*default*        0x00000000         0xffffffff

Linker script and memory map

LOAD e:/programfiles/ti/ccsv6/tools/compiler/gcc-arm-none-eabi-4_8-2014q3/bin/../lib/gcc/arm-none-eabi/4.8.4/armv7e-m/softfp/crti.o
LOAD e:/programfiles/ti/ccsv6/tools/compiler/gcc-arm-none-eabi-4_8-2014q3/bin/../lib/gcc/arm-none-eabi/4.8.4/armv7e-m/softfp/crtbegin.o
LOAD e:/programfiles/ti/ccsv6/tools/compiler/gcc-arm-none-eabi-4_8-2014q3/bin/../lib/gcc/arm-none-eabi/4.8.4/../../../../arm-none-eabi/lib/armv7e-m/softfp/crt0.o
LOAD ./bl_main.o
LOAD ./bl_startup_gcc.o
LOAD ./libnrf24l01/src/TM4C123_nRF24L01.o
LOAD ./libnrf24l01/src/nRF24L01.o
LOAD ./libcc2500/src/TM4C123_CC2500.o
LOAD ./libcc2500/src/cc2500.o
                0x20000000                PROVIDE (_text_run_address, 0x20000000)

.text           0x20000000     0x1fc0 load address 0x00000000
                0x20000000                _text = .
 *(.isr_vector)
 .isr_vector    0x20000000      0x26c ./bl_startup_gcc.o
 CREATE_OBJECT_SYMBOLS
 *(.text)
 .text          0x2000026c        0x0 e:/programfiles/ti/ccsv6/tools/compiler/gcc-arm-none-eabi-4_8-2014q3/bin/../lib/gcc/arm-none-eabi/4.8.4/armv7e-m/softfp/crti.o
 .text          0x2000026c       0x54 e:/programfiles/ti/ccsv6/tools/compiler/gcc-arm-none-eabi-4_8-2014q3/bin/../lib/gcc/arm-none-eabi/4.8.4/armv7e-m/softfp/crtbegin.o
 .text          0x200002c0       0x74 e:/programfiles/ti/ccsv6/tools/compiler/gcc-arm-none-eabi-4_8-2014q3/bin/../lib/gcc/arm-none-eabi/4.8.4/../../../../arm-none-eabi/lib/armv7e-m/softfp/crt0.o
                0x200002c0                _start
                0x200002c0                _mainCRTStartup
 .text          0x20000334        0x0 ./bl_main.o
 .text          0x20000334       0xa0 ./bl_startup_gcc.o
                0x20000370                ResetISR
                0x20000396                StartApplication
                0x200003c4                Delay
 .text          0x200003d4        0x0 ./libnrf24l01/src/TM4C123_nRF24L01.o
 .text          0x200003d4        0x0 ./libnrf24l01/src/nRF24L01.o
 .text          0x200003d4        0x0 ./libcc2500/src/TM4C123_CC2500.o
 .text          0x200003d4        0x0 ./libcc2500/src/cc2500.o
 .text          0x200003d4        0x0 e:/programfiles/ti/ccsv6/tools/compiler/gcc-arm-none-eabi-4_8-2014q3/bin/../lib/gcc/arm-none-eabi/4.8.4/../../../../arm-none-eabi/lib/armv7e-m/softfp\libc.a(lib_a-exit.o)
 .text          0x200003d4        0x0 e:/programfiles/ti/ccsv6/tools/compiler/gcc-arm-none-eabi-4_8-2014q3/bin/../lib/gcc/arm-none-eabi/4.8.4/../../../../arm-none-eabi/lib/armv7e-m/softfp\libc.a(lib_a-impure.o)
 .text          0x200003d4        0x0 e:/programfiles/ti/ccsv6/tools/compiler/gcc-arm-none-eabi-4_8-2014q3/bin/../lib/gcc/arm-none-eabi/4.8.4/../../../../arm-none-eabi/lib/armv7e-m/softfp\libc.a(lib_a-init.o)
 .text          0x200003d4        0x0 e:/programfiles/ti/ccsv6/tools/compiler/gcc-arm-none-eabi-4_8-2014q3/bin/../lib/gcc/arm-none-eabi/4.8.4/../../../../arm-none-eabi/lib/armv7e-m/softfp\libc.a(lib_a-memset.o)
 .text          0x200003d4        0x0 e:/programfiles/ti/ccsv6/tools/compiler/gcc-arm-none-eabi-4_8-2014q3/bin/../lib/gcc/arm-none-eabi/4.8.4/../../../../arm-none-eabi/lib/armv7e-m/softfp\libc.a(lib_a-__call_atexit.o)
 .text          0x200003d4        0x0 e:/programfiles/ti/ccsv6/tools/compiler/gcc-arm-none-eabi-4_8-2014q3/bin/../lib/gcc/arm-none-eabi/4.8.4/../../../../arm-none-eabi/lib/armv7e-m/softfp\libc.a(lib_a-atexit.o)
 .text          0x200003d4        0x0 e:/programfiles/ti/ccsv6/tools/compiler/gcc-arm-none-eabi-4_8-2014q3/bin/../lib/gcc/arm-none-eabi/4.8.4/../../../../arm-none-eabi/lib/armv7e-m/softfp\libc.a(lib_a-fini.o)
 .text          0x200003d4        0x0 e:/programfiles/ti/ccsv6/tools/compiler/gcc-arm-none-eabi-4_8-2014q3/bin/../lib/gcc/arm-none-eabi/4.8.4/../../../../arm-none-eabi/lib/armv7e-m/softfp\libc.a(lib_a-__atexit.o)
 .text          0x200003d4        0x0 E:/ProgramFiles/TI/TivaWare_C_Series-2.1.0.12573/driverlib/gcc\libdriver.a(eeprom.o)
 .text          0x200003d4        0x0 E:/ProgramFiles/TI/TivaWare_C_Series-2.1.0.12573/driverlib/gcc\libdriver.a(gpio.o)
 .text          0x200003d4        0x0 E:/ProgramFiles/TI/TivaWare_C_Series-2.1.0.12573/driverlib/gcc\libdriver.a(interrupt.o)
 .text          0x200003d4        0x0 E:/ProgramFiles/TI/TivaWare_C_Series-2.1.0.12573/driverlib/gcc\libdriver.a(ssi.o)
 .text          0x200003d4        0x0 E:/ProgramFiles/TI/TivaWare_C_Series-2.1.0.12573/driverlib/gcc\libdriver.a(sysctl.o)
 .text          0x200003d4        0x0 E:/ProgramFiles/TI/TivaWare_C_Series-2.1.0.12573/driverlib/gcc\libdriver.a(timer.o)
 .text          0x200003d4        0x0 E:/ProgramFiles/TI/TivaWare_C_Series-2.1.0.12573/driverlib/gcc\libdriver.a(cpu.o)
 .text          0x200003d4        0x0 e:/programfiles/ti/ccsv6/tools/compiler/gcc-arm-none-eabi-4_8-2014q3/bin/../lib/gcc/arm-none-eabi/4.8.4/../../../../arm-none-eabi/lib/armv7e-m/softfp\libnosys.a(_exit.o)
 .text          0x200003d4        0x0 e:/programfiles/ti/ccsv6/tools/compiler/gcc-arm-none-eabi-4_8-2014q3/bin/../lib/gcc/arm-none-eabi/4.8.4/armv7e-m/softfp/crtend.o
 .text          0x200003d4        0x0 e:/programfiles/ti/ccsv6/tools/compiler/gcc-arm-none-eabi-4_8-2014q3/bin/../lib/gcc/arm-none-eabi/4.8.4/armv7e-m/softfp/crtn.o
 *(.text.*)
 .text.MCU_RF_IRQ_handler
                0x200003d4        0xc ./bl_main.o
                0x200003d4                MCU_RF_IRQ_handler
 .text.convertByteToUINT32
                0x200003e0       0x54 ./bl_main.o
                0x200003e0                convertByteToUINT32
 .text.waitForRfPacket
                0x20000434       0xdc ./bl_main.o
                0x20000434                waitForRfPacket
 .text.MyHwInitFunc
                0x20000510       0xac ./bl_main.o
                0x20000510                MyHwInitFunc
 .text.main     0x200005bc      0x13c ./bl_main.o
                0x200005bc                main
 .text.ConfigureDevice
                0x200006f8       0x6c ./bl_main.o
                0x200006f8                ConfigureDevice
 .text.ExitBootloader
                0x20000764       0x14 ./bl_main.o
                0x20000764                ExitBootloader
 .text.NACK     0x20000778       0xac ./bl_main.o
                0x20000778                NACK
 .text.Updater  0x20000824      0x1d4 ./bl_main.o
                0x20000824                Updater
 .text.MCU_RF_InitSpiForRf
                0x200009f8       0xb4 ./libnrf24l01/src/TM4C123_nRF24L01.o
                0x200009f8                MCU_RF_InitSpiForRf
 .text.MCU_RF_ConfigIRQPin
                0x20000aac       0x70 ./libnrf24l01/src/TM4C123_nRF24L01.o
                0x20000aac                MCU_RF_ConfigIRQPin
 .text.MCU_RF_WaitUs
                0x20000b1c       0x40 ./libnrf24l01/src/TM4C123_nRF24L01.o
                0x20000b1c                MCU_RF_WaitUs
 .text.MCU_RF_GetInterruptState
                0x20000b5c       0x18 ./libnrf24l01/src/TM4C123_nRF24L01.o
                0x20000b5c                MCU_RF_GetInterruptState
 .text.MCU_RF_EnableInterrupt
                0x20000b74       0x20 ./libnrf24l01/src/TM4C123_nRF24L01.o
                0x20000b74                MCU_RF_EnableInterrupt
 .text.MCU_RF_DisableInterrupt
                0x20000b94       0x20 ./libnrf24l01/src/TM4C123_nRF24L01.o
                0x20000b94                MCU_RF_DisableInterrupt
 .text.MCU_RF_ClearIntFlag
                0x20000bb4       0x10 ./libnrf24l01/src/TM4C123_nRF24L01.o
                0x20000bb4                MCU_RF_ClearIntFlag
 .text.MCU_RF_ClearPending
                0x20000bc4       0x18 ./libnrf24l01/src/TM4C123_nRF24L01.o
                0x20000bc4                MCU_RF_ClearPending
 .text.MCU_RF_SetCSN
                0x20000bdc       0x1c ./libnrf24l01/src/TM4C123_nRF24L01.o
                0x20000bdc                MCU_RF_SetCSN
 .text.MCU_RF_ClearCSN
                0x20000bf8       0x1c ./libnrf24l01/src/TM4C123_nRF24L01.o
                0x20000bf8                MCU_RF_ClearCSN
 .text.MCU_RF_SetCE
                0x20000c14       0x24 ./libnrf24l01/src/TM4C123_nRF24L01.o
                0x20000c14                MCU_RF_SetCE
 .text.MCU_RF_ClearCE
                0x20000c38       0x24 ./libnrf24l01/src/TM4C123_nRF24L01.o
                0x20000c38                MCU_RF_ClearCE
 .text.MCU_RF_SendAndGetData
                0x20000c5c       0x3c ./libnrf24l01/src/TM4C123_nRF24L01.o
                0x20000c5c                MCU_RF_SendAndGetData
 .text.RfSendPacket
                0x20000c98      0x154 ./libnrf24l01/src/nRF24L01.o
                0x20000c98                RfSendPacket
 .text.RfReceivePacket
                0x20000dec       0xc4 ./libnrf24l01/src/nRF24L01.o
                0x20000dec                RfReceivePacket
 .text.initRfModule
                0x20000eb0       0xc4 ./libnrf24l01/src/nRF24L01.o
                0x20000eb0                initRfModule
 .text.RfSetChannel
                0x20000f74       0x20 ./libnrf24l01/src/nRF24L01.o
                0x20000f74                RfSetChannel
 .text.RfSetRxMode
                0x20000f94       0x2c ./libnrf24l01/src/nRF24L01.o
                0x20000f94                RfSetRxMode
 .text.RfFlushTxFifo
                0x20000fc0       0x20 ./libnrf24l01/src/nRF24L01.o
                0x20000fc0                RfFlushTxFifo
 .text.RfFlushRxFifo
                0x20000fe0       0x20 ./libnrf24l01/src/nRF24L01.o
                0x20000fe0                RfFlushRxFifo
 .text.RF24_init
                0x20001000       0xb8 ./libnrf24l01/src/nRF24L01.o
                0x20001000                RF24_init
 .text.RF24_enableFeatures
                0x200010b8       0x4c ./libnrf24l01/src/nRF24L01.o
                0x200010b8                RF24_enableFeatures
 .text.RF24_setConfigureRegister
                0x20001104       0x20 ./libnrf24l01/src/nRF24L01.o
                0x20001104                RF24_setConfigureRegister
 .text.RF24_setSpeedAndPower
                0x20001124       0x1c ./libnrf24l01/src/nRF24L01.o
                0x20001124                RF24_setSpeedAndPower
 .text.RF24_setAddressWidth
                0x20001140       0x24 ./libnrf24l01/src/nRF24L01.o
                0x20001140                RF24_setAddressWidth
 .text.RF24_startStandby
                0x20001164       0x5c ./libnrf24l01/src/nRF24L01.o
                0x20001164                RF24_startStandby
 .text.RF24_getIrqFlag
                0x200011c0       0x4c ./libnrf24l01/src/nRF24L01.o
                0x200011c0                RF24_getIrqFlag
 .text.RF24_clearIrqFlag
                0x2000120c       0x4c ./libnrf24l01/src/nRF24L01.o
                0x2000120c                RF24_clearIrqFlag
 .text.RF24_readRegister
                0x20001258       0x40 ./libnrf24l01/src/nRF24L01.o
                0x20001258                RF24_readRegister
 .text.RF24_writeRegister
                0x20001298       0x40 ./libnrf24l01/src/nRF24L01.o
                0x20001298                RF24_writeRegister
 .text.RF24_TX_setAddress
                0x200012d8       0x54 ./libnrf24l01/src/nRF24L01.o
                0x200012d8                RF24_TX_setAddress
 .text.RF24_TX_writePayloadNoAck
                0x2000132c       0x64 ./libnrf24l01/src/nRF24L01.o
                0x2000132c                RF24_TX_writePayloadNoAck
 .text.RF24_TX_activate
                0x20001390       0x2c ./libnrf24l01/src/nRF24L01.o
                0x20001390                RF24_TX_activate
 .text.RF24_TX_pulseTransmit
                0x200013bc       0x14 ./libnrf24l01/src/nRF24L01.o
                0x200013bc                RF24_TX_pulseTransmit
 .text.RF24_RX_setAddress
                0x200013d0       0x7c ./libnrf24l01/src/nRF24L01.o
                0x200013d0                RF24_RX_setAddress
 .text.RF24_RX_getPayloadWidth
                0x2000144c       0x34 ./libnrf24l01/src/nRF24L01.o
                0x2000144c                RF24_RX_getPayloadWidth
 .text.RF24_RX_getPayloadData
                0x20001480       0x60 ./libnrf24l01/src/nRF24L01.o
                0x20001480                RF24_RX_getPayloadData
 .text.RF24_PIPE_close
                0x200014e0       0x6c ./libnrf24l01/src/nRF24L01.o
                0x200014e0                RF24_PIPE_close
 .text.RF24_PIPE_closeAll
                0x2000154c       0x20 ./libnrf24l01/src/nRF24L01.o
                0x2000154c                RF24_PIPE_closeAll
 .text.RF24_PIPE_open
                0x2000156c       0x80 ./libnrf24l01/src/nRF24L01.o
                0x2000156c                RF24_PIPE_open
 .text.RF24_PIPE_setPacketSize
                0x200015ec       0x94 ./libnrf24l01/src/nRF24L01.o
                0x200015ec                RF24_PIPE_setPacketSize
 .text.RF24_RETRANS_setDelay
                0x20001680       0x3c ./libnrf24l01/src/nRF24L01.o
                0x20001680                RF24_RETRANS_setDelay
 .text.RF24_RETRANS_setCount
                0x200016bc       0x3c ./libnrf24l01/src/nRF24L01.o
                0x200016bc                RF24_RETRANS_setCount
 .text.exit     0x200016f8       0x20 e:/programfiles/ti/ccsv6/tools/compiler/gcc-arm-none-eabi-4_8-2014q3/bin/../lib/gcc/arm-none-eabi/4.8.4/../../../../arm-none-eabi/lib/armv7e-m/softfp\libc.a(lib_a-exit.o)
                0x200016f8                exit
 .text.__libc_init_array
                0x20001718       0x50 e:/programfiles/ti/ccsv6/tools/compiler/gcc-arm-none-eabi-4_8-2014q3/bin/../lib/gcc/arm-none-eabi/4.8.4/../../../../arm-none-eabi/lib/armv7e-m/softfp\libc.a(lib_a-init.o)
                0x20001718                __libc_init_array
 .text.memset   0x20001768       0x94 e:/programfiles/ti/ccsv6/tools/compiler/gcc-arm-none-eabi-4_8-2014q3/bin/../lib/gcc/arm-none-eabi/4.8.4/../../../../arm-none-eabi/lib/armv7e-m/softfp\libc.a(lib_a-memset.o)
                0x20001768                memset
 .text.startup.register_fini
                0x200017fc       0x14 e:/programfiles/ti/ccsv6/tools/compiler/gcc-arm-none-eabi-4_8-2014q3/bin/../lib/gcc/arm-none-eabi/4.8.4/../../../../arm-none-eabi/lib/armv7e-m/softfp\libc.a(lib_a-__call_atexit.o)
 .text.__call_exitprocs
                0x20001810       0xf0 e:/programfiles/ti/ccsv6/tools/compiler/gcc-arm-none-eabi-4_8-2014q3/bin/../lib/gcc/arm-none-eabi/4.8.4/../../../../arm-none-eabi/lib/armv7e-m/softfp\libc.a(lib_a-__call_atexit.o)
                0x20001810                __call_exitprocs
 .text.atexit   0x20001900        0xc e:/programfiles/ti/ccsv6/tools/compiler/gcc-arm-none-eabi-4_8-2014q3/bin/../lib/gcc/arm-none-eabi/4.8.4/../../../../arm-none-eabi/lib/armv7e-m/softfp\libc.a(lib_a-atexit.o)
                0x20001900                atexit
 .text.__libc_fini_array
                0x2000190c       0x30 e:/programfiles/ti/ccsv6/tools/compiler/gcc-arm-none-eabi-4_8-2014q3/bin/../lib/gcc/arm-none-eabi/4.8.4/../../../../arm-none-eabi/lib/armv7e-m/softfp\libc.a(lib_a-fini.o)
                0x2000190c                __libc_fini_array
 .text.__register_exitproc
                0x2000193c       0xa8 e:/programfiles/ti/ccsv6/tools/compiler/gcc-arm-none-eabi-4_8-2014q3/bin/../lib/gcc/arm-none-eabi/4.8.4/../../../../arm-none-eabi/lib/armv7e-m/softfp\libc.a(lib_a-__atexit.o)
                0x2000193c                __register_exitproc
 .text.EEPROMRead
                0x200019e4       0x40 E:/ProgramFiles/TI/TivaWare_C_Series-2.1.0.12573/driverlib/gcc\libdriver.a(eeprom.o)
                0x200019e4                EEPROMRead
 .text.GPIODirModeSet
                0x20001a24       0x2e E:/ProgramFiles/TI/TivaWare_C_Series-2.1.0.12573/driverlib/gcc\libdriver.a(gpio.o)
                0x20001a24                GPIODirModeSet
 .text.GPIOPadConfigSet
                0x20001a52      0x14e E:/ProgramFiles/TI/TivaWare_C_Series-2.1.0.12573/driverlib/gcc\libdriver.a(gpio.o)
                0x20001a52                GPIOPadConfigSet
 .text.GPIOIntEnable
                0x20001ba0        0xc E:/ProgramFiles/TI/TivaWare_C_Series-2.1.0.12573/driverlib/gcc\libdriver.a(gpio.o)
                0x20001ba0                GPIOIntEnable
 .text.GPIOIntStatus
                0x20001bac        0xe E:/ProgramFiles/TI/TivaWare_C_Series-2.1.0.12573/driverlib/gcc\libdriver.a(gpio.o)
                0x20001bac                GPIOIntStatus
 .text.GPIOIntClear
                0x20001bba        0x6 E:/ProgramFiles/TI/TivaWare_C_Series-2.1.0.12573/driverlib/gcc\libdriver.a(gpio.o)
                0x20001bba                GPIOIntClear
 .text.GPIOPinRead
                0x20001bc0        0x6 E:/ProgramFiles/TI/TivaWare_C_Series-2.1.0.12573/driverlib/gcc\libdriver.a(gpio.o)
                0x20001bc0                GPIOPinRead
 .text.GPIOPinTypeGPIOInput
                0x20001bc6       0x1c E:/ProgramFiles/TI/TivaWare_C_Series-2.1.0.12573/driverlib/gcc\libdriver.a(gpio.o)
                0x20001bc6                GPIOPinTypeGPIOInput
 .text.GPIOPinTypeGPIOOutput
                0x20001be2       0x1c E:/ProgramFiles/TI/TivaWare_C_Series-2.1.0.12573/driverlib/gcc\libdriver.a(gpio.o)
                0x20001be2                GPIOPinTypeGPIOOutput
 .text.GPIOPinTypeSSI
                0x20001bfe       0x1c E:/ProgramFiles/TI/TivaWare_C_Series-2.1.0.12573/driverlib/gcc\libdriver.a(gpio.o)
                0x20001bfe                GPIOPinTypeSSI
 *fill*         0x20001c1a        0x2 
 .text.GPIOPinConfigure
                0x20001c1c       0x4c E:/ProgramFiles/TI/TivaWare_C_Series-2.1.0.12573/driverlib/gcc\libdriver.a(gpio.o)
                0x20001c1c                GPIOPinConfigure
 .text.IntRegister
                0x20001c68       0x30 E:/ProgramFiles/TI/TivaWare_C_Series-2.1.0.12573/driverlib/gcc\libdriver.a(interrupt.o)
                0x20001c68                IntRegister
 .text.SSIConfigSetExpClk
                0x20001c98       0x4a E:/ProgramFiles/TI/TivaWare_C_Series-2.1.0.12573/driverlib/gcc\libdriver.a(ssi.o)
                0x20001c98                SSIConfigSetExpClk
 .text.SSIEnable
                0x20001ce2        0xa E:/ProgramFiles/TI/TivaWare_C_Series-2.1.0.12573/driverlib/gcc\libdriver.a(ssi.o)
                0x20001ce2                SSIEnable
 .text.SSIDisable
                0x20001cec        0xa E:/ProgramFiles/TI/TivaWare_C_Series-2.1.0.12573/driverlib/gcc\libdriver.a(ssi.o)
                0x20001cec                SSIDisable
 .text.SSIDataGetNonBlocking
                0x20001cf6       0x14 E:/ProgramFiles/TI/TivaWare_C_Series-2.1.0.12573/driverlib/gcc\libdriver.a(ssi.o)
                0x20001cf6                SSIDataGetNonBlocking
 *fill*         0x20001d0a        0x2 
 .text.SysCtlPeripheralEnable
                0x20001d0c       0x30 E:/ProgramFiles/TI/TivaWare_C_Series-2.1.0.12573/driverlib/gcc\libdriver.a(sysctl.o)
                0x20001d0c                SysCtlPeripheralEnable
 .text.SysCtlDelay
                0x20001d3c        0x6 E:/ProgramFiles/TI/TivaWare_C_Series-2.1.0.12573/driverlib/gcc\libdriver.a(sysctl.o)
                0x20001d3c                SysCtlDelay
 *fill*         0x20001d42        0x2 
 .text.SysCtlClockGet
                0x20001d44      0x15c E:/ProgramFiles/TI/TivaWare_C_Series-2.1.0.12573/driverlib/gcc\libdriver.a(sysctl.o)
                0x20001d44                SysCtlClockGet
 .text.TimerClockSourceSet
                0x20001ea0        0x6 E:/ProgramFiles/TI/TivaWare_C_Series-2.1.0.12573/driverlib/gcc\libdriver.a(timer.o)
                0x20001ea0                TimerClockSourceSet
 *fill*         0x20001ea6        0x2 
 .text._exit    0x20001ea8        0x4 e:/programfiles/ti/ccsv6/tools/compiler/gcc-arm-none-eabi-4_8-2014q3/bin/../lib/gcc/arm-none-eabi/4.8.4/../../../../arm-none-eabi/lib/armv7e-m/softfp\libnosys.a(_exit.o)
                0x20001ea8                _exit
                0x20001eac                . = ALIGN (0x4)
 *(.ctors)
                0x20001eac                . = ALIGN (0x4)
 *(.dtors)
                0x20001eac                . = ALIGN (0x4)
                0x20001eac                __init_array_start = .
 *(.init_array*)
 .init_array    0x20001eac        0x4 e:/programfiles/ti/ccsv6/tools/compiler/gcc-arm-none-eabi-4_8-2014q3/bin/../lib/gcc/arm-none-eabi/4.8.4/armv7e-m/softfp/crtbegin.o
 .init_array.00000
                0x20001eb0        0x4 e:/programfiles/ti/ccsv6/tools/compiler/gcc-arm-none-eabi-4_8-2014q3/bin/../lib/gcc/arm-none-eabi/4.8.4/../../../../arm-none-eabi/lib/armv7e-m/softfp\libc.a(lib_a-__call_atexit.o)
                0x20001eb4                __init_array_end = .
 *(.init)
 .init          0x20001eb4        0x4 e:/programfiles/ti/ccsv6/tools/compiler/gcc-arm-none-eabi-4_8-2014q3/bin/../lib/gcc/arm-none-eabi/4.8.4/armv7e-m/softfp/crti.o
                0x20001eb4                _init
 *(.fini*)
 .fini          0x20001eb8        0x4 e:/programfiles/ti/ccsv6/tools/compiler/gcc-arm-none-eabi-4_8-2014q3/bin/../lib/gcc/arm-none-eabi/4.8.4/armv7e-m/softfp/crti.o
                0x20001eb8                _fini
 *(.rodata)
 *(.rodata*)
 .rodata.str1.4
                0x20001ebc        0x4 e:/programfiles/ti/ccsv6/tools/compiler/gcc-arm-none-eabi-4_8-2014q3/bin/../lib/gcc/arm-none-eabi/4.8.4/../../../../arm-none-eabi/lib/armv7e-m/softfp\libc.a(lib_a-impure.o)
 .rodata._global_impure_ptr
                0x20001ec0        0x4 e:/programfiles/ti/ccsv6/tools/compiler/gcc-arm-none-eabi-4_8-2014q3/bin/../lib/gcc/arm-none-eabi/4.8.4/../../../../arm-none-eabi/lib/armv7e-m/softfp\libc.a(lib_a-impure.o)
                0x20001ec0                _global_impure_ptr
 .rodata.g_pui32GPIOBaseAddrs
                0x20001ec4       0x90 E:/ProgramFiles/TI/TivaWare_C_Series-2.1.0.12573/driverlib/gcc\libdriver.a(gpio.o)
 .rodata.g_pui32Xtals
                0x20001f54       0x6c E:/ProgramFiles/TI/TivaWare_C_Series-2.1.0.12573/driverlib/gcc\libdriver.a(sysctl.o)
 *(.eh_frame)
 .eh_frame      0x20001fc0        0x0 e:/programfiles/ti/ccsv6/tools/compiler/gcc-arm-none-eabi-4_8-2014q3/bin/../lib/gcc/arm-none-eabi/4.8.4/armv7e-m/softfp/crtbegin.o
                0x20001fc0                PROVIDE (__etext, .)
                0x20001fc0                PROVIDE (_etext, .)
                0x20001fc0                PROVIDE (etext, .)

.glue_7         0x00000000        0x0
 .glue_7        0x00000000        0x0 linker stubs

.glue_7t        0x00000000        0x0
 .glue_7t       0x00000000        0x0 linker stubs

.vfp11_veneer   0x00000000        0x0
 .vfp11_veneer  0x00000000        0x0 linker stubs

.v4_bx          0x00000000        0x0
 .v4_bx         0x00000000        0x0 linker stubs

.iplt           0x00000000        0x0
 .iplt          0x00000000        0x0 e:/programfiles/ti/ccsv6/tools/compiler/gcc-arm-none-eabi-4_8-2014q3/bin/../lib/gcc/arm-none-eabi/4.8.4/armv7e-m/softfp/crtbegin.o

.ARM.exidx      0x20001fc0        0x8
                0x20001fc0                __exidx_start = .
 *(.ARM.exidx* .gnu.linkonce.armexidx.*)
 .ARM.exidx     0x20001fc0        0x8 e:/programfiles/ti/ccsv6/tools/compiler/gcc-arm-none-eabi-4_8-2014q3/bin/../lib/gcc/arm-none-eabi/4.8.4/../../../../arm-none-eabi/lib/armv7e-m/softfp/crt0.o
                0x20001fc8                __exidx_end = .

.rel.dyn        0x00000000        0x0
 .rel.iplt      0x00000000        0x0 e:/programfiles/ti/ccsv6/tools/compiler/gcc-arm-none-eabi-4_8-2014q3/bin/../lib/gcc/arm-none-eabi/4.8.4/armv7e-m/softfp/crtbegin.o

.ARM.extab      0x20001fc8        0x0
 *(.ARM.extab* .gnu.linkonce.armextab.*)
                0x20001fc8                PROVIDE (_data_run_address, (((_text_run_address + SIZEOF (.text)) + SIZEOF (.ARM.exidx)) + SIZEOF (.ARM.extab)))

.data           0x20001fc8      0x434
                0x20001fc8                __data_start__ = .
 *(.data)
 .data          0x20001fc8        0x0 e:/programfiles/ti/ccsv6/tools/compiler/gcc-arm-none-eabi-4_8-2014q3/bin/../lib/gcc/arm-none-eabi/4.8.4/armv7e-m/softfp/crti.o
 .data          0x20001fc8        0x4 e:/programfiles/ti/ccsv6/tools/compiler/gcc-arm-none-eabi-4_8-2014q3/bin/../lib/gcc/arm-none-eabi/4.8.4/armv7e-m/softfp/crtbegin.o
                0x20001fc8                __dso_handle
 .data          0x20001fcc        0x0 e:/programfiles/ti/ccsv6/tools/compiler/gcc-arm-none-eabi-4_8-2014q3/bin/../lib/gcc/arm-none-eabi/4.8.4/../../../../arm-none-eabi/lib/armv7e-m/softfp/crt0.o
 .data          0x20001fcc        0x0 ./bl_main.o
 .data          0x20001fcc        0x0 ./bl_startup_gcc.o
 .data          0x20001fcc        0x0 ./libnrf24l01/src/TM4C123_nRF24L01.o
 .data          0x20001fcc        0x0 ./libnrf24l01/src/nRF24L01.o
 .data          0x20001fcc        0x0 ./libcc2500/src/TM4C123_CC2500.o
 .data          0x20001fcc        0x0 ./libcc2500/src/cc2500.o
 .data          0x20001fcc        0x0 e:/programfiles/ti/ccsv6/tools/compiler/gcc-arm-none-eabi-4_8-2014q3/bin/../lib/gcc/arm-none-eabi/4.8.4/../../../../arm-none-eabi/lib/armv7e-m/softfp\libc.a(lib_a-exit.o)
 .data          0x20001fcc        0x0 e:/programfiles/ti/ccsv6/tools/compiler/gcc-arm-none-eabi-4_8-2014q3/bin/../lib/gcc/arm-none-eabi/4.8.4/../../../../arm-none-eabi/lib/armv7e-m/softfp\libc.a(lib_a-impure.o)
 .data          0x20001fcc        0x0 e:/programfiles/ti/ccsv6/tools/compiler/gcc-arm-none-eabi-4_8-2014q3/bin/../lib/gcc/arm-none-eabi/4.8.4/../../../../arm-none-eabi/lib/armv7e-m/softfp\libc.a(lib_a-init.o)
 .data          0x20001fcc        0x0 e:/programfiles/ti/ccsv6/tools/compiler/gcc-arm-none-eabi-4_8-2014q3/bin/../lib/gcc/arm-none-eabi/4.8.4/../../../../arm-none-eabi/lib/armv7e-m/softfp\libc.a(lib_a-memset.o)
 .data          0x20001fcc        0x0 e:/programfiles/ti/ccsv6/tools/compiler/gcc-arm-none-eabi-4_8-2014q3/bin/../lib/gcc/arm-none-eabi/4.8.4/../../../../arm-none-eabi/lib/armv7e-m/softfp\libc.a(lib_a-__call_atexit.o)
 .data          0x20001fcc        0x0 e:/programfiles/ti/ccsv6/tools/compiler/gcc-arm-none-eabi-4_8-2014q3/bin/../lib/gcc/arm-none-eabi/4.8.4/../../../../arm-none-eabi/lib/armv7e-m/softfp\libc.a(lib_a-atexit.o)
 .data          0x20001fcc        0x0 e:/programfiles/ti/ccsv6/tools/compiler/gcc-arm-none-eabi-4_8-2014q3/bin/../lib/gcc/arm-none-eabi/4.8.4/../../../../arm-none-eabi/lib/armv7e-m/softfp\libc.a(lib_a-fini.o)
 .data          0x20001fcc        0x0 e:/programfiles/ti/ccsv6/tools/compiler/gcc-arm-none-eabi-4_8-2014q3/bin/../lib/gcc/arm-none-eabi/4.8.4/../../../../arm-none-eabi/lib/armv7e-m/softfp\libc.a(lib_a-__atexit.o)
 .data          0x20001fcc        0x0 E:/ProgramFiles/TI/TivaWare_C_Series-2.1.0.12573/driverlib/gcc\libdriver.a(eeprom.o)
 .data          0x20001fcc        0x0 E:/ProgramFiles/TI/TivaWare_C_Series-2.1.0.12573/driverlib/gcc\libdriver.a(gpio.o)
 .data          0x20001fcc        0x0 E:/ProgramFiles/TI/TivaWare_C_Series-2.1.0.12573/driverlib/gcc\libdriver.a(interrupt.o)
 .data          0x20001fcc        0x0 E:/ProgramFiles/TI/TivaWare_C_Series-2.1.0.12573/driverlib/gcc\libdriver.a(ssi.o)
 .data          0x20001fcc        0x0 E:/ProgramFiles/TI/TivaWare_C_Series-2.1.0.12573/driverlib/gcc\libdriver.a(sysctl.o)
 .data          0x20001fcc        0x0 E:/ProgramFiles/TI/TivaWare_C_Series-2.1.0.12573/driverlib/gcc\libdriver.a(timer.o)
 .data          0x20001fcc        0x0 E:/ProgramFiles/TI/TivaWare_C_Series-2.1.0.12573/driverlib/gcc\libdriver.a(cpu.o)
 .data          0x20001fcc        0x0 e:/programfiles/ti/ccsv6/tools/compiler/gcc-arm-none-eabi-4_8-2014q3/bin/../lib/gcc/arm-none-eabi/4.8.4/../../../../arm-none-eabi/lib/armv7e-m/softfp\libnosys.a(_exit.o)
 .data          0x20001fcc        0x0 e:/programfiles/ti/ccsv6/tools/compiler/gcc-arm-none-eabi-4_8-2014q3/bin/../lib/gcc/arm-none-eabi/4.8.4/armv7e-m/softfp/crtend.o
 .data          0x20001fcc        0x0 e:/programfiles/ti/ccsv6/tools/compiler/gcc-arm-none-eabi-4_8-2014q3/bin/../lib/gcc/arm-none-eabi/4.8.4/armv7e-m/softfp/crtn.o
 *(.data*)
 *fill*         0x20001fcc        0x4 
 .data.impure_data
                0x20001fd0      0x428 e:/programfiles/ti/ccsv6/tools/compiler/gcc-arm-none-eabi-4_8-2014q3/bin/../lib/gcc/arm-none-eabi/4.8.4/../../../../arm-none-eabi/lib/armv7e-m/softfp\libc.a(lib_a-impure.o)
 .data._impure_ptr
                0x200023f8        0x4 e:/programfiles/ti/ccsv6/tools/compiler/gcc-arm-none-eabi-4_8-2014q3/bin/../lib/gcc/arm-none-eabi/4.8.4/../../../../arm-none-eabi/lib/armv7e-m/softfp\libc.a(lib_a-impure.o)
                0x200023f8                _impure_ptr
                0x200023fc                . = ALIGN (0x4)
                0x200023fc                __data_end__ = .

.jcr            0x20000000        0x0
 .jcr           0x20000000        0x0 e:/programfiles/ti/ccsv6/tools/compiler/gcc-arm-none-eabi-4_8-2014q3/bin/../lib/gcc/arm-none-eabi/4.8.4/armv7e-m/softfp/crtbegin.o

.igot.plt       0x20000000        0x0
 .igot.plt      0x00000000        0x0 e:/programfiles/ti/ccsv6/tools/compiler/gcc-arm-none-eabi-4_8-2014q3/bin/../lib/gcc/arm-none-eabi/4.8.4/armv7e-m/softfp/crtbegin.o

vtable          0x20000000      0x400
                0x20000000                PROVIDE (__start_vtable, .)
 vtable         0x20000000      0x400 E:/ProgramFiles/TI/TivaWare_C_Series-2.1.0.12573/driverlib/gcc\libdriver.a(interrupt.o)
                0x20000400                PROVIDE (__stop_vtable, .)

.bss            0x200023fc      0x464
                0x200023fc                __bss_start__ = .
                0x200023fc                PROVIDE (__bss_start__, .)
                0x200023fc                PROVIDE (_bss_start_, .)
                0x200023fc                PROVIDE (bss_start, .)
                0x200023fc                PROVIDE (_bss_, .)
                0x200023fc                PROVIDE (_bss, .)
 *(.shbss)
 *(.bss)
 .bss           0x200023fc        0x0 e:/programfiles/ti/ccsv6/tools/compiler/gcc-arm-none-eabi-4_8-2014q3/bin/../lib/gcc/arm-none-eabi/4.8.4/armv7e-m/softfp/crti.o
 .bss           0x200023fc       0x1c e:/programfiles/ti/ccsv6/tools/compiler/gcc-arm-none-eabi-4_8-2014q3/bin/../lib/gcc/arm-none-eabi/4.8.4/armv7e-m/softfp/crtbegin.o
 .bss           0x20002418        0x0 e:/programfiles/ti/ccsv6/tools/compiler/gcc-arm-none-eabi-4_8-2014q3/bin/../lib/gcc/arm-none-eabi/4.8.4/../../../../arm-none-eabi/lib/armv7e-m/softfp/crt0.o
 .bss           0x20002418        0x0 ./bl_main.o
 .bss           0x20002418      0x400 ./bl_startup_gcc.o
 .bss           0x20002818        0x0 ./libnrf24l01/src/TM4C123_nRF24L01.o
 .bss           0x20002818        0x0 ./libnrf24l01/src/nRF24L01.o
 .bss           0x20002818        0x0 ./libcc2500/src/TM4C123_CC2500.o
 .bss           0x20002818        0x0 ./libcc2500/src/cc2500.o
 .bss           0x20002818        0x0 e:/programfiles/ti/ccsv6/tools/compiler/gcc-arm-none-eabi-4_8-2014q3/bin/../lib/gcc/arm-none-eabi/4.8.4/../../../../arm-none-eabi/lib/armv7e-m/softfp\libc.a(lib_a-exit.o)
 .bss           0x20002818        0x0 e:/programfiles/ti/ccsv6/tools/compiler/gcc-arm-none-eabi-4_8-2014q3/bin/../lib/gcc/arm-none-eabi/4.8.4/../../../../arm-none-eabi/lib/armv7e-m/softfp\libc.a(lib_a-impure.o)
 .bss           0x20002818        0x0 e:/programfiles/ti/ccsv6/tools/compiler/gcc-arm-none-eabi-4_8-2014q3/bin/../lib/gcc/arm-none-eabi/4.8.4/../../../../arm-none-eabi/lib/armv7e-m/softfp\libc.a(lib_a-init.o)
 .bss           0x20002818        0x0 e:/programfiles/ti/ccsv6/tools/compiler/gcc-arm-none-eabi-4_8-2014q3/bin/../lib/gcc/arm-none-eabi/4.8.4/../../../../arm-none-eabi/lib/armv7e-m/softfp\libc.a(lib_a-memset.o)
 .bss           0x20002818        0x0 e:/programfiles/ti/ccsv6/tools/compiler/gcc-arm-none-eabi-4_8-2014q3/bin/../lib/gcc/arm-none-eabi/4.8.4/../../../../arm-none-eabi/lib/armv7e-m/softfp\libc.a(lib_a-__call_atexit.o)
 .bss           0x20002818        0x0 e:/programfiles/ti/ccsv6/tools/compiler/gcc-arm-none-eabi-4_8-2014q3/bin/../lib/gcc/arm-none-eabi/4.8.4/../../../../arm-none-eabi/lib/armv7e-m/softfp\libc.a(lib_a-atexit.o)
 .bss           0x20002818        0x0 e:/programfiles/ti/ccsv6/tools/compiler/gcc-arm-none-eabi-4_8-2014q3/bin/../lib/gcc/arm-none-eabi/4.8.4/../../../../arm-none-eabi/lib/armv7e-m/softfp\libc.a(lib_a-fini.o)
 .bss           0x20002818        0x0 e:/programfiles/ti/ccsv6/tools/compiler/gcc-arm-none-eabi-4_8-2014q3/bin/../lib/gcc/arm-none-eabi/4.8.4/../../../../arm-none-eabi/lib/armv7e-m/softfp\libc.a(lib_a-__atexit.o)
 .bss           0x20002818        0x0 E:/ProgramFiles/TI/TivaWare_C_Series-2.1.0.12573/driverlib/gcc\libdriver.a(eeprom.o)
 .bss           0x20002818        0x0 E:/ProgramFiles/TI/TivaWare_C_Series-2.1.0.12573/driverlib/gcc\libdriver.a(gpio.o)
 .bss           0x20002818        0x0 E:/ProgramFiles/TI/TivaWare_C_Series-2.1.0.12573/driverlib/gcc\libdriver.a(interrupt.o)
 .bss           0x20002818        0x0 E:/ProgramFiles/TI/TivaWare_C_Series-2.1.0.12573/driverlib/gcc\libdriver.a(ssi.o)
 .bss           0x20002818        0x0 E:/ProgramFiles/TI/TivaWare_C_Series-2.1.0.12573/driverlib/gcc\libdriver.a(sysctl.o)
 .bss           0x20002818        0x0 E:/ProgramFiles/TI/TivaWare_C_Series-2.1.0.12573/driverlib/gcc\libdriver.a(timer.o)
 .bss           0x20002818        0x0 E:/ProgramFiles/TI/TivaWare_C_Series-2.1.0.12573/driverlib/gcc\libdriver.a(cpu.o)
 .bss           0x20002818        0x0 e:/programfiles/ti/ccsv6/tools/compiler/gcc-arm-none-eabi-4_8-2014q3/bin/../lib/gcc/arm-none-eabi/4.8.4/../../../../arm-none-eabi/lib/armv7e-m/softfp\libnosys.a(_exit.o)
 .bss           0x20002818        0x0 e:/programfiles/ti/ccsv6/tools/compiler/gcc-arm-none-eabi-4_8-2014q3/bin/../lib/gcc/arm-none-eabi/4.8.4/armv7e-m/softfp/crtend.o
 .bss           0x20002818        0x0 e:/programfiles/ti/ccsv6/tools/compiler/gcc-arm-none-eabi-4_8-2014q3/bin/../lib/gcc/arm-none-eabi/4.8.4/armv7e-m/softfp/crtn.o
 *(.bss.*)
 .bss.CEState   0x20002818        0x1 ./libnrf24l01/src/TM4C123_nRF24L01.o
 .bss.g_bIsIntEnable
                0x20002819        0x1 ./libnrf24l01/src/TM4C123_nRF24L01.o
 .bss.crcConfig
                0x2000281a        0x1 ./libnrf24l01/src/nRF24L01.o
 .bss.addressWidth
                0x2000281b        0x1 ./libnrf24l01/src/nRF24L01.o
 .bss.status    0x2000281c        0x1 ./libnrf24l01/src/nRF24L01.o
 .bss.features  0x2000281d        0x1 ./libnrf24l01/src/nRF24L01.o
 *(COMMON)
 *fill*         0x2000281e        0x2 
 COMMON         0x20002820       0x40 ./bl_main.o
                0x20002820                g_ui32RandomWIndex
                0x20002824                g_ui32TransferSize
                0x20002828                g_ui32RobotId
                0x2000282c                g_ui32WaitingPeriodUs
                0x20002830                ui8RxLength
                0x20002834                g_ui32RandomW
                0x20002838                pui8RfBuffer
                0x20002860                . = ALIGN (0x4)
                0x20002860                __bss_end__ = .
                0x20002860                PROVIDE (_bss_end_, .)
                0x20002860                PROVIDE (bss_end, .)
                0x20002860                PROVIDE (_ebss_, .)
                0x20002860                PROVIDE (_ebss, .)
START GROUP
LOAD e:/programfiles/ti/ccsv6/tools/compiler/gcc-arm-none-eabi-4_8-2014q3/bin/../lib/gcc/arm-none-eabi/4.8.4/../../../../arm-none-eabi/lib/armv7e-m/softfp\libc.a
LOAD E:/ProgramFiles/TI/TivaWare_C_Series-2.1.0.12573/driverlib/gcc\libdriver.a
LOAD e:/programfiles/ti/ccsv6/tools/compiler/gcc-arm-none-eabi-4_8-2014q3/bin/../lib/gcc/arm-none-eabi/4.8.4/armv7e-m/softfp\libgcc.a
LOAD e:/programfiles/ti/ccsv6/tools/compiler/gcc-arm-none-eabi-4_8-2014q3/bin/../lib/gcc/arm-none-eabi/4.8.4/../../../../arm-none-eabi/lib/armv7e-m/softfp\libnosys.a
END GROUP
START GROUP
LOAD e:/programfiles/ti/ccsv6/tools/compiler/gcc-arm-none-eabi-4_8-2014q3/bin/../lib/gcc/arm-none-eabi/4.8.4/armv7e-m/softfp\libgcc.a
LOAD e:/programfiles/ti/ccsv6/tools/compiler/gcc-arm-none-eabi-4_8-2014q3/bin/../lib/gcc/arm-none-eabi/4.8.4/../../../../arm-none-eabi/lib/armv7e-m/softfp\libg.a
LOAD e:/programfiles/ti/ccsv6/tools/compiler/gcc-arm-none-eabi-4_8-2014q3/bin/../lib/gcc/arm-none-eabi/4.8.4/../../../../arm-none-eabi/lib/armv7e-m/softfp\libc.a
END GROUP
LOAD e:/programfiles/ti/ccsv6/tools/compiler/gcc-arm-none-eabi-4_8-2014q3/bin/../lib/gcc/arm-none-eabi/4.8.4/armv7e-m/softfp/crtend.o
LOAD e:/programfiles/ti/ccsv6/tools/compiler/gcc-arm-none-eabi-4_8-2014q3/bin/../lib/gcc/arm-none-eabi/4.8.4/armv7e-m/softfp/crtn.o
OUTPUT(BootloaderRFV4.out elf32-littlearm)

.ARM.attributes
                0x00000000       0x30
 .ARM.attributes
                0x00000000       0x22 e:/programfiles/ti/ccsv6/tools/compiler/gcc-arm-none-eabi-4_8-2014q3/bin/../lib/gcc/arm-none-eabi/4.8.4/armv7e-m/softfp/crti.o
 .ARM.attributes
                0x00000022       0x32 e:/programfiles/ti/ccsv6/tools/compiler/gcc-arm-none-eabi-4_8-2014q3/bin/../lib/gcc/arm-none-eabi/4.8.4/armv7e-m/softfp/crtbegin.o
 .ARM.attributes
                0x00000054       0x20 e:/programfiles/ti/ccsv6/tools/compiler/gcc-arm-none-eabi-4_8-2014q3/bin/../lib/gcc/arm-none-eabi/4.8.4/../../../../arm-none-eabi/lib/armv7e-m/softfp/crt0.o
 .ARM.attributes
                0x00000074       0x37 ./bl_main.o
 .ARM.attributes
                0x000000ab       0x20 ./bl_startup_gcc.o
 .ARM.attributes
                0x000000cb       0x37 ./libnrf24l01/src/TM4C123_nRF24L01.o
 .ARM.attributes
                0x00000102       0x37 ./libnrf24l01/src/nRF24L01.o
 .ARM.attributes
                0x00000139       0x37 ./libcc2500/src/TM4C123_CC2500.o
 .ARM.attributes
                0x00000170       0x37 ./libcc2500/src/cc2500.o
 .ARM.attributes
                0x000001a7       0x32 e:/programfiles/ti/ccsv6/tools/compiler/gcc-arm-none-eabi-4_8-2014q3/bin/../lib/gcc/arm-none-eabi/4.8.4/../../../../arm-none-eabi/lib/armv7e-m/softfp\libc.a(lib_a-exit.o)
 .ARM.attributes
                0x000001d9       0x32 e:/programfiles/ti/ccsv6/tools/compiler/gcc-arm-none-eabi-4_8-2014q3/bin/../lib/gcc/arm-none-eabi/4.8.4/../../../../arm-none-eabi/lib/armv7e-m/softfp\libc.a(lib_a-impure.o)
 .ARM.attributes
                0x0000020b       0x32 e:/programfiles/ti/ccsv6/tools/compiler/gcc-arm-none-eabi-4_8-2014q3/bin/../lib/gcc/arm-none-eabi/4.8.4/../../../../arm-none-eabi/lib/armv7e-m/softfp\libc.a(lib_a-init.o)
 .ARM.attributes
                0x0000023d       0x32 e:/programfiles/ti/ccsv6/tools/compiler/gcc-arm-none-eabi-4_8-2014q3/bin/../lib/gcc/arm-none-eabi/4.8.4/../../../../arm-none-eabi/lib/armv7e-m/softfp\libc.a(lib_a-memset.o)
 .ARM.attributes
                0x0000026f       0x32 e:/programfiles/ti/ccsv6/tools/compiler/gcc-arm-none-eabi-4_8-2014q3/bin/../lib/gcc/arm-none-eabi/4.8.4/../../../../arm-none-eabi/lib/armv7e-m/softfp\libc.a(lib_a-__call_atexit.o)
 .ARM.attributes
                0x000002a1       0x32 e:/programfiles/ti/ccsv6/tools/compiler/gcc-arm-none-eabi-4_8-2014q3/bin/../lib/gcc/arm-none-eabi/4.8.4/../../../../arm-none-eabi/lib/armv7e-m/softfp\libc.a(lib_a-atexit.o)
 .ARM.attributes
                0x000002d3       0x32 e:/programfiles/ti/ccsv6/tools/compiler/gcc-arm-none-eabi-4_8-2014q3/bin/../lib/gcc/arm-none-eabi/4.8.4/../../../../arm-none-eabi/lib/armv7e-m/softfp\libc.a(lib_a-fini.o)
 .ARM.attributes
                0x00000305       0x32 e:/programfiles/ti/ccsv6/tools/compiler/gcc-arm-none-eabi-4_8-2014q3/bin/../lib/gcc/arm-none-eabi/4.8.4/../../../../arm-none-eabi/lib/armv7e-m/softfp\libc.a(lib_a-__atexit.o)
 .ARM.attributes
                0x00000337       0x37 E:/ProgramFiles/TI/TivaWare_C_Series-2.1.0.12573/driverlib/gcc\libdriver.a(eeprom.o)
 .ARM.attributes
                0x0000036e       0x37 E:/ProgramFiles/TI/TivaWare_C_Series-2.1.0.12573/driverlib/gcc\libdriver.a(gpio.o)
 .ARM.attributes
                0x000003a5       0x37 E:/ProgramFiles/TI/TivaWare_C_Series-2.1.0.12573/driverlib/gcc\libdriver.a(interrupt.o)
 .ARM.attributes
                0x000003dc       0x37 E:/ProgramFiles/TI/TivaWare_C_Series-2.1.0.12573/driverlib/gcc\libdriver.a(ssi.o)
 .ARM.attributes
                0x00000413       0x37 E:/ProgramFiles/TI/TivaWare_C_Series-2.1.0.12573/driverlib/gcc\libdriver.a(sysctl.o)
 .ARM.attributes
                0x0000044a       0x37 E:/ProgramFiles/TI/TivaWare_C_Series-2.1.0.12573/driverlib/gcc\libdriver.a(timer.o)
 .ARM.attributes
                0x00000481       0x37 E:/ProgramFiles/TI/TivaWare_C_Series-2.1.0.12573/driverlib/gcc\libdriver.a(cpu.o)
 .ARM.attributes
                0x000004b8       0x32 e:/programfiles/ti/ccsv6/tools/compiler/gcc-arm-none-eabi-4_8-2014q3/bin/../lib/gcc/arm-none-eabi/4.8.4/../../../../arm-none-eabi/lib/armv7e-m/softfp\libnosys.a(_exit.o)
 .ARM.attributes
                0x000004ea       0x32 e:/programfiles/ti/ccsv6/tools/compiler/gcc-arm-none-eabi-4_8-2014q3/bin/../lib/gcc/arm-none-eabi/4.8.4/armv7e-m/softfp/crtend.o
 .ARM.attributes
                0x0000051c       0x22 e:/programfiles/ti/ccsv6/tools/compiler/gcc-arm-none-eabi-4_8-2014q3/bin/../lib/gcc/arm-none-eabi/4.8.4/armv7e-m/softfp/crtn.o

.comment        0x00000000       0x9b
 .comment       0x00000000       0x70 ./bl_main.o
                                 0x71 (size before relaxing)
 .comment       0x00000000       0x71 ./libnrf24l01/src/TM4C123_nRF24L01.o
 .comment       0x00000000       0x71 ./libnrf24l01/src/nRF24L01.o
 .comment       0x00000000       0x71 ./libcc2500/src/TM4C123_CC2500.o
 .comment       0x00000000       0x71 ./libcc2500/src/cc2500.o
 .comment       0x00000070       0x2b E:/ProgramFiles/TI/TivaWare_C_Series-2.1.0.12573/driverlib/gcc\libdriver.a(eeprom.o)
                                 0x2c (size before relaxing)
 .comment       0x00000000       0x2c E:/ProgramFiles/TI/TivaWare_C_Series-2.1.0.12573/driverlib/gcc\libdriver.a(gpio.o)
 .comment       0x00000000       0x2c E:/ProgramFiles/TI/TivaWare_C_Series-2.1.0.12573/driverlib/gcc\libdriver.a(interrupt.o)
 .comment       0x00000000       0x2c E:/ProgramFiles/TI/TivaWare_C_Series-2.1.0.12573/driverlib/gcc\libdriver.a(ssi.o)
 .comment       0x00000000       0x2c E:/ProgramFiles/TI/TivaWare_C_Series-2.1.0.12573/driverlib/gcc\libdriver.a(sysctl.o)
 .comment       0x00000000       0x2c E:/ProgramFiles/TI/TivaWare_C_Series-2.1.0.12573/driverlib/gcc\libdriver.a(timer.o)
 .comment       0x00000000       0x2c E:/ProgramFiles/TI/TivaWare_C_Series-2.1.0.12573/driverlib/gcc\libdriver.a(cpu.o)

.debug_info     0x00000000     0x11a6
 .debug_info    0x00000000      0x39c ./bl_main.o
 .debug_info    0x0000039c       0x82 ./bl_startup_gcc.o
 .debug_info    0x0000041e      0x21b ./libnrf24l01/src/TM4C123_nRF24L01.o
 .debug_info    0x00000639      0xb6d ./libnrf24l01/src/nRF24L01.o

.debug_abbrev   0x00000000      0x436
 .debug_abbrev  0x00000000      0x132 ./bl_main.o
 .debug_abbrev  0x00000132       0x14 ./bl_startup_gcc.o
 .debug_abbrev  0x00000146       0xd9 ./libnrf24l01/src/TM4C123_nRF24L01.o
 .debug_abbrev  0x0000021f      0x217 ./libnrf24l01/src/nRF24L01.o

.debug_aranges  0x00000000      0x2a0
 .debug_aranges
                0x00000000       0x60 ./bl_main.o
 .debug_aranges
                0x00000060       0x20 ./bl_startup_gcc.o
 .debug_aranges
                0x00000080       0x90 ./libnrf24l01/src/TM4C123_nRF24L01.o
 .debug_aranges
                0x00000110      0x190 ./libnrf24l01/src/nRF24L01.o

.debug_ranges   0x00000000      0x250
 .debug_ranges  0x00000000       0x50 ./bl_main.o
 .debug_ranges  0x00000050       0x80 ./libnrf24l01/src/TM4C123_nRF24L01.o
 .debug_ranges  0x000000d0      0x180 ./libnrf24l01/src/nRF24L01.o

.debug_line     0x00000000      0xcb9
 .debug_line    0x00000000      0x298 ./bl_main.o
 .debug_line    0x00000298       0x92 ./bl_startup_gcc.o
 .debug_line    0x0000032a      0x255 ./libnrf24l01/src/TM4C123_nRF24L01.o
 .debug_line    0x0000057f      0x73a ./libnrf24l01/src/nRF24L01.o
 .debug_line    0x00000cb9        0x0 ./libcc2500/src/TM4C123_CC2500.o
 .debug_line    0x00000cb9        0x0 ./libcc2500/src/cc2500.o

.debug_str      0x00000000      0xc28
 .debug_str     0x00000000      0x4a3 ./bl_main.o
                                0x4f9 (size before relaxing)
 .debug_str     0x000004a3      0x180 ./libnrf24l01/src/TM4C123_nRF24L01.o
                                0x34a (size before relaxing)
 .debug_str     0x00000623      0x605 ./libnrf24l01/src/nRF24L01.o
                                0x893 (size before relaxing)
 .debug_str     0x00000c28        0x0 ./libcc2500/src/TM4C123_CC2500.o
 .debug_str     0x00000c28        0x0 ./libcc2500/src/cc2500.o

.debug_frame    0x00000000      0xa00
 .debug_frame   0x00000000      0x114 ./bl_main.o
 .debug_frame   0x00000114      0x1bc ./libnrf24l01/src/TM4C123_nRF24L01.o
 .debug_frame   0x000002d0      0x5cc ./libnrf24l01/src/nRF24L01.o
 .debug_frame   0x0000089c       0x28 e:/programfiles/ti/ccsv6/tools/compiler/gcc-arm-none-eabi-4_8-2014q3/bin/../lib/gcc/arm-none-eabi/4.8.4/../../../../arm-none-eabi/lib/armv7e-m/softfp\libc.a(lib_a-exit.o)
 .debug_frame   0x000008c4       0x2c e:/programfiles/ti/ccsv6/tools/compiler/gcc-arm-none-eabi-4_8-2014q3/bin/../lib/gcc/arm-none-eabi/4.8.4/../../../../arm-none-eabi/lib/armv7e-m/softfp\libc.a(lib_a-init.o)
 .debug_frame   0x000008f0       0x2c e:/programfiles/ti/ccsv6/tools/compiler/gcc-arm-none-eabi-4_8-2014q3/bin/../lib/gcc/arm-none-eabi/4.8.4/../../../../arm-none-eabi/lib/armv7e-m/softfp\libc.a(lib_a-memset.o)
 .debug_frame   0x0000091c       0x48 e:/programfiles/ti/ccsv6/tools/compiler/gcc-arm-none-eabi-4_8-2014q3/bin/../lib/gcc/arm-none-eabi/4.8.4/../../../../arm-none-eabi/lib/armv7e-m/softfp\libc.a(lib_a-__call_atexit.o)
 .debug_frame   0x00000964       0x20 e:/programfiles/ti/ccsv6/tools/compiler/gcc-arm-none-eabi-4_8-2014q3/bin/../lib/gcc/arm-none-eabi/4.8.4/../../../../arm-none-eabi/lib/armv7e-m/softfp\libc.a(lib_a-atexit.o)
 .debug_frame   0x00000984       0x2c e:/programfiles/ti/ccsv6/tools/compiler/gcc-arm-none-eabi-4_8-2014q3/bin/../lib/gcc/arm-none-eabi/4.8.4/../../../../arm-none-eabi/lib/armv7e-m/softfp\libc.a(lib_a-fini.o)
 .debug_frame   0x000009b0       0x30 e:/programfiles/ti/ccsv6/tools/compiler/gcc-arm-none-eabi-4_8-2014q3/bin/../lib/gcc/arm-none-eabi/4.8.4/../../../../arm-none-eabi/lib/armv7e-m/softfp\libc.a(lib_a-__atexit.o)
 .debug_frame   0x000009e0       0x20 e:/programfiles/ti/ccsv6/tools/compiler/gcc-arm-none-eabi-4_8-2014q3/bin/../lib/gcc/arm-none-eabi/4.8.4/../../../../arm-none-eabi/lib/armv7e-m/softfp\libnosys.a(_exit.o)
