Archive member included because of file (symbol)

d:/ti/ccsv6/tools/compiler/gcc-arm-none-eabi-4_7-2013q3/bin/../lib/gcc/arm-none-eabi/4.7.4/../../../../arm-none-eabi/lib/armv7e-m/softfp\libc.a(lib_a-__atexit.o)
                              d:/ti/ccsv6/tools/compiler/gcc-arm-none-eabi-4_7-2013q3/bin/../lib/gcc/arm-none-eabi/4.7.4/../../../../arm-none-eabi/lib/armv7e-m/softfp/crt0.o (__register_exitproc)
d:/ti/ccsv6/tools/compiler/gcc-arm-none-eabi-4_7-2013q3/bin/../lib/gcc/arm-none-eabi/4.7.4/../../../../arm-none-eabi/lib/armv7e-m/softfp\libc.a(lib_a-exit.o)
                              d:/ti/ccsv6/tools/compiler/gcc-arm-none-eabi-4_7-2013q3/bin/../lib/gcc/arm-none-eabi/4.7.4/../../../../arm-none-eabi/lib/armv7e-m/softfp/crt0.o (exit)
d:/ti/ccsv6/tools/compiler/gcc-arm-none-eabi-4_7-2013q3/bin/../lib/gcc/arm-none-eabi/4.7.4/../../../../arm-none-eabi/lib/armv7e-m/softfp\libc.a(lib_a-fini.o)
                              d:/ti/ccsv6/tools/compiler/gcc-arm-none-eabi-4_7-2013q3/bin/../lib/gcc/arm-none-eabi/4.7.4/../../../../arm-none-eabi/lib/armv7e-m/softfp/crt0.o (__libc_fini_array)
d:/ti/ccsv6/tools/compiler/gcc-arm-none-eabi-4_7-2013q3/bin/../lib/gcc/arm-none-eabi/4.7.4/../../../../arm-none-eabi/lib/armv7e-m/softfp\libc.a(lib_a-impure.o)
                              d:/ti/ccsv6/tools/compiler/gcc-arm-none-eabi-4_7-2013q3/bin/../lib/gcc/arm-none-eabi/4.7.4/../../../../arm-none-eabi/lib/armv7e-m/softfp\libc.a(lib_a-__atexit.o) (_global_impure_ptr)
d:/ti/ccsv6/tools/compiler/gcc-arm-none-eabi-4_7-2013q3/bin/../lib/gcc/arm-none-eabi/4.7.4/../../../../arm-none-eabi/lib/armv7e-m/softfp\libc.a(lib_a-init.o)
                              d:/ti/ccsv6/tools/compiler/gcc-arm-none-eabi-4_7-2013q3/bin/../lib/gcc/arm-none-eabi/4.7.4/../../../../arm-none-eabi/lib/armv7e-m/softfp/crt0.o (__libc_init_array)
d:/ti/ccsv6/tools/compiler/gcc-arm-none-eabi-4_7-2013q3/bin/../lib/gcc/arm-none-eabi/4.7.4/../../../../arm-none-eabi/lib/armv7e-m/softfp\libc.a(lib_a-memset.o)
                              d:/ti/ccsv6/tools/compiler/gcc-arm-none-eabi-4_7-2013q3/bin/../lib/gcc/arm-none-eabi/4.7.4/../../../../arm-none-eabi/lib/armv7e-m/softfp/crt0.o (memset)
d:/ti/ccsv6/tools/compiler/gcc-arm-none-eabi-4_7-2013q3/bin/../lib/gcc/arm-none-eabi/4.7.4/../../../../arm-none-eabi/lib/armv7e-m/softfp\libc.a(lib_a-__call_atexit.o)
                              d:/ti/ccsv6/tools/compiler/gcc-arm-none-eabi-4_7-2013q3/bin/../lib/gcc/arm-none-eabi/4.7.4/../../../../arm-none-eabi/lib/armv7e-m/softfp\libc.a(lib_a-exit.o) (__call_exitprocs)
d:/ti/ccsv6/tools/compiler/gcc-arm-none-eabi-4_7-2013q3/bin/../lib/gcc/arm-none-eabi/4.7.4/../../../../arm-none-eabi/lib/armv7e-m/softfp\libc.a(lib_a-atexit.o)
                              d:/ti/ccsv6/tools/compiler/gcc-arm-none-eabi-4_7-2013q3/bin/../lib/gcc/arm-none-eabi/4.7.4/../../../../arm-none-eabi/lib/armv7e-m/softfp\libc.a(lib_a-__call_atexit.o) (atexit)
D:/Program Files/TI/TivaWare_C_Series-2.1.0.12573/driverlib/gcc\libdriver.a(eeprom.o)
                              ./bl_main.o (EEPROMRead)
D:/Program Files/TI/TivaWare_C_Series-2.1.0.12573/driverlib/gcc\libdriver.a(gpio.o)
                              ./libnrf24l01/src/TM4C123_nRF24L01.o (GPIOIntEnable)
D:/Program Files/TI/TivaWare_C_Series-2.1.0.12573/driverlib/gcc\libdriver.a(interrupt.o)
                              ./libnrf24l01/src/TM4C123_nRF24L01.o (IntRegister)
D:/Program Files/TI/TivaWare_C_Series-2.1.0.12573/driverlib/gcc\libdriver.a(ssi.o)
                              ./libnrf24l01/src/TM4C123_nRF24L01.o (SSIConfigSetExpClk)
D:/Program Files/TI/TivaWare_C_Series-2.1.0.12573/driverlib/gcc\libdriver.a(sysctl.o)
                              D:/Program Files/TI/TivaWare_C_Series-2.1.0.12573/driverlib/gcc\libdriver.a(eeprom.o) (SysCtlPeripheralReset)
D:/Program Files/TI/TivaWare_C_Series-2.1.0.12573/driverlib/gcc\libdriver.a(timer.o)
                              ./bl_main.o (TimerClockSourceSet)
D:/Program Files/TI/TivaWare_C_Series-2.1.0.12573/driverlib/gcc\libdriver.a(cpu.o)
                              D:/Program Files/TI/TivaWare_C_Series-2.1.0.12573/driverlib/gcc\libdriver.a(interrupt.o) (CPUcpsid)
d:/ti/ccsv6/tools/compiler/gcc-arm-none-eabi-4_7-2013q3/bin/../lib/gcc/arm-none-eabi/4.7.4/../../../../arm-none-eabi/lib/armv7e-m/softfp\libnosys.a(_exit.o)
                              d:/ti/ccsv6/tools/compiler/gcc-arm-none-eabi-4_7-2013q3/bin/../lib/gcc/arm-none-eabi/4.7.4/../../../../arm-none-eabi/lib/armv7e-m/softfp\libc.a(lib_a-exit.o) (_exit)

Allocating common symbols
Common symbol       size              file

g_ui32RandomWIndex  0x4               ./bl_main.o
g_ui32TransferSize  0x4               ./bl_main.o
g_ui32RobotId       0x4               ./bl_main.o
g_ui32WaitingPeriodUs
                    0x4               ./bl_main.o
ui8RxLength         0x1               ./bl_main.o
g_ui32RandomW       0x4               ./bl_main.o
pui8RfBuffer        0x28              ./bl_main.o

Discarded input sections

 .fini_array    0x00000000        0x4 d:/ti/ccsv6/tools/compiler/gcc-arm-none-eabi-4_7-2013q3/bin/../lib/gcc/arm-none-eabi/4.7.4/armv7e-m/softfp/crtbegin.o
 .ARM.extab     0x00000000        0x0 d:/ti/ccsv6/tools/compiler/gcc-arm-none-eabi-4_7-2013q3/bin/../lib/gcc/arm-none-eabi/4.7.4/../../../../arm-none-eabi/lib/armv7e-m/softfp/crt0.o
 .text.MCU_RF_IsInterruptPinAsserted
                0x00000000       0x24 ./libnrf24l01/src/TM4C123_nRF24L01.o
 .text.MCU_RF_GetCEState
                0x00000000       0x18 ./libnrf24l01/src/TM4C123_nRF24L01.o
 .text.RfWaitUs
                0x00000000       0x18 ./libnrf24l01/src/nRF24L01.o
 .text.RfTryToGetRxPacket
                0x00000000      0x11c ./libnrf24l01/src/nRF24L01.o
 .text.RfTryToCaptureRfSignal
                0x00000000       0xa8 ./libnrf24l01/src/nRF24L01.o
 .text.RF24_disableFeatures
                0x00000000       0x60 ./libnrf24l01/src/nRF24L01.o
 .text.RF24_getLostPackets
                0x00000000       0x18 ./libnrf24l01/src/nRF24L01.o
 .text.RF24_isAlive
                0x00000000       0x3c ./libnrf24l01/src/nRF24L01.o
 .text.RF24_getConfigureRegister
                0x00000000       0x14 ./libnrf24l01/src/nRF24L01.o
 .text.RF24_getCurrentState
                0x00000000       0x90 ./libnrf24l01/src/nRF24L01.o
 .text.RF24_startPowerDown
                0x00000000       0x20 ./libnrf24l01/src/nRF24L01.o
 .text.RF24_scan
                0x00000000       0x7c ./libnrf24l01/src/nRF24L01.o
 .text.RF24_TX_writePayloadAck
                0x00000000       0x60 ./libnrf24l01/src/nRF24L01.o
 .text.RF24_TX_reuseLastPayload
                0x00000000       0x24 ./libnrf24l01/src/nRF24L01.o
 .text.RF24_RX_isEmpty
                0x00000000       0x30 ./libnrf24l01/src/nRF24L01.o
 .text.RF24_RX_sendAckWithPayload
                0x00000000       0x84 ./libnrf24l01/src/nRF24L01.o
 .text.RF24_RX_carrierDetection
                0x00000000       0x2c ./libnrf24l01/src/nRF24L01.o
 .text.RF24_PIPE_isOpen
                0x00000000       0x50 ./libnrf24l01/src/nRF24L01.o
 .text.RF24_RETRANS_getLastRetransmits
                0x00000000       0x18 ./libnrf24l01/src/nRF24L01.o
 .text._EEPROMWaitForDone
                0x00000000       0x10 D:/Program Files/TI/TivaWare_C_Series-2.1.0.12573/driverlib/gcc\libdriver.a(eeprom.o)
 .text._EEPROMSectorMaskClear
                0x00000000       0x34 D:/Program Files/TI/TivaWare_C_Series-2.1.0.12573/driverlib/gcc\libdriver.a(eeprom.o)
 .text._EEPROMSectorMaskSet
                0x00000000       0x3c D:/Program Files/TI/TivaWare_C_Series-2.1.0.12573/driverlib/gcc\libdriver.a(eeprom.o)
 .text.EEPROMInit
                0x00000000       0x40 D:/Program Files/TI/TivaWare_C_Series-2.1.0.12573/driverlib/gcc\libdriver.a(eeprom.o)
 .text.EEPROMSizeGet
                0x00000000       0x10 D:/Program Files/TI/TivaWare_C_Series-2.1.0.12573/driverlib/gcc\libdriver.a(eeprom.o)
 .text.EEPROMBlockCountGet
                0x00000000       0x18 D:/Program Files/TI/TivaWare_C_Series-2.1.0.12573/driverlib/gcc\libdriver.a(eeprom.o)
 .text.EEPROMProgram
                0x00000000       0xcc D:/Program Files/TI/TivaWare_C_Series-2.1.0.12573/driverlib/gcc\libdriver.a(eeprom.o)
 .text.EEPROMProgramNonBlocking
                0x00000000       0x48 D:/Program Files/TI/TivaWare_C_Series-2.1.0.12573/driverlib/gcc\libdriver.a(eeprom.o)
 .text.EEPROMMassErase
                0x00000000       0x58 D:/Program Files/TI/TivaWare_C_Series-2.1.0.12573/driverlib/gcc\libdriver.a(eeprom.o)
 .text.EEPROMBlockProtectGet
                0x00000000        0xc D:/Program Files/TI/TivaWare_C_Series-2.1.0.12573/driverlib/gcc\libdriver.a(eeprom.o)
 .text.EEPROMBlockProtectSet
                0x00000000       0x1c D:/Program Files/TI/TivaWare_C_Series-2.1.0.12573/driverlib/gcc\libdriver.a(eeprom.o)
 .text.EEPROMBlockPasswordSet
                0x00000000       0x30 D:/Program Files/TI/TivaWare_C_Series-2.1.0.12573/driverlib/gcc\libdriver.a(eeprom.o)
 .text.EEPROMBlockLock
                0x00000000       0x14 D:/Program Files/TI/TivaWare_C_Series-2.1.0.12573/driverlib/gcc\libdriver.a(eeprom.o)
 .text.EEPROMBlockUnlock
                0x00000000       0x2c D:/Program Files/TI/TivaWare_C_Series-2.1.0.12573/driverlib/gcc\libdriver.a(eeprom.o)
 .text.EEPROMBlockHide
                0x00000000       0x10 D:/Program Files/TI/TivaWare_C_Series-2.1.0.12573/driverlib/gcc\libdriver.a(eeprom.o)
 .text.EEPROMIntEnable
                0x00000000       0x20 D:/Program Files/TI/TivaWare_C_Series-2.1.0.12573/driverlib/gcc\libdriver.a(eeprom.o)
 .text.EEPROMIntDisable
                0x00000000       0x20 D:/Program Files/TI/TivaWare_C_Series-2.1.0.12573/driverlib/gcc\libdriver.a(eeprom.o)
 .text.EEPROMIntStatus
                0x00000000       0x28 D:/Program Files/TI/TivaWare_C_Series-2.1.0.12573/driverlib/gcc\libdriver.a(eeprom.o)
 .text.EEPROMIntClear
                0x00000000       0x34 D:/Program Files/TI/TivaWare_C_Series-2.1.0.12573/driverlib/gcc\libdriver.a(eeprom.o)
 .text.EEPROMStatusGet
                0x00000000        0xc D:/Program Files/TI/TivaWare_C_Series-2.1.0.12573/driverlib/gcc\libdriver.a(eeprom.o)
 .text._GPIOIntNumberGet
                0x00000000       0x48 D:/Program Files/TI/TivaWare_C_Series-2.1.0.12573/driverlib/gcc\libdriver.a(gpio.o)
 .text.GPIODirModeGet
                0x00000000       0x24 D:/Program Files/TI/TivaWare_C_Series-2.1.0.12573/driverlib/gcc\libdriver.a(gpio.o)
 .text.GPIOIntTypeSet
                0x00000000       0x62 D:/Program Files/TI/TivaWare_C_Series-2.1.0.12573/driverlib/gcc\libdriver.a(gpio.o)
 .text.GPIOIntTypeGet
                0x00000000       0x42 D:/Program Files/TI/TivaWare_C_Series-2.1.0.12573/driverlib/gcc\libdriver.a(gpio.o)
 .text.GPIOPadConfigGet
                0x00000000       0xbc D:/Program Files/TI/TivaWare_C_Series-2.1.0.12573/driverlib/gcc\libdriver.a(gpio.o)
 .text.GPIOIntDisable
                0x00000000        0xe D:/Program Files/TI/TivaWare_C_Series-2.1.0.12573/driverlib/gcc\libdriver.a(gpio.o)
 .text.GPIOIntRegister
                0x00000000       0x1a D:/Program Files/TI/TivaWare_C_Series-2.1.0.12573/driverlib/gcc\libdriver.a(gpio.o)
 .text.GPIOIntUnregister
                0x00000000       0x16 D:/Program Files/TI/TivaWare_C_Series-2.1.0.12573/driverlib/gcc\libdriver.a(gpio.o)
 .text.GPIOPinWrite
                0x00000000        0x6 D:/Program Files/TI/TivaWare_C_Series-2.1.0.12573/driverlib/gcc\libdriver.a(gpio.o)
 .text.GPIOPinTypeADC
                0x00000000       0x1c D:/Program Files/TI/TivaWare_C_Series-2.1.0.12573/driverlib/gcc\libdriver.a(gpio.o)
 .text.GPIOPinTypeCAN
                0x00000000       0x1c D:/Program Files/TI/TivaWare_C_Series-2.1.0.12573/driverlib/gcc\libdriver.a(gpio.o)
 .text.GPIOPinTypeComparator
                0x00000000       0x1c D:/Program Files/TI/TivaWare_C_Series-2.1.0.12573/driverlib/gcc\libdriver.a(gpio.o)
 .text.GPIOPinTypeEPI
                0x00000000       0x1c D:/Program Files/TI/TivaWare_C_Series-2.1.0.12573/driverlib/gcc\libdriver.a(gpio.o)
 .text.GPIOPinTypeEthernetLED
                0x00000000       0x1c D:/Program Files/TI/TivaWare_C_Series-2.1.0.12573/driverlib/gcc\libdriver.a(gpio.o)
 .text.GPIOPinTypeEthernetMII
                0x00000000       0x1c D:/Program Files/TI/TivaWare_C_Series-2.1.0.12573/driverlib/gcc\libdriver.a(gpio.o)
 .text.GPIOPinTypeGPIOOutputOD
                0x00000000       0x1c D:/Program Files/TI/TivaWare_C_Series-2.1.0.12573/driverlib/gcc\libdriver.a(gpio.o)
 .text.GPIOPinTypeI2C
                0x00000000       0x1c D:/Program Files/TI/TivaWare_C_Series-2.1.0.12573/driverlib/gcc\libdriver.a(gpio.o)
 .text.GPIOPinTypeI2CSCL
                0x00000000       0x1c D:/Program Files/TI/TivaWare_C_Series-2.1.0.12573/driverlib/gcc\libdriver.a(gpio.o)
 .text.GPIOPinTypeLCD
                0x00000000       0x1c D:/Program Files/TI/TivaWare_C_Series-2.1.0.12573/driverlib/gcc\libdriver.a(gpio.o)
 .text.GPIOPinTypeLPC
                0x00000000       0x1c D:/Program Files/TI/TivaWare_C_Series-2.1.0.12573/driverlib/gcc\libdriver.a(gpio.o)
 .text.GPIOPinTypePECIRx
                0x00000000       0x1c D:/Program Files/TI/TivaWare_C_Series-2.1.0.12573/driverlib/gcc\libdriver.a(gpio.o)
 .text.GPIOPinTypePECITx
                0x00000000       0x1c D:/Program Files/TI/TivaWare_C_Series-2.1.0.12573/driverlib/gcc\libdriver.a(gpio.o)
 .text.GPIOPinTypePWM
                0x00000000       0x1c D:/Program Files/TI/TivaWare_C_Series-2.1.0.12573/driverlib/gcc\libdriver.a(gpio.o)
 .text.GPIOPinTypeQEI
                0x00000000       0x1c D:/Program Files/TI/TivaWare_C_Series-2.1.0.12573/driverlib/gcc\libdriver.a(gpio.o)
 .text.GPIOPinTypeTimer
                0x00000000       0x1c D:/Program Files/TI/TivaWare_C_Series-2.1.0.12573/driverlib/gcc\libdriver.a(gpio.o)
 .text.GPIOPinTypeUART
                0x00000000       0x1c D:/Program Files/TI/TivaWare_C_Series-2.1.0.12573/driverlib/gcc\libdriver.a(gpio.o)
 .text.GPIOPinTypeUSBAnalog
                0x00000000       0x1c D:/Program Files/TI/TivaWare_C_Series-2.1.0.12573/driverlib/gcc\libdriver.a(gpio.o)
 .text.GPIOPinTypeUSBDigital
                0x00000000       0x1c D:/Program Files/TI/TivaWare_C_Series-2.1.0.12573/driverlib/gcc\libdriver.a(gpio.o)
 .text.GPIOPinTypeWakeHigh
                0x00000000       0x1e D:/Program Files/TI/TivaWare_C_Series-2.1.0.12573/driverlib/gcc\libdriver.a(gpio.o)
 .text.GPIOPinTypeWakeLow
                0x00000000       0x1e D:/Program Files/TI/TivaWare_C_Series-2.1.0.12573/driverlib/gcc\libdriver.a(gpio.o)
 .text.GPIOPinTypeKBRow
                0x00000000       0x1c D:/Program Files/TI/TivaWare_C_Series-2.1.0.12573/driverlib/gcc\libdriver.a(gpio.o)
 .text.GPIOPinTypeKBColumn
                0x00000000       0x1c D:/Program Files/TI/TivaWare_C_Series-2.1.0.12573/driverlib/gcc\libdriver.a(gpio.o)
 .text.GPIOPinTypeLEDSeq
                0x00000000       0x1c D:/Program Files/TI/TivaWare_C_Series-2.1.0.12573/driverlib/gcc\libdriver.a(gpio.o)
 .text.GPIOPinTypeCIR
                0x00000000       0x1c D:/Program Files/TI/TivaWare_C_Series-2.1.0.12573/driverlib/gcc\libdriver.a(gpio.o)
 .text.GPIOPinWakeStatus
                0x00000000        0x6 D:/Program Files/TI/TivaWare_C_Series-2.1.0.12573/driverlib/gcc\libdriver.a(gpio.o)
 .text.GPIODMATriggerEnable
                0x00000000        0xc D:/Program Files/TI/TivaWare_C_Series-2.1.0.12573/driverlib/gcc\libdriver.a(gpio.o)
 .text.GPIODMATriggerDisable
                0x00000000        0xe D:/Program Files/TI/TivaWare_C_Series-2.1.0.12573/driverlib/gcc\libdriver.a(gpio.o)
 .text.GPIOADCTriggerEnable
                0x00000000        0xc D:/Program Files/TI/TivaWare_C_Series-2.1.0.12573/driverlib/gcc\libdriver.a(gpio.o)
 .text.GPIOADCTriggerDisable
                0x00000000        0xe D:/Program Files/TI/TivaWare_C_Series-2.1.0.12573/driverlib/gcc\libdriver.a(gpio.o)
 .rodata.g_ppui32GPIOIntMapSnowflake
                0x00000000       0xc0 D:/Program Files/TI/TivaWare_C_Series-2.1.0.12573/driverlib/gcc\libdriver.a(gpio.o)
 .rodata.g_ppui32GPIOIntMapBlizzard
                0x00000000       0xc0 D:/Program Files/TI/TivaWare_C_Series-2.1.0.12573/driverlib/gcc\libdriver.a(gpio.o)
 .text._IntDefaultHandler
                0x00000000        0x2 D:/Program Files/TI/TivaWare_C_Series-2.1.0.12573/driverlib/gcc\libdriver.a(interrupt.o)
 .text.IntMasterEnable
                0x00000000        0xe D:/Program Files/TI/TivaWare_C_Series-2.1.0.12573/driverlib/gcc\libdriver.a(interrupt.o)
 .text.IntMasterDisable
                0x00000000        0xe D:/Program Files/TI/TivaWare_C_Series-2.1.0.12573/driverlib/gcc\libdriver.a(interrupt.o)
 .text.IntUnregister
                0x00000000       0x14 D:/Program Files/TI/TivaWare_C_Series-2.1.0.12573/driverlib/gcc\libdriver.a(interrupt.o)
 .text.IntPriorityGroupingSet
                0x00000000       0x1c D:/Program Files/TI/TivaWare_C_Series-2.1.0.12573/driverlib/gcc\libdriver.a(interrupt.o)
 .text.IntPriorityGroupingGet
                0x00000000       0x24 D:/Program Files/TI/TivaWare_C_Series-2.1.0.12573/driverlib/gcc\libdriver.a(interrupt.o)
 .text.IntPrioritySet
                0x00000000       0x28 D:/Program Files/TI/TivaWare_C_Series-2.1.0.12573/driverlib/gcc\libdriver.a(interrupt.o)
 .text.IntPriorityGet
                0x00000000       0x1c D:/Program Files/TI/TivaWare_C_Series-2.1.0.12573/driverlib/gcc\libdriver.a(interrupt.o)
 .text.IntEnable
                0x00000000       0x60 D:/Program Files/TI/TivaWare_C_Series-2.1.0.12573/driverlib/gcc\libdriver.a(interrupt.o)
 .text.IntDisable
                0x00000000       0x60 D:/Program Files/TI/TivaWare_C_Series-2.1.0.12573/driverlib/gcc\libdriver.a(interrupt.o)
 .text.IntIsEnabled
                0x00000000       0x64 D:/Program Files/TI/TivaWare_C_Series-2.1.0.12573/driverlib/gcc\libdriver.a(interrupt.o)
 .text.IntPendSet
                0x00000000       0x50 D:/Program Files/TI/TivaWare_C_Series-2.1.0.12573/driverlib/gcc\libdriver.a(interrupt.o)
 .text.IntPendClear
                0x00000000       0x40 D:/Program Files/TI/TivaWare_C_Series-2.1.0.12573/driverlib/gcc\libdriver.a(interrupt.o)
 .text.IntPriorityMaskSet
                0x00000000        0x4 D:/Program Files/TI/TivaWare_C_Series-2.1.0.12573/driverlib/gcc\libdriver.a(interrupt.o)
 .text.IntPriorityMaskGet
                0x00000000        0x4 D:/Program Files/TI/TivaWare_C_Series-2.1.0.12573/driverlib/gcc\libdriver.a(interrupt.o)
 .text.IntTrigger
                0x00000000        0xc D:/Program Files/TI/TivaWare_C_Series-2.1.0.12573/driverlib/gcc\libdriver.a(interrupt.o)
 .rodata.g_pui32Priority
                0x00000000       0x20 D:/Program Files/TI/TivaWare_C_Series-2.1.0.12573/driverlib/gcc\libdriver.a(interrupt.o)
 .rodata.g_pui32Dii16Regs
                0x00000000       0x14 D:/Program Files/TI/TivaWare_C_Series-2.1.0.12573/driverlib/gcc\libdriver.a(interrupt.o)
 .rodata.g_pui32PendRegs
                0x00000000       0x14 D:/Program Files/TI/TivaWare_C_Series-2.1.0.12573/driverlib/gcc\libdriver.a(interrupt.o)
 .rodata.g_pui32Regs
                0x00000000       0x9c D:/Program Files/TI/TivaWare_C_Series-2.1.0.12573/driverlib/gcc\libdriver.a(interrupt.o)
 .rodata.g_pui32EnRegs
                0x00000000       0x14 D:/Program Files/TI/TivaWare_C_Series-2.1.0.12573/driverlib/gcc\libdriver.a(interrupt.o)
 .rodata.g_pui32UnpendRegs
                0x00000000       0x14 D:/Program Files/TI/TivaWare_C_Series-2.1.0.12573/driverlib/gcc\libdriver.a(interrupt.o)
 .text._SSIIntNumberGet
                0x00000000       0x48 D:/Program Files/TI/TivaWare_C_Series-2.1.0.12573/driverlib/gcc\libdriver.a(ssi.o)
 .text.SSIIntRegister
                0x00000000       0x1a D:/Program Files/TI/TivaWare_C_Series-2.1.0.12573/driverlib/gcc\libdriver.a(ssi.o)
 .text.SSIIntUnregister
                0x00000000       0x16 D:/Program Files/TI/TivaWare_C_Series-2.1.0.12573/driverlib/gcc\libdriver.a(ssi.o)
 .text.SSIIntEnable
                0x00000000        0x8 D:/Program Files/TI/TivaWare_C_Series-2.1.0.12573/driverlib/gcc\libdriver.a(ssi.o)
 .text.SSIIntDisable
                0x00000000        0xa D:/Program Files/TI/TivaWare_C_Series-2.1.0.12573/driverlib/gcc\libdriver.a(ssi.o)
 .text.SSIIntStatus
                0x00000000        0xa D:/Program Files/TI/TivaWare_C_Series-2.1.0.12573/driverlib/gcc\libdriver.a(ssi.o)
 .text.SSIIntClear
                0x00000000        0x4 D:/Program Files/TI/TivaWare_C_Series-2.1.0.12573/driverlib/gcc\libdriver.a(ssi.o)
 .text.SSIDataPut
                0x00000000        0xc D:/Program Files/TI/TivaWare_C_Series-2.1.0.12573/driverlib/gcc\libdriver.a(ssi.o)
 .text.SSIDataPutNonBlocking
                0x00000000       0x12 D:/Program Files/TI/TivaWare_C_Series-2.1.0.12573/driverlib/gcc\libdriver.a(ssi.o)
 .text.SSIDataGet
                0x00000000        0xe D:/Program Files/TI/TivaWare_C_Series-2.1.0.12573/driverlib/gcc\libdriver.a(ssi.o)
 .text.SSIDMAEnable
                0x00000000        0x8 D:/Program Files/TI/TivaWare_C_Series-2.1.0.12573/driverlib/gcc\libdriver.a(ssi.o)
 .text.SSIDMADisable
                0x00000000        0xa D:/Program Files/TI/TivaWare_C_Series-2.1.0.12573/driverlib/gcc\libdriver.a(ssi.o)
 .text.SSIBusy  0x00000000        0x8 D:/Program Files/TI/TivaWare_C_Series-2.1.0.12573/driverlib/gcc\libdriver.a(ssi.o)
 .text.SSIClockSourceSet
                0x00000000        0x6 D:/Program Files/TI/TivaWare_C_Series-2.1.0.12573/driverlib/gcc\libdriver.a(ssi.o)
 .text.SSIClockSourceGet
                0x00000000        0x6 D:/Program Files/TI/TivaWare_C_Series-2.1.0.12573/driverlib/gcc\libdriver.a(ssi.o)
 .text.SSIAdvModeSet
                0x00000000        0xc D:/Program Files/TI/TivaWare_C_Series-2.1.0.12573/driverlib/gcc\libdriver.a(ssi.o)
 .text.SSIAdvDataPutFrameEnd
                0x00000000       0x14 D:/Program Files/TI/TivaWare_C_Series-2.1.0.12573/driverlib/gcc\libdriver.a(ssi.o)
 .text.SSIAdvDataPutFrameEndNonBlocking
                0x00000000       0x1a D:/Program Files/TI/TivaWare_C_Series-2.1.0.12573/driverlib/gcc\libdriver.a(ssi.o)
 .text.SSIAdvFrameHoldEnable
                0x00000000        0xa D:/Program Files/TI/TivaWare_C_Series-2.1.0.12573/driverlib/gcc\libdriver.a(ssi.o)
 .text.SSIAdvFrameHoldDisable
                0x00000000        0xa D:/Program Files/TI/TivaWare_C_Series-2.1.0.12573/driverlib/gcc\libdriver.a(ssi.o)
 .rodata.g_ppui32SSIIntMap
                0x00000000       0x20 D:/Program Files/TI/TivaWare_C_Series-2.1.0.12573/driverlib/gcc\libdriver.a(ssi.o)
 .rodata.g_ppui32SSIIntMapSnowflake
                0x00000000       0x20 D:/Program Files/TI/TivaWare_C_Series-2.1.0.12573/driverlib/gcc\libdriver.a(ssi.o)
 .text._SysCtlMemTimingGet
                0x00000000       0x24 D:/Program Files/TI/TivaWare_C_Series-2.1.0.12573/driverlib/gcc\libdriver.a(sysctl.o)
 .text.SysCtlSRAMSizeGet
                0x00000000       0x10 D:/Program Files/TI/TivaWare_C_Series-2.1.0.12573/driverlib/gcc\libdriver.a(sysctl.o)
 .text.SysCtlFlashSizeGet
                0x00000000       0x40 D:/Program Files/TI/TivaWare_C_Series-2.1.0.12573/driverlib/gcc\libdriver.a(sysctl.o)
 .text.SysCtlFlashSectorSizeGet
                0x00000000       0x3c D:/Program Files/TI/TivaWare_C_Series-2.1.0.12573/driverlib/gcc\libdriver.a(sysctl.o)
 .text.SysCtlPeripheralPresent
                0x00000000       0x34 D:/Program Files/TI/TivaWare_C_Series-2.1.0.12573/driverlib/gcc\libdriver.a(sysctl.o)
 .text.SysCtlPeripheralReady
                0x00000000       0x34 D:/Program Files/TI/TivaWare_C_Series-2.1.0.12573/driverlib/gcc\libdriver.a(sysctl.o)
 .text.SysCtlPeripheralPowerOn
                0x00000000       0x30 D:/Program Files/TI/TivaWare_C_Series-2.1.0.12573/driverlib/gcc\libdriver.a(sysctl.o)
 .text.SysCtlPeripheralPowerOff
                0x00000000       0x30 D:/Program Files/TI/TivaWare_C_Series-2.1.0.12573/driverlib/gcc\libdriver.a(sysctl.o)
 .text.SysCtlPeripheralReset
                0x00000000       0x48 D:/Program Files/TI/TivaWare_C_Series-2.1.0.12573/driverlib/gcc\libdriver.a(sysctl.o)
 .text.SysCtlPeripheralDisable
                0x00000000       0x30 D:/Program Files/TI/TivaWare_C_Series-2.1.0.12573/driverlib/gcc\libdriver.a(sysctl.o)
 .text.SysCtlPeripheralSleepEnable
                0x00000000       0x30 D:/Program Files/TI/TivaWare_C_Series-2.1.0.12573/driverlib/gcc\libdriver.a(sysctl.o)
 .text.SysCtlPeripheralSleepDisable
                0x00000000       0x30 D:/Program Files/TI/TivaWare_C_Series-2.1.0.12573/driverlib/gcc\libdriver.a(sysctl.o)
 .text.SysCtlPeripheralDeepSleepEnable
                0x00000000       0x30 D:/Program Files/TI/TivaWare_C_Series-2.1.0.12573/driverlib/gcc\libdriver.a(sysctl.o)
 .text.SysCtlPeripheralDeepSleepDisable
                0x00000000       0x30 D:/Program Files/TI/TivaWare_C_Series-2.1.0.12573/driverlib/gcc\libdriver.a(sysctl.o)
 .text.SysCtlPeripheralClockGating
                0x00000000       0x50 D:/Program Files/TI/TivaWare_C_Series-2.1.0.12573/driverlib/gcc\libdriver.a(sysctl.o)
 .text.SysCtlIntRegister
                0x00000000       0x14 D:/Program Files/TI/TivaWare_C_Series-2.1.0.12573/driverlib/gcc\libdriver.a(sysctl.o)
 .text.SysCtlIntUnregister
                0x00000000       0x12 D:/Program Files/TI/TivaWare_C_Series-2.1.0.12573/driverlib/gcc\libdriver.a(sysctl.o)
 .text.SysCtlIntEnable
                0x00000000       0x10 D:/Program Files/TI/TivaWare_C_Series-2.1.0.12573/driverlib/gcc\libdriver.a(sysctl.o)
 .text.SysCtlIntDisable
                0x00000000       0x10 D:/Program Files/TI/TivaWare_C_Series-2.1.0.12573/driverlib/gcc\libdriver.a(sysctl.o)
 .text.SysCtlIntClear
                0x00000000        0xc D:/Program Files/TI/TivaWare_C_Series-2.1.0.12573/driverlib/gcc\libdriver.a(sysctl.o)
 .text.SysCtlIntStatus
                0x00000000       0x18 D:/Program Files/TI/TivaWare_C_Series-2.1.0.12573/driverlib/gcc\libdriver.a(sysctl.o)
 .text.SysCtlLDOSleepSet
                0x00000000        0xc D:/Program Files/TI/TivaWare_C_Series-2.1.0.12573/driverlib/gcc\libdriver.a(sysctl.o)
 .text.SysCtlLDOSleepGet
                0x00000000        0xc D:/Program Files/TI/TivaWare_C_Series-2.1.0.12573/driverlib/gcc\libdriver.a(sysctl.o)
 .text.SysCtlLDODeepSleepSet
                0x00000000        0xc D:/Program Files/TI/TivaWare_C_Series-2.1.0.12573/driverlib/gcc\libdriver.a(sysctl.o)
 .text.SysCtlLDODeepSleepGet
                0x00000000        0xc D:/Program Files/TI/TivaWare_C_Series-2.1.0.12573/driverlib/gcc\libdriver.a(sysctl.o)
 .text.SysCtlSleepPowerSet
                0x00000000        0xc D:/Program Files/TI/TivaWare_C_Series-2.1.0.12573/driverlib/gcc\libdriver.a(sysctl.o)
 .text.SysCtlDeepSleepPowerSet
                0x00000000        0xc D:/Program Files/TI/TivaWare_C_Series-2.1.0.12573/driverlib/gcc\libdriver.a(sysctl.o)
 .text.SysCtlReset
                0x00000000       0x10 D:/Program Files/TI/TivaWare_C_Series-2.1.0.12573/driverlib/gcc\libdriver.a(sysctl.o)
 .text.SysCtlSleep
                0x00000000        0x4 D:/Program Files/TI/TivaWare_C_Series-2.1.0.12573/driverlib/gcc\libdriver.a(sysctl.o)
 .text.SysCtlDeepSleep
                0x00000000       0x20 D:/Program Files/TI/TivaWare_C_Series-2.1.0.12573/driverlib/gcc\libdriver.a(sysctl.o)
 .text.SysCtlResetCauseGet
                0x00000000        0xc D:/Program Files/TI/TivaWare_C_Series-2.1.0.12573/driverlib/gcc\libdriver.a(sysctl.o)
 .text.SysCtlResetCauseClear
                0x00000000       0x10 D:/Program Files/TI/TivaWare_C_Series-2.1.0.12573/driverlib/gcc\libdriver.a(sysctl.o)
 .text.SysCtlMOSCConfigSet
                0x00000000        0xc D:/Program Files/TI/TivaWare_C_Series-2.1.0.12573/driverlib/gcc\libdriver.a(sysctl.o)
 .text.SysCtlPIOSCCalibrate
                0x00000000       0x54 D:/Program Files/TI/TivaWare_C_Series-2.1.0.12573/driverlib/gcc\libdriver.a(sysctl.o)
 .text.SysCtlResetBehaviorSet
                0x00000000        0xc D:/Program Files/TI/TivaWare_C_Series-2.1.0.12573/driverlib/gcc\libdriver.a(sysctl.o)
 .text.SysCtlResetBehaviorGet
                0x00000000        0xc D:/Program Files/TI/TivaWare_C_Series-2.1.0.12573/driverlib/gcc\libdriver.a(sysctl.o)
 .text.SysCtlClockFreqSet
                0x00000000      0x264 D:/Program Files/TI/TivaWare_C_Series-2.1.0.12573/driverlib/gcc\libdriver.a(sysctl.o)
 .text.SysCtlClockSet
                0x00000000      0x128 D:/Program Files/TI/TivaWare_C_Series-2.1.0.12573/driverlib/gcc\libdriver.a(sysctl.o)
 .text.SysCtlDeepSleepClockSet
                0x00000000        0xc D:/Program Files/TI/TivaWare_C_Series-2.1.0.12573/driverlib/gcc\libdriver.a(sysctl.o)
 .text.SysCtlDeepSleepClockConfigSet
                0x00000000       0x68 D:/Program Files/TI/TivaWare_C_Series-2.1.0.12573/driverlib/gcc\libdriver.a(sysctl.o)
 .text.SysCtlPWMClockSet
                0x00000000       0x14 D:/Program Files/TI/TivaWare_C_Series-2.1.0.12573/driverlib/gcc\libdriver.a(sysctl.o)
 .text.SysCtlPWMClockGet
                0x00000000       0x18 D:/Program Files/TI/TivaWare_C_Series-2.1.0.12573/driverlib/gcc\libdriver.a(sysctl.o)
 .text.SysCtlGPIOAHBEnable
                0x00000000       0x1c D:/Program Files/TI/TivaWare_C_Series-2.1.0.12573/driverlib/gcc\libdriver.a(sysctl.o)
 .text.SysCtlGPIOAHBDisable
                0x00000000       0x1c D:/Program Files/TI/TivaWare_C_Series-2.1.0.12573/driverlib/gcc\libdriver.a(sysctl.o)
 .text.SysCtlUSBPLLEnable
                0x00000000       0x10 D:/Program Files/TI/TivaWare_C_Series-2.1.0.12573/driverlib/gcc\libdriver.a(sysctl.o)
 .text.SysCtlUSBPLLDisable
                0x00000000       0x10 D:/Program Files/TI/TivaWare_C_Series-2.1.0.12573/driverlib/gcc\libdriver.a(sysctl.o)
 .text.SysCtlVoltageEventConfig
                0x00000000        0xc D:/Program Files/TI/TivaWare_C_Series-2.1.0.12573/driverlib/gcc\libdriver.a(sysctl.o)
 .text.SysCtlVoltageEventStatus
                0x00000000        0xc D:/Program Files/TI/TivaWare_C_Series-2.1.0.12573/driverlib/gcc\libdriver.a(sysctl.o)
 .text.SysCtlVoltageEventClear
                0x00000000       0x10 D:/Program Files/TI/TivaWare_C_Series-2.1.0.12573/driverlib/gcc\libdriver.a(sysctl.o)
 .text.SysCtlNMIStatus
                0x00000000        0xc D:/Program Files/TI/TivaWare_C_Series-2.1.0.12573/driverlib/gcc\libdriver.a(sysctl.o)
 .text.SysCtlNMIClear
                0x00000000       0x10 D:/Program Files/TI/TivaWare_C_Series-2.1.0.12573/driverlib/gcc\libdriver.a(sysctl.o)
 .text.SysCtlClockOutConfig
                0x00000000       0x14 D:/Program Files/TI/TivaWare_C_Series-2.1.0.12573/driverlib/gcc\libdriver.a(sysctl.o)
 .text.SysCtlAltClkConfig
                0x00000000        0xc D:/Program Files/TI/TivaWare_C_Series-2.1.0.12573/driverlib/gcc\libdriver.a(sysctl.o)
 .rodata.g_pppui32XTALtoVCO
                0x00000000      0x120 D:/Program Files/TI/TivaWare_C_Series-2.1.0.12573/driverlib/gcc\libdriver.a(sysctl.o)
 .rodata.g_pui32VCOFrequencies
                0x00000000        0x8 D:/Program Files/TI/TivaWare_C_Series-2.1.0.12573/driverlib/gcc\libdriver.a(sysctl.o)
 .rodata.g_sXTALtoMEMTIM
                0x00000000       0x30 D:/Program Files/TI/TivaWare_C_Series-2.1.0.12573/driverlib/gcc\libdriver.a(sysctl.o)
 .text._TimerIntNumberGet
                0x00000000       0x54 D:/Program Files/TI/TivaWare_C_Series-2.1.0.12573/driverlib/gcc\libdriver.a(timer.o)
 .text.TimerEnable
                0x00000000       0x12 D:/Program Files/TI/TivaWare_C_Series-2.1.0.12573/driverlib/gcc\libdriver.a(timer.o)
 .text.TimerDisable
                0x00000000       0x12 D:/Program Files/TI/TivaWare_C_Series-2.1.0.12573/driverlib/gcc\libdriver.a(timer.o)
 .text.TimerConfigure
                0x00000000       0x64 D:/Program Files/TI/TivaWare_C_Series-2.1.0.12573/driverlib/gcc\libdriver.a(timer.o)
 .text.TimerControlLevel
                0x00000000       0x20 D:/Program Files/TI/TivaWare_C_Series-2.1.0.12573/driverlib/gcc\libdriver.a(timer.o)
 .text.TimerControlTrigger
                0x00000000       0x5c D:/Program Files/TI/TivaWare_C_Series-2.1.0.12573/driverlib/gcc\libdriver.a(timer.o)
 .text.TimerControlEvent
                0x00000000       0x18 D:/Program Files/TI/TivaWare_C_Series-2.1.0.12573/driverlib/gcc\libdriver.a(timer.o)
 .text.TimerControlStall
                0x00000000       0x20 D:/Program Files/TI/TivaWare_C_Series-2.1.0.12573/driverlib/gcc\libdriver.a(timer.o)
 .text.TimerControlWaitOnTrigger
                0x00000000       0x34 D:/Program Files/TI/TivaWare_C_Series-2.1.0.12573/driverlib/gcc\libdriver.a(timer.o)
 .text.TimerRTCEnable
                0x00000000        0xa D:/Program Files/TI/TivaWare_C_Series-2.1.0.12573/driverlib/gcc\libdriver.a(timer.o)
 .text.TimerRTCDisable
                0x00000000        0xa D:/Program Files/TI/TivaWare_C_Series-2.1.0.12573/driverlib/gcc\libdriver.a(timer.o)
 .text.TimerClockSourceGet
                0x00000000        0x6 D:/Program Files/TI/TivaWare_C_Series-2.1.0.12573/driverlib/gcc\libdriver.a(timer.o)
 .text.TimerPrescaleSet
                0x00000000       0x12 D:/Program Files/TI/TivaWare_C_Series-2.1.0.12573/driverlib/gcc\libdriver.a(timer.o)
 .text.TimerPrescaleGet
                0x00000000        0xa D:/Program Files/TI/TivaWare_C_Series-2.1.0.12573/driverlib/gcc\libdriver.a(timer.o)
 .text.TimerPrescaleMatchSet
                0x00000000       0x12 D:/Program Files/TI/TivaWare_C_Series-2.1.0.12573/driverlib/gcc\libdriver.a(timer.o)
 .text.TimerPrescaleMatchGet
                0x00000000        0xa D:/Program Files/TI/TivaWare_C_Series-2.1.0.12573/driverlib/gcc\libdriver.a(timer.o)
 .text.TimerLoadSet
                0x00000000       0x12 D:/Program Files/TI/TivaWare_C_Series-2.1.0.12573/driverlib/gcc\libdriver.a(timer.o)
 .text.TimerLoadGet
                0x00000000        0xa D:/Program Files/TI/TivaWare_C_Series-2.1.0.12573/driverlib/gcc\libdriver.a(timer.o)
 .text.TimerLoadSet64
                0x00000000        0x6 D:/Program Files/TI/TivaWare_C_Series-2.1.0.12573/driverlib/gcc\libdriver.a(timer.o)
 .text.TimerLoadGet64
                0x00000000       0x14 D:/Program Files/TI/TivaWare_C_Series-2.1.0.12573/driverlib/gcc\libdriver.a(timer.o)
 .text.TimerValueGet
                0x00000000        0xa D:/Program Files/TI/TivaWare_C_Series-2.1.0.12573/driverlib/gcc\libdriver.a(timer.o)
 .text.TimerValueGet64
                0x00000000       0x14 D:/Program Files/TI/TivaWare_C_Series-2.1.0.12573/driverlib/gcc\libdriver.a(timer.o)
 .text.TimerMatchSet
                0x00000000       0x12 D:/Program Files/TI/TivaWare_C_Series-2.1.0.12573/driverlib/gcc\libdriver.a(timer.o)
 .text.TimerMatchGet
                0x00000000        0xa D:/Program Files/TI/TivaWare_C_Series-2.1.0.12573/driverlib/gcc\libdriver.a(timer.o)
 .text.TimerMatchSet64
                0x00000000        0x6 D:/Program Files/TI/TivaWare_C_Series-2.1.0.12573/driverlib/gcc\libdriver.a(timer.o)
 .text.TimerMatchGet64
                0x00000000       0x14 D:/Program Files/TI/TivaWare_C_Series-2.1.0.12573/driverlib/gcc\libdriver.a(timer.o)
 .text.TimerIntRegister
                0x00000000       0x1a D:/Program Files/TI/TivaWare_C_Series-2.1.0.12573/driverlib/gcc\libdriver.a(timer.o)
 .text.TimerIntUnregister
                0x00000000       0x16 D:/Program Files/TI/TivaWare_C_Series-2.1.0.12573/driverlib/gcc\libdriver.a(timer.o)
 .text.TimerIntEnable
                0x00000000        0x8 D:/Program Files/TI/TivaWare_C_Series-2.1.0.12573/driverlib/gcc\libdriver.a(timer.o)
 .text.TimerIntDisable
                0x00000000        0xa D:/Program Files/TI/TivaWare_C_Series-2.1.0.12573/driverlib/gcc\libdriver.a(timer.o)
 .text.TimerIntStatus
                0x00000000        0xa D:/Program Files/TI/TivaWare_C_Series-2.1.0.12573/driverlib/gcc\libdriver.a(timer.o)
 .text.TimerIntClear
                0x00000000        0x4 D:/Program Files/TI/TivaWare_C_Series-2.1.0.12573/driverlib/gcc\libdriver.a(timer.o)
 .text.TimerSynchronize
                0x00000000        0x4 D:/Program Files/TI/TivaWare_C_Series-2.1.0.12573/driverlib/gcc\libdriver.a(timer.o)
 .text.TimerADCEventSet
                0x00000000        0x4 D:/Program Files/TI/TivaWare_C_Series-2.1.0.12573/driverlib/gcc\libdriver.a(timer.o)
 .text.TimerADCEventGet
                0x00000000        0x4 D:/Program Files/TI/TivaWare_C_Series-2.1.0.12573/driverlib/gcc\libdriver.a(timer.o)
 .text.TimerDMAEventSet
                0x00000000        0x4 D:/Program Files/TI/TivaWare_C_Series-2.1.0.12573/driverlib/gcc\libdriver.a(timer.o)
 .text.TimerDMAEventGet
                0x00000000        0x4 D:/Program Files/TI/TivaWare_C_Series-2.1.0.12573/driverlib/gcc\libdriver.a(timer.o)
 .text.TimerUpdateMode
                0x00000000       0x2a D:/Program Files/TI/TivaWare_C_Series-2.1.0.12573/driverlib/gcc\libdriver.a(timer.o)
 .rodata.g_ppui32TimerIntMapSnowflake
                0x00000000       0x40 D:/Program Files/TI/TivaWare_C_Series-2.1.0.12573/driverlib/gcc\libdriver.a(timer.o)
 .rodata.g_ppui32TimerIntMap
                0x00000000       0x60 D:/Program Files/TI/TivaWare_C_Series-2.1.0.12573/driverlib/gcc\libdriver.a(timer.o)
 .text.CPUcpsid
                0x00000000        0x8 D:/Program Files/TI/TivaWare_C_Series-2.1.0.12573/driverlib/gcc\libdriver.a(cpu.o)
 .text.CPUprimask
                0x00000000        0x6 D:/Program Files/TI/TivaWare_C_Series-2.1.0.12573/driverlib/gcc\libdriver.a(cpu.o)
 .text.CPUcpsie
                0x00000000        0x8 D:/Program Files/TI/TivaWare_C_Series-2.1.0.12573/driverlib/gcc\libdriver.a(cpu.o)
 .text.CPUwfi   0x00000000        0x4 D:/Program Files/TI/TivaWare_C_Series-2.1.0.12573/driverlib/gcc\libdriver.a(cpu.o)
 .text.CPUbasepriSet
                0x00000000        0x6 D:/Program Files/TI/TivaWare_C_Series-2.1.0.12573/driverlib/gcc\libdriver.a(cpu.o)
 .text.CPUbasepriGet
                0x00000000        0x6 D:/Program Files/TI/TivaWare_C_Series-2.1.0.12573/driverlib/gcc\libdriver.a(cpu.o)
 .eh_frame      0x00000000        0x4 d:/ti/ccsv6/tools/compiler/gcc-arm-none-eabi-4_7-2013q3/bin/../lib/gcc/arm-none-eabi/4.7.4/armv7e-m/softfp/crtend.o
 .jcr           0x00000000        0x4 d:/ti/ccsv6/tools/compiler/gcc-arm-none-eabi-4_7-2013q3/bin/../lib/gcc/arm-none-eabi/4.7.4/armv7e-m/softfp/crtend.o
 .init          0x00000000        0x8 d:/ti/ccsv6/tools/compiler/gcc-arm-none-eabi-4_7-2013q3/bin/../lib/gcc/arm-none-eabi/4.7.4/armv7e-m/softfp/crtn.o
 .fini          0x00000000        0x8 d:/ti/ccsv6/tools/compiler/gcc-arm-none-eabi-4_7-2013q3/bin/../lib/gcc/arm-none-eabi/4.7.4/armv7e-m/softfp/crtn.o

Memory Configuration

Name             Origin             Length             Attributes
FLASH            0x00000000         0x00004000         xr
SRAM             0x20000000         0x00008000         xw
*default*        0x00000000         0xffffffff

Linker script and memory map

LOAD d:/ti/ccsv6/tools/compiler/gcc-arm-none-eabi-4_7-2013q3/bin/../lib/gcc/arm-none-eabi/4.7.4/armv7e-m/softfp/crti.o
LOAD d:/ti/ccsv6/tools/compiler/gcc-arm-none-eabi-4_7-2013q3/bin/../lib/gcc/arm-none-eabi/4.7.4/armv7e-m/softfp/crtbegin.o
LOAD d:/ti/ccsv6/tools/compiler/gcc-arm-none-eabi-4_7-2013q3/bin/../lib/gcc/arm-none-eabi/4.7.4/../../../../arm-none-eabi/lib/armv7e-m/softfp/crt0.o
LOAD ./bl_main.o
LOAD ./bl_startup_gcc.o
LOAD ./libnrf24l01/src/TM4C123_nRF24L01.o
LOAD ./libnrf24l01/src/nRF24L01.o
LOAD ./libcc2500/src/TM4C123_CC2500.o
LOAD ./libcc2500/src/cc2500.o
                0x20000000                PROVIDE (_text_run_address, 0x20000000)

.text           0x20000000     0x2760 load address 0x00000000
                0x20000000                _text = .
 *(.isr_vector)
 .isr_vector    0x20000000      0x26c ./bl_startup_gcc.o
 CREATE_OBJECT_SYMBOLS
 *(.text)
 .text          0x2000026c        0x0 d:/ti/ccsv6/tools/compiler/gcc-arm-none-eabi-4_7-2013q3/bin/../lib/gcc/arm-none-eabi/4.7.4/armv7e-m/softfp/crti.o
 .text          0x2000026c       0x54 d:/ti/ccsv6/tools/compiler/gcc-arm-none-eabi-4_7-2013q3/bin/../lib/gcc/arm-none-eabi/4.7.4/armv7e-m/softfp/crtbegin.o
 .text          0x200002c0       0x70 d:/ti/ccsv6/tools/compiler/gcc-arm-none-eabi-4_7-2013q3/bin/../lib/gcc/arm-none-eabi/4.7.4/../../../../arm-none-eabi/lib/armv7e-m/softfp/crt0.o
                0x200002c0                _start
                0x200002c0                start
                0x200002c0                _mainCRTStartup
 .text          0x20000330        0x0 ./bl_main.o
 .text          0x20000330       0xa0 ./bl_startup_gcc.o
                0x2000036c                ResetISR
                0x20000392                StartApplication
                0x200003c0                Delay
 .text          0x200003d0        0x0 ./libnrf24l01/src/TM4C123_nRF24L01.o
 .text          0x200003d0        0x0 ./libnrf24l01/src/nRF24L01.o
 .text          0x200003d0        0x0 ./libcc2500/src/TM4C123_CC2500.o
 .text          0x200003d0        0x0 ./libcc2500/src/cc2500.o
 .text          0x200003d0        0x0 d:/ti/ccsv6/tools/compiler/gcc-arm-none-eabi-4_7-2013q3/bin/../lib/gcc/arm-none-eabi/4.7.4/../../../../arm-none-eabi/lib/armv7e-m/softfp\libc.a(lib_a-__atexit.o)
 .text          0x200003d0        0x0 d:/ti/ccsv6/tools/compiler/gcc-arm-none-eabi-4_7-2013q3/bin/../lib/gcc/arm-none-eabi/4.7.4/../../../../arm-none-eabi/lib/armv7e-m/softfp\libc.a(lib_a-exit.o)
 .text          0x200003d0        0x0 d:/ti/ccsv6/tools/compiler/gcc-arm-none-eabi-4_7-2013q3/bin/../lib/gcc/arm-none-eabi/4.7.4/../../../../arm-none-eabi/lib/armv7e-m/softfp\libc.a(lib_a-fini.o)
 .text          0x200003d0        0x0 d:/ti/ccsv6/tools/compiler/gcc-arm-none-eabi-4_7-2013q3/bin/../lib/gcc/arm-none-eabi/4.7.4/../../../../arm-none-eabi/lib/armv7e-m/softfp\libc.a(lib_a-impure.o)
 .text          0x200003d0        0x0 d:/ti/ccsv6/tools/compiler/gcc-arm-none-eabi-4_7-2013q3/bin/../lib/gcc/arm-none-eabi/4.7.4/../../../../arm-none-eabi/lib/armv7e-m/softfp\libc.a(lib_a-init.o)
 .text          0x200003d0        0x0 d:/ti/ccsv6/tools/compiler/gcc-arm-none-eabi-4_7-2013q3/bin/../lib/gcc/arm-none-eabi/4.7.4/../../../../arm-none-eabi/lib/armv7e-m/softfp\libc.a(lib_a-memset.o)
 .text          0x200003d0        0x0 d:/ti/ccsv6/tools/compiler/gcc-arm-none-eabi-4_7-2013q3/bin/../lib/gcc/arm-none-eabi/4.7.4/../../../../arm-none-eabi/lib/armv7e-m/softfp\libc.a(lib_a-__call_atexit.o)
 .text          0x200003d0        0x0 d:/ti/ccsv6/tools/compiler/gcc-arm-none-eabi-4_7-2013q3/bin/../lib/gcc/arm-none-eabi/4.7.4/../../../../arm-none-eabi/lib/armv7e-m/softfp\libc.a(lib_a-atexit.o)
 .text          0x200003d0        0x0 D:/Program Files/TI/TivaWare_C_Series-2.1.0.12573/driverlib/gcc\libdriver.a(eeprom.o)
 .text          0x200003d0        0x0 D:/Program Files/TI/TivaWare_C_Series-2.1.0.12573/driverlib/gcc\libdriver.a(gpio.o)
 .text          0x200003d0        0x0 D:/Program Files/TI/TivaWare_C_Series-2.1.0.12573/driverlib/gcc\libdriver.a(interrupt.o)
 .text          0x200003d0        0x0 D:/Program Files/TI/TivaWare_C_Series-2.1.0.12573/driverlib/gcc\libdriver.a(ssi.o)
 .text          0x200003d0        0x0 D:/Program Files/TI/TivaWare_C_Series-2.1.0.12573/driverlib/gcc\libdriver.a(sysctl.o)
 .text          0x200003d0        0x0 D:/Program Files/TI/TivaWare_C_Series-2.1.0.12573/driverlib/gcc\libdriver.a(timer.o)
 .text          0x200003d0        0x0 D:/Program Files/TI/TivaWare_C_Series-2.1.0.12573/driverlib/gcc\libdriver.a(cpu.o)
 .text          0x200003d0        0x0 d:/ti/ccsv6/tools/compiler/gcc-arm-none-eabi-4_7-2013q3/bin/../lib/gcc/arm-none-eabi/4.7.4/../../../../arm-none-eabi/lib/armv7e-m/softfp\libnosys.a(_exit.o)
 .text          0x200003d0        0x0 d:/ti/ccsv6/tools/compiler/gcc-arm-none-eabi-4_7-2013q3/bin/../lib/gcc/arm-none-eabi/4.7.4/armv7e-m/softfp/crtend.o
 .text          0x200003d0        0x0 d:/ti/ccsv6/tools/compiler/gcc-arm-none-eabi-4_7-2013q3/bin/../lib/gcc/arm-none-eabi/4.7.4/armv7e-m/softfp/crtn.o
 *(.text.*)
 .text.MCU_RF_IRQ_handler
                0x200003d0        0xc ./bl_main.o
                0x200003d0                MCU_RF_IRQ_handler
 .text.convertByteToUINT32
                0x200003dc       0x60 ./bl_main.o
                0x200003dc                convertByteToUINT32
 .text.waitForRfPacket
                0x2000043c      0x138 ./bl_main.o
                0x2000043c                waitForRfPacket
 .text.MyHwInitFunc
                0x20000574      0x110 ./bl_main.o
                0x20000574                MyHwInitFunc
 .text.main     0x20000684      0x1d4 ./bl_main.o
                0x20000684                main
 .text.ConfigureDevice
                0x20000858       0x90 ./bl_main.o
                0x20000858                ConfigureDevice
 .text.ExitBootloader
                0x200008e8       0x18 ./bl_main.o
                0x200008e8                ExitBootloader
 .text.NACK     0x20000900      0x100 ./bl_main.o
                0x20000900                NACK
 .text.Updater  0x20000a00      0x270 ./bl_main.o
                0x20000a00                Updater
 .text.MCU_RF_InitSpiForRf
                0x20000c70       0xe4 ./libnrf24l01/src/TM4C123_nRF24L01.o
                0x20000c70                MCU_RF_InitSpiForRf
 .text.MCU_RF_ConfigIRQPin
                0x20000d54       0x94 ./libnrf24l01/src/TM4C123_nRF24L01.o
                0x20000d54                MCU_RF_ConfigIRQPin
 .text.MCU_RF_WaitUs
                0x20000de8       0x50 ./libnrf24l01/src/TM4C123_nRF24L01.o
                0x20000de8                MCU_RF_WaitUs
 .text.MCU_RF_GetInterruptState
                0x20000e38       0x18 ./libnrf24l01/src/TM4C123_nRF24L01.o
                0x20000e38                MCU_RF_GetInterruptState
 .text.MCU_RF_EnableInterrupt
                0x20000e50       0x28 ./libnrf24l01/src/TM4C123_nRF24L01.o
                0x20000e50                MCU_RF_EnableInterrupt
 .text.MCU_RF_DisableInterrupt
                0x20000e78       0x2c ./libnrf24l01/src/TM4C123_nRF24L01.o
                0x20000e78                MCU_RF_DisableInterrupt
 .text.MCU_RF_ClearIntFlag
                0x20000ea4       0x14 ./libnrf24l01/src/TM4C123_nRF24L01.o
                0x20000ea4                MCU_RF_ClearIntFlag
 .text.MCU_RF_ClearPending
                0x20000eb8       0x1c ./libnrf24l01/src/TM4C123_nRF24L01.o
                0x20000eb8                MCU_RF_ClearPending
 .text.MCU_RF_SetCSN
                0x20000ed4       0x20 ./libnrf24l01/src/TM4C123_nRF24L01.o
                0x20000ed4                MCU_RF_SetCSN
 .text.MCU_RF_ClearCSN
                0x20000ef4       0x20 ./libnrf24l01/src/TM4C123_nRF24L01.o
                0x20000ef4                MCU_RF_ClearCSN
 .text.MCU_RF_SetCE
                0x20000f14       0x30 ./libnrf24l01/src/TM4C123_nRF24L01.o
                0x20000f14                MCU_RF_SetCE
 .text.MCU_RF_ClearCE
                0x20000f44       0x30 ./libnrf24l01/src/TM4C123_nRF24L01.o
                0x20000f44                MCU_RF_ClearCE
 .text.MCU_RF_SendAndGetData
                0x20000f74       0x50 ./libnrf24l01/src/TM4C123_nRF24L01.o
                0x20000f74                MCU_RF_SendAndGetData
 .text.RfSendPacket
                0x20000fc4      0x18c ./libnrf24l01/src/nRF24L01.o
                0x20000fc4                RfSendPacket
 .text.RfReceivePacket
                0x20001150       0xec ./libnrf24l01/src/nRF24L01.o
                0x20001150                RfReceivePacket
 .text.initRfModule
                0x2000123c      0x108 ./libnrf24l01/src/nRF24L01.o
                0x2000123c                initRfModule
 .text.RfSetChannel
                0x20001344       0x24 ./libnrf24l01/src/nRF24L01.o
                0x20001344                RfSetChannel
 .text.RfSetRxMode
                0x20001368       0x30 ./libnrf24l01/src/nRF24L01.o
                0x20001368                RfSetRxMode
 .text.RfFlushTxFifo
                0x20001398       0x24 ./libnrf24l01/src/nRF24L01.o
                0x20001398                RfFlushTxFifo
 .text.RfFlushRxFifo
                0x200013bc       0x24 ./libnrf24l01/src/nRF24L01.o
                0x200013bc                RfFlushRxFifo
 .text.RF24_init
                0x200013e0       0xc8 ./libnrf24l01/src/nRF24L01.o
                0x200013e0                RF24_init
 .text.RF24_enableFeatures
                0x200014a8       0x70 ./libnrf24l01/src/nRF24L01.o
                0x200014a8                RF24_enableFeatures
 .text.RF24_setConfigureRegister
                0x20001518       0x24 ./libnrf24l01/src/nRF24L01.o
                0x20001518                RF24_setConfigureRegister
 .text.RF24_setSpeedAndPower
                0x2000153c       0x20 ./libnrf24l01/src/nRF24L01.o
                0x2000153c                RF24_setSpeedAndPower
 .text.RF24_setAddressWidth
                0x2000155c       0x28 ./libnrf24l01/src/nRF24L01.o
                0x2000155c                RF24_setAddressWidth
 .text.RF24_startStandby
                0x20001584       0x68 ./libnrf24l01/src/nRF24L01.o
                0x20001584                RF24_startStandby
 .text.RF24_getIrqFlag
                0x200015ec       0x70 ./libnrf24l01/src/nRF24L01.o
                0x200015ec                RF24_getIrqFlag
 .text.RF24_clearIrqFlag
                0x2000165c       0x64 ./libnrf24l01/src/nRF24L01.o
                0x2000165c                RF24_clearIrqFlag
 .text.RF24_readRegister
                0x200016c0       0x44 ./libnrf24l01/src/nRF24L01.o
                0x200016c0                RF24_readRegister
 .text.RF24_writeRegister
                0x20001704       0x44 ./libnrf24l01/src/nRF24L01.o
                0x20001704                RF24_writeRegister
 .text.RF24_TX_setAddress
                0x20001748       0x60 ./libnrf24l01/src/nRF24L01.o
                0x20001748                RF24_TX_setAddress
 .text.RF24_TX_writePayloadNoAck
                0x200017a8       0x74 ./libnrf24l01/src/nRF24L01.o
                0x200017a8                RF24_TX_writePayloadNoAck
 .text.RF24_TX_activate
                0x2000181c       0x30 ./libnrf24l01/src/nRF24L01.o
                0x2000181c                RF24_TX_activate
 .text.RF24_TX_pulseTransmit
                0x2000184c       0x18 ./libnrf24l01/src/nRF24L01.o
                0x2000184c                RF24_TX_pulseTransmit
 .text.RF24_RX_setAddress
                0x20001864       0x88 ./libnrf24l01/src/nRF24L01.o
                0x20001864                RF24_RX_setAddress
 .text.RF24_RX_getPayloadWidth
                0x200018ec       0x3c ./libnrf24l01/src/nRF24L01.o
                0x200018ec                RF24_RX_getPayloadWidth
 .text.RF24_RX_getPayloadData
                0x20001928       0x74 ./libnrf24l01/src/nRF24L01.o
                0x20001928                RF24_RX_getPayloadData
 .text.RF24_PIPE_close
                0x2000199c       0x80 ./libnrf24l01/src/nRF24L01.o
                0x2000199c                RF24_PIPE_close
 .text.RF24_PIPE_closeAll
                0x20001a1c       0x2c ./libnrf24l01/src/nRF24L01.o
                0x20001a1c                RF24_PIPE_closeAll
 .text.RF24_PIPE_open
                0x20001a48       0x90 ./libnrf24l01/src/nRF24L01.o
                0x20001a48                RF24_PIPE_open
 .text.RF24_PIPE_setPacketSize
                0x20001ad8       0xa8 ./libnrf24l01/src/nRF24L01.o
                0x20001ad8                RF24_PIPE_setPacketSize
 .text.RF24_RETRANS_setDelay
                0x20001b80       0x40 ./libnrf24l01/src/nRF24L01.o
                0x20001b80                RF24_RETRANS_setDelay
 .text.RF24_RETRANS_setCount
                0x20001bc0       0x40 ./libnrf24l01/src/nRF24L01.o
                0x20001bc0                RF24_RETRANS_setCount
 .text.__register_exitproc
                0x20001c00       0xac d:/ti/ccsv6/tools/compiler/gcc-arm-none-eabi-4_7-2013q3/bin/../lib/gcc/arm-none-eabi/4.7.4/../../../../arm-none-eabi/lib/armv7e-m/softfp\libc.a(lib_a-__atexit.o)
                0x20001c00                __register_exitproc
 .text.exit     0x20001cac       0x20 d:/ti/ccsv6/tools/compiler/gcc-arm-none-eabi-4_7-2013q3/bin/../lib/gcc/arm-none-eabi/4.7.4/../../../../arm-none-eabi/lib/armv7e-m/softfp\libc.a(lib_a-exit.o)
                0x20001cac                exit
 .text.__libc_fini_array
                0x20001ccc       0x50 d:/ti/ccsv6/tools/compiler/gcc-arm-none-eabi-4_7-2013q3/bin/../lib/gcc/arm-none-eabi/4.7.4/../../../../arm-none-eabi/lib/armv7e-m/softfp\libc.a(lib_a-fini.o)
                0x20001ccc                __libc_fini_array
 .text.__libc_init_array
                0x20001d1c       0x94 d:/ti/ccsv6/tools/compiler/gcc-arm-none-eabi-4_7-2013q3/bin/../lib/gcc/arm-none-eabi/4.7.4/../../../../arm-none-eabi/lib/armv7e-m/softfp\libc.a(lib_a-init.o)
                0x20001d1c                __libc_init_array
 .text.memset   0x20001db0      0x12c d:/ti/ccsv6/tools/compiler/gcc-arm-none-eabi-4_7-2013q3/bin/../lib/gcc/arm-none-eabi/4.7.4/../../../../arm-none-eabi/lib/armv7e-m/softfp\libc.a(lib_a-memset.o)
                0x20001db0                memset
 .text.startup.register_fini
                0x20001edc       0x14 d:/ti/ccsv6/tools/compiler/gcc-arm-none-eabi-4_7-2013q3/bin/../lib/gcc/arm-none-eabi/4.7.4/../../../../arm-none-eabi/lib/armv7e-m/softfp\libc.a(lib_a-__call_atexit.o)
 .text.__call_exitprocs
                0x20001ef0      0x288 d:/ti/ccsv6/tools/compiler/gcc-arm-none-eabi-4_7-2013q3/bin/../lib/gcc/arm-none-eabi/4.7.4/../../../../arm-none-eabi/lib/armv7e-m/softfp\libc.a(lib_a-__call_atexit.o)
                0x20001ef0                __call_exitprocs
 .text.atexit   0x20002178        0xc d:/ti/ccsv6/tools/compiler/gcc-arm-none-eabi-4_7-2013q3/bin/../lib/gcc/arm-none-eabi/4.7.4/../../../../arm-none-eabi/lib/armv7e-m/softfp\libc.a(lib_a-atexit.o)
                0x20002178                atexit
 .text.EEPROMRead
                0x20002184       0x40 D:/Program Files/TI/TivaWare_C_Series-2.1.0.12573/driverlib/gcc\libdriver.a(eeprom.o)
                0x20002184                EEPROMRead
 .text.GPIODirModeSet
                0x200021c4       0x2e D:/Program Files/TI/TivaWare_C_Series-2.1.0.12573/driverlib/gcc\libdriver.a(gpio.o)
                0x200021c4                GPIODirModeSet
 .text.GPIOPadConfigSet
                0x200021f2      0x14e D:/Program Files/TI/TivaWare_C_Series-2.1.0.12573/driverlib/gcc\libdriver.a(gpio.o)
                0x200021f2                GPIOPadConfigSet
 .text.GPIOIntEnable
                0x20002340        0xc D:/Program Files/TI/TivaWare_C_Series-2.1.0.12573/driverlib/gcc\libdriver.a(gpio.o)
                0x20002340                GPIOIntEnable
 .text.GPIOIntStatus
                0x2000234c        0xe D:/Program Files/TI/TivaWare_C_Series-2.1.0.12573/driverlib/gcc\libdriver.a(gpio.o)
                0x2000234c                GPIOIntStatus
 .text.GPIOIntClear
                0x2000235a        0x6 D:/Program Files/TI/TivaWare_C_Series-2.1.0.12573/driverlib/gcc\libdriver.a(gpio.o)
                0x2000235a                GPIOIntClear
 .text.GPIOPinRead
                0x20002360        0x6 D:/Program Files/TI/TivaWare_C_Series-2.1.0.12573/driverlib/gcc\libdriver.a(gpio.o)
                0x20002360                GPIOPinRead
 .text.GPIOPinTypeGPIOInput
                0x20002366       0x1c D:/Program Files/TI/TivaWare_C_Series-2.1.0.12573/driverlib/gcc\libdriver.a(gpio.o)
                0x20002366                GPIOPinTypeGPIOInput
 .text.GPIOPinTypeGPIOOutput
                0x20002382       0x1c D:/Program Files/TI/TivaWare_C_Series-2.1.0.12573/driverlib/gcc\libdriver.a(gpio.o)
                0x20002382                GPIOPinTypeGPIOOutput
 .text.GPIOPinTypeSSI
                0x2000239e       0x1c D:/Program Files/TI/TivaWare_C_Series-2.1.0.12573/driverlib/gcc\libdriver.a(gpio.o)
                0x2000239e                GPIOPinTypeSSI
 *fill*         0x200023ba        0x2 00
 .text.GPIOPinConfigure
                0x200023bc       0x4c D:/Program Files/TI/TivaWare_C_Series-2.1.0.12573/driverlib/gcc\libdriver.a(gpio.o)
                0x200023bc                GPIOPinConfigure
 .text.IntRegister
                0x20002408       0x30 D:/Program Files/TI/TivaWare_C_Series-2.1.0.12573/driverlib/gcc\libdriver.a(interrupt.o)
                0x20002408                IntRegister
 .text.SSIConfigSetExpClk
                0x20002438       0x4a D:/Program Files/TI/TivaWare_C_Series-2.1.0.12573/driverlib/gcc\libdriver.a(ssi.o)
                0x20002438                SSIConfigSetExpClk
 .text.SSIEnable
                0x20002482        0xa D:/Program Files/TI/TivaWare_C_Series-2.1.0.12573/driverlib/gcc\libdriver.a(ssi.o)
                0x20002482                SSIEnable
 .text.SSIDisable
                0x2000248c        0xa D:/Program Files/TI/TivaWare_C_Series-2.1.0.12573/driverlib/gcc\libdriver.a(ssi.o)
                0x2000248c                SSIDisable
 .text.SSIDataGetNonBlocking
                0x20002496       0x14 D:/Program Files/TI/TivaWare_C_Series-2.1.0.12573/driverlib/gcc\libdriver.a(ssi.o)
                0x20002496                SSIDataGetNonBlocking
 *fill*         0x200024aa        0x2 00
 .text.SysCtlPeripheralEnable
                0x200024ac       0x30 D:/Program Files/TI/TivaWare_C_Series-2.1.0.12573/driverlib/gcc\libdriver.a(sysctl.o)
                0x200024ac                SysCtlPeripheralEnable
 .text.SysCtlDelay
                0x200024dc        0x6 D:/Program Files/TI/TivaWare_C_Series-2.1.0.12573/driverlib/gcc\libdriver.a(sysctl.o)
                0x200024dc                SysCtlDelay
 *fill*         0x200024e2        0x2 00
 .text.SysCtlClockGet
                0x200024e4      0x15c D:/Program Files/TI/TivaWare_C_Series-2.1.0.12573/driverlib/gcc\libdriver.a(sysctl.o)
                0x200024e4                SysCtlClockGet
 .text.TimerClockSourceSet
                0x20002640        0x6 D:/Program Files/TI/TivaWare_C_Series-2.1.0.12573/driverlib/gcc\libdriver.a(timer.o)
                0x20002640                TimerClockSourceSet
 *fill*         0x20002646        0x2 00
 .text._exit    0x20002648        0x4 d:/ti/ccsv6/tools/compiler/gcc-arm-none-eabi-4_7-2013q3/bin/../lib/gcc/arm-none-eabi/4.7.4/../../../../arm-none-eabi/lib/armv7e-m/softfp\libnosys.a(_exit.o)
                0x20002648                _exit
                0x2000264c                . = ALIGN (0x4)
 *(.ctors)
                0x2000264c                . = ALIGN (0x4)
 *(.dtors)
                0x2000264c                . = ALIGN (0x4)
                0x2000264c                __init_array_start = .
 *(.init_array*)
 .init_array    0x2000264c        0x4 d:/ti/ccsv6/tools/compiler/gcc-arm-none-eabi-4_7-2013q3/bin/../lib/gcc/arm-none-eabi/4.7.4/armv7e-m/softfp/crtbegin.o
 .init_array.00000
                0x20002650        0x4 d:/ti/ccsv6/tools/compiler/gcc-arm-none-eabi-4_7-2013q3/bin/../lib/gcc/arm-none-eabi/4.7.4/../../../../arm-none-eabi/lib/armv7e-m/softfp\libc.a(lib_a-__call_atexit.o)
                0x20002654                __init_array_end = .
 *(.init)
 .init          0x20002654        0x4 d:/ti/ccsv6/tools/compiler/gcc-arm-none-eabi-4_7-2013q3/bin/../lib/gcc/arm-none-eabi/4.7.4/armv7e-m/softfp/crti.o
                0x20002654                _init
 *(.fini*)
 .fini          0x20002658        0x4 d:/ti/ccsv6/tools/compiler/gcc-arm-none-eabi-4_7-2013q3/bin/../lib/gcc/arm-none-eabi/4.7.4/armv7e-m/softfp/crti.o
                0x20002658                _fini
 *(.rodata)
 *(.rodata*)
 .rodata.str1.4
                0x2000265c        0x4 d:/ti/ccsv6/tools/compiler/gcc-arm-none-eabi-4_7-2013q3/bin/../lib/gcc/arm-none-eabi/4.7.4/../../../../arm-none-eabi/lib/armv7e-m/softfp\libc.a(lib_a-impure.o)
 .rodata._global_impure_ptr
                0x20002660        0x4 d:/ti/ccsv6/tools/compiler/gcc-arm-none-eabi-4_7-2013q3/bin/../lib/gcc/arm-none-eabi/4.7.4/../../../../arm-none-eabi/lib/armv7e-m/softfp\libc.a(lib_a-impure.o)
                0x20002660                _global_impure_ptr
 .rodata.g_pui32GPIOBaseAddrs
                0x20002664       0x90 D:/Program Files/TI/TivaWare_C_Series-2.1.0.12573/driverlib/gcc\libdriver.a(gpio.o)
 .rodata.g_pui32Xtals
                0x200026f4       0x6c D:/Program Files/TI/TivaWare_C_Series-2.1.0.12573/driverlib/gcc\libdriver.a(sysctl.o)
 *(.eh_frame)
 .eh_frame      0x20002760        0x0 d:/ti/ccsv6/tools/compiler/gcc-arm-none-eabi-4_7-2013q3/bin/../lib/gcc/arm-none-eabi/4.7.4/armv7e-m/softfp/crtbegin.o
                0x20002760                PROVIDE (__etext, .)
                0x20002760                PROVIDE (_etext, .)
                0x20002760                PROVIDE (etext, .)

.glue_7         0x00000000        0x0
 .glue_7        0x00000000        0x0 linker stubs

.glue_7t        0x00000000        0x0
 .glue_7t       0x00000000        0x0 linker stubs

.vfp11_veneer   0x00000000        0x0
 .vfp11_veneer  0x00000000        0x0 linker stubs

.v4_bx          0x00000000        0x0
 .v4_bx         0x00000000        0x0 linker stubs

.iplt           0x00000000        0x0
 .iplt          0x00000000        0x0 d:/ti/ccsv6/tools/compiler/gcc-arm-none-eabi-4_7-2013q3/bin/../lib/gcc/arm-none-eabi/4.7.4/armv7e-m/softfp/crtbegin.o

.ARM.exidx      0x20002760        0x8
                0x20002760                __exidx_start = .
 *(.ARM.exidx* .gnu.linkonce.armexidx.*)
 .ARM.exidx     0x20002760        0x8 d:/ti/ccsv6/tools/compiler/gcc-arm-none-eabi-4_7-2013q3/bin/../lib/gcc/arm-none-eabi/4.7.4/../../../../arm-none-eabi/lib/armv7e-m/softfp/crt0.o
                0x20002768                __exidx_end = .

.rel.dyn        0x00000000        0x0
 .rel.iplt      0x00000000        0x0 d:/ti/ccsv6/tools/compiler/gcc-arm-none-eabi-4_7-2013q3/bin/../lib/gcc/arm-none-eabi/4.7.4/armv7e-m/softfp/crtbegin.o

.ARM.extab      0x20002768        0x0
 *(.ARM.extab* .gnu.linkonce.armextab.*)
                0x20002768                PROVIDE (_data_run_address, (((_text_run_address + SIZEOF (.text)) + SIZEOF (.ARM.exidx)) + SIZEOF (.ARM.extab)))

.data           0x20002768      0x434
                0x20002768                __data_start__ = .
 *(.data)
 .data          0x20002768        0x0 d:/ti/ccsv6/tools/compiler/gcc-arm-none-eabi-4_7-2013q3/bin/../lib/gcc/arm-none-eabi/4.7.4/armv7e-m/softfp/crti.o
 .data          0x20002768        0x4 d:/ti/ccsv6/tools/compiler/gcc-arm-none-eabi-4_7-2013q3/bin/../lib/gcc/arm-none-eabi/4.7.4/armv7e-m/softfp/crtbegin.o
                0x20002768                __dso_handle
 .data          0x2000276c        0x0 d:/ti/ccsv6/tools/compiler/gcc-arm-none-eabi-4_7-2013q3/bin/../lib/gcc/arm-none-eabi/4.7.4/../../../../arm-none-eabi/lib/armv7e-m/softfp/crt0.o
 .data          0x2000276c        0x0 ./bl_main.o
 .data          0x2000276c        0x0 ./bl_startup_gcc.o
 .data          0x2000276c        0x0 ./libnrf24l01/src/TM4C123_nRF24L01.o
 .data          0x2000276c        0x0 ./libnrf24l01/src/nRF24L01.o
 .data          0x2000276c        0x0 ./libcc2500/src/TM4C123_CC2500.o
 .data          0x2000276c        0x0 ./libcc2500/src/cc2500.o
 .data          0x2000276c        0x0 d:/ti/ccsv6/tools/compiler/gcc-arm-none-eabi-4_7-2013q3/bin/../lib/gcc/arm-none-eabi/4.7.4/../../../../arm-none-eabi/lib/armv7e-m/softfp\libc.a(lib_a-__atexit.o)
 .data          0x2000276c        0x0 d:/ti/ccsv6/tools/compiler/gcc-arm-none-eabi-4_7-2013q3/bin/../lib/gcc/arm-none-eabi/4.7.4/../../../../arm-none-eabi/lib/armv7e-m/softfp\libc.a(lib_a-exit.o)
 .data          0x2000276c        0x0 d:/ti/ccsv6/tools/compiler/gcc-arm-none-eabi-4_7-2013q3/bin/../lib/gcc/arm-none-eabi/4.7.4/../../../../arm-none-eabi/lib/armv7e-m/softfp\libc.a(lib_a-fini.o)
 .data          0x2000276c        0x0 d:/ti/ccsv6/tools/compiler/gcc-arm-none-eabi-4_7-2013q3/bin/../lib/gcc/arm-none-eabi/4.7.4/../../../../arm-none-eabi/lib/armv7e-m/softfp\libc.a(lib_a-impure.o)
 .data          0x2000276c        0x0 d:/ti/ccsv6/tools/compiler/gcc-arm-none-eabi-4_7-2013q3/bin/../lib/gcc/arm-none-eabi/4.7.4/../../../../arm-none-eabi/lib/armv7e-m/softfp\libc.a(lib_a-init.o)
 .data          0x2000276c        0x0 d:/ti/ccsv6/tools/compiler/gcc-arm-none-eabi-4_7-2013q3/bin/../lib/gcc/arm-none-eabi/4.7.4/../../../../arm-none-eabi/lib/armv7e-m/softfp\libc.a(lib_a-memset.o)
 .data          0x2000276c        0x0 d:/ti/ccsv6/tools/compiler/gcc-arm-none-eabi-4_7-2013q3/bin/../lib/gcc/arm-none-eabi/4.7.4/../../../../arm-none-eabi/lib/armv7e-m/softfp\libc.a(lib_a-__call_atexit.o)
 .data          0x2000276c        0x0 d:/ti/ccsv6/tools/compiler/gcc-arm-none-eabi-4_7-2013q3/bin/../lib/gcc/arm-none-eabi/4.7.4/../../../../arm-none-eabi/lib/armv7e-m/softfp\libc.a(lib_a-atexit.o)
 .data          0x2000276c        0x0 D:/Program Files/TI/TivaWare_C_Series-2.1.0.12573/driverlib/gcc\libdriver.a(eeprom.o)
 .data          0x2000276c        0x0 D:/Program Files/TI/TivaWare_C_Series-2.1.0.12573/driverlib/gcc\libdriver.a(gpio.o)
 .data          0x2000276c        0x0 D:/Program Files/TI/TivaWare_C_Series-2.1.0.12573/driverlib/gcc\libdriver.a(interrupt.o)
 .data          0x2000276c        0x0 D:/Program Files/TI/TivaWare_C_Series-2.1.0.12573/driverlib/gcc\libdriver.a(ssi.o)
 .data          0x2000276c        0x0 D:/Program Files/TI/TivaWare_C_Series-2.1.0.12573/driverlib/gcc\libdriver.a(sysctl.o)
 .data          0x2000276c        0x0 D:/Program Files/TI/TivaWare_C_Series-2.1.0.12573/driverlib/gcc\libdriver.a(timer.o)
 .data          0x2000276c        0x0 D:/Program Files/TI/TivaWare_C_Series-2.1.0.12573/driverlib/gcc\libdriver.a(cpu.o)
 .data          0x2000276c        0x0 d:/ti/ccsv6/tools/compiler/gcc-arm-none-eabi-4_7-2013q3/bin/../lib/gcc/arm-none-eabi/4.7.4/../../../../arm-none-eabi/lib/armv7e-m/softfp\libnosys.a(_exit.o)
 .data          0x2000276c        0x0 d:/ti/ccsv6/tools/compiler/gcc-arm-none-eabi-4_7-2013q3/bin/../lib/gcc/arm-none-eabi/4.7.4/armv7e-m/softfp/crtend.o
 .data          0x2000276c        0x0 d:/ti/ccsv6/tools/compiler/gcc-arm-none-eabi-4_7-2013q3/bin/../lib/gcc/arm-none-eabi/4.7.4/armv7e-m/softfp/crtn.o
 *(.data*)
 *fill*         0x2000276c        0x4 00
 .data.impure_data
                0x20002770      0x428 d:/ti/ccsv6/tools/compiler/gcc-arm-none-eabi-4_7-2013q3/bin/../lib/gcc/arm-none-eabi/4.7.4/../../../../arm-none-eabi/lib/armv7e-m/softfp\libc.a(lib_a-impure.o)
 .data._impure_ptr
                0x20002b98        0x4 d:/ti/ccsv6/tools/compiler/gcc-arm-none-eabi-4_7-2013q3/bin/../lib/gcc/arm-none-eabi/4.7.4/../../../../arm-none-eabi/lib/armv7e-m/softfp\libc.a(lib_a-impure.o)
                0x20002b98                _impure_ptr
                0x20002b9c                . = ALIGN (0x4)
                0x20002b9c                __data_end__ = .

.jcr            0x20000000        0x0
 .jcr           0x20000000        0x0 d:/ti/ccsv6/tools/compiler/gcc-arm-none-eabi-4_7-2013q3/bin/../lib/gcc/arm-none-eabi/4.7.4/armv7e-m/softfp/crtbegin.o

.igot.plt       0x20000000        0x0
 .igot.plt      0x00000000        0x0 d:/ti/ccsv6/tools/compiler/gcc-arm-none-eabi-4_7-2013q3/bin/../lib/gcc/arm-none-eabi/4.7.4/armv7e-m/softfp/crtbegin.o

vtable          0x20000000      0x400
                0x20000000                . = ALIGN (0x400)
                0x20000000                PROVIDE (__start_vtable, ABSOLUTE (.))
 vtable         0x20000000      0x400 D:/Program Files/TI/TivaWare_C_Series-2.1.0.12573/driverlib/gcc\libdriver.a(interrupt.o)
                0x20000400                PROVIDE (__stop_vtable, .)

.bss            0x20002b9c      0x464
                0x20002b9c                __bss_start__ = .
                0x20002b9c                PROVIDE (__bss_start__, .)
                0x20002b9c                PROVIDE (_bss_start_, .)
                0x20002b9c                PROVIDE (bss_start, .)
                0x20002b9c                PROVIDE (_bss_, .)
                0x20002b9c                PROVIDE (_bss, .)
 *(.shbss)
 *(.bss)
 .bss           0x20002b9c        0x0 d:/ti/ccsv6/tools/compiler/gcc-arm-none-eabi-4_7-2013q3/bin/../lib/gcc/arm-none-eabi/4.7.4/armv7e-m/softfp/crti.o
 .bss           0x20002b9c       0x1c d:/ti/ccsv6/tools/compiler/gcc-arm-none-eabi-4_7-2013q3/bin/../lib/gcc/arm-none-eabi/4.7.4/armv7e-m/softfp/crtbegin.o
 .bss           0x20002bb8        0x0 d:/ti/ccsv6/tools/compiler/gcc-arm-none-eabi-4_7-2013q3/bin/../lib/gcc/arm-none-eabi/4.7.4/../../../../arm-none-eabi/lib/armv7e-m/softfp/crt0.o
 .bss           0x20002bb8        0x0 ./bl_main.o
 .bss           0x20002bb8      0x400 ./bl_startup_gcc.o
 .bss           0x20002fb8        0x0 ./libnrf24l01/src/TM4C123_nRF24L01.o
 .bss           0x20002fb8        0x0 ./libnrf24l01/src/nRF24L01.o
 .bss           0x20002fb8        0x0 ./libcc2500/src/TM4C123_CC2500.o
 .bss           0x20002fb8        0x0 ./libcc2500/src/cc2500.o
 .bss           0x20002fb8        0x0 d:/ti/ccsv6/tools/compiler/gcc-arm-none-eabi-4_7-2013q3/bin/../lib/gcc/arm-none-eabi/4.7.4/../../../../arm-none-eabi/lib/armv7e-m/softfp\libc.a(lib_a-__atexit.o)
 .bss           0x20002fb8        0x0 d:/ti/ccsv6/tools/compiler/gcc-arm-none-eabi-4_7-2013q3/bin/../lib/gcc/arm-none-eabi/4.7.4/../../../../arm-none-eabi/lib/armv7e-m/softfp\libc.a(lib_a-exit.o)
 .bss           0x20002fb8        0x0 d:/ti/ccsv6/tools/compiler/gcc-arm-none-eabi-4_7-2013q3/bin/../lib/gcc/arm-none-eabi/4.7.4/../../../../arm-none-eabi/lib/armv7e-m/softfp\libc.a(lib_a-fini.o)
 .bss           0x20002fb8        0x0 d:/ti/ccsv6/tools/compiler/gcc-arm-none-eabi-4_7-2013q3/bin/../lib/gcc/arm-none-eabi/4.7.4/../../../../arm-none-eabi/lib/armv7e-m/softfp\libc.a(lib_a-impure.o)
 .bss           0x20002fb8        0x0 d:/ti/ccsv6/tools/compiler/gcc-arm-none-eabi-4_7-2013q3/bin/../lib/gcc/arm-none-eabi/4.7.4/../../../../arm-none-eabi/lib/armv7e-m/softfp\libc.a(lib_a-init.o)
 .bss           0x20002fb8        0x0 d:/ti/ccsv6/tools/compiler/gcc-arm-none-eabi-4_7-2013q3/bin/../lib/gcc/arm-none-eabi/4.7.4/../../../../arm-none-eabi/lib/armv7e-m/softfp\libc.a(lib_a-memset.o)
 .bss           0x20002fb8        0x0 d:/ti/ccsv6/tools/compiler/gcc-arm-none-eabi-4_7-2013q3/bin/../lib/gcc/arm-none-eabi/4.7.4/../../../../arm-none-eabi/lib/armv7e-m/softfp\libc.a(lib_a-__call_atexit.o)
 .bss           0x20002fb8        0x0 d:/ti/ccsv6/tools/compiler/gcc-arm-none-eabi-4_7-2013q3/bin/../lib/gcc/arm-none-eabi/4.7.4/../../../../arm-none-eabi/lib/armv7e-m/softfp\libc.a(lib_a-atexit.o)
 .bss           0x20002fb8        0x0 D:/Program Files/TI/TivaWare_C_Series-2.1.0.12573/driverlib/gcc\libdriver.a(eeprom.o)
 .bss           0x20002fb8        0x0 D:/Program Files/TI/TivaWare_C_Series-2.1.0.12573/driverlib/gcc\libdriver.a(gpio.o)
 .bss           0x20002fb8        0x0 D:/Program Files/TI/TivaWare_C_Series-2.1.0.12573/driverlib/gcc\libdriver.a(interrupt.o)
 .bss           0x20002fb8        0x0 D:/Program Files/TI/TivaWare_C_Series-2.1.0.12573/driverlib/gcc\libdriver.a(ssi.o)
 .bss           0x20002fb8        0x0 D:/Program Files/TI/TivaWare_C_Series-2.1.0.12573/driverlib/gcc\libdriver.a(sysctl.o)
 .bss           0x20002fb8        0x0 D:/Program Files/TI/TivaWare_C_Series-2.1.0.12573/driverlib/gcc\libdriver.a(timer.o)
 .bss           0x20002fb8        0x0 D:/Program Files/TI/TivaWare_C_Series-2.1.0.12573/driverlib/gcc\libdriver.a(cpu.o)
 .bss           0x20002fb8        0x0 d:/ti/ccsv6/tools/compiler/gcc-arm-none-eabi-4_7-2013q3/bin/../lib/gcc/arm-none-eabi/4.7.4/../../../../arm-none-eabi/lib/armv7e-m/softfp\libnosys.a(_exit.o)
 .bss           0x20002fb8        0x0 d:/ti/ccsv6/tools/compiler/gcc-arm-none-eabi-4_7-2013q3/bin/../lib/gcc/arm-none-eabi/4.7.4/armv7e-m/softfp/crtend.o
 .bss           0x20002fb8        0x0 d:/ti/ccsv6/tools/compiler/gcc-arm-none-eabi-4_7-2013q3/bin/../lib/gcc/arm-none-eabi/4.7.4/armv7e-m/softfp/crtn.o
 *(.bss.*)
 .bss.CEState   0x20002fb8        0x1 ./libnrf24l01/src/TM4C123_nRF24L01.o
 .bss.g_bIsIntEnable
                0x20002fb9        0x1 ./libnrf24l01/src/TM4C123_nRF24L01.o
 .bss.crcConfig
                0x20002fba        0x1 ./libnrf24l01/src/nRF24L01.o
 .bss.addressWidth
                0x20002fbb        0x1 ./libnrf24l01/src/nRF24L01.o
 .bss.status    0x20002fbc        0x1 ./libnrf24l01/src/nRF24L01.o
 .bss.features  0x20002fbd        0x1 ./libnrf24l01/src/nRF24L01.o
 *(COMMON)
 *fill*         0x20002fbe        0x2 00
 COMMON         0x20002fc0       0x40 ./bl_main.o
                0x20002fc0                g_ui32RandomWIndex
                0x20002fc4                g_ui32TransferSize
                0x20002fc8                g_ui32RobotId
                0x20002fcc                g_ui32WaitingPeriodUs
                0x20002fd0                ui8RxLength
                0x20002fd4                g_ui32RandomW
                0x20002fd8                pui8RfBuffer
                0x20003000                . = ALIGN (0x4)
                0x20003000                __bss_end__ = .
                0x20003000                PROVIDE (_bss_end_, .)
                0x20003000                PROVIDE (bss_end, .)
                0x20003000                PROVIDE (_ebss_, .)
                0x20003000                PROVIDE (_ebss, .)
START GROUP
LOAD d:/ti/ccsv6/tools/compiler/gcc-arm-none-eabi-4_7-2013q3/bin/../lib/gcc/arm-none-eabi/4.7.4/../../../../arm-none-eabi/lib/armv7e-m/softfp\libc.a
LOAD D:/Program Files/TI/TivaWare_C_Series-2.1.0.12573/driverlib/gcc\libdriver.a
LOAD d:/ti/ccsv6/tools/compiler/gcc-arm-none-eabi-4_7-2013q3/bin/../lib/gcc/arm-none-eabi/4.7.4/armv7e-m/softfp\libgcc.a
LOAD d:/ti/ccsv6/tools/compiler/gcc-arm-none-eabi-4_7-2013q3/bin/../lib/gcc/arm-none-eabi/4.7.4/../../../../arm-none-eabi/lib/armv7e-m/softfp\libnosys.a
END GROUP
START GROUP
LOAD d:/ti/ccsv6/tools/compiler/gcc-arm-none-eabi-4_7-2013q3/bin/../lib/gcc/arm-none-eabi/4.7.4/armv7e-m/softfp\libgcc.a
LOAD d:/ti/ccsv6/tools/compiler/gcc-arm-none-eabi-4_7-2013q3/bin/../lib/gcc/arm-none-eabi/4.7.4/../../../../arm-none-eabi/lib/armv7e-m/softfp\libg.a
LOAD d:/ti/ccsv6/tools/compiler/gcc-arm-none-eabi-4_7-2013q3/bin/../lib/gcc/arm-none-eabi/4.7.4/../../../../arm-none-eabi/lib/armv7e-m/softfp\libc.a
END GROUP
LOAD d:/ti/ccsv6/tools/compiler/gcc-arm-none-eabi-4_7-2013q3/bin/../lib/gcc/arm-none-eabi/4.7.4/armv7e-m/softfp/crtend.o
LOAD d:/ti/ccsv6/tools/compiler/gcc-arm-none-eabi-4_7-2013q3/bin/../lib/gcc/arm-none-eabi/4.7.4/armv7e-m/softfp/crtn.o
OUTPUT(BootloaderRFV4.out elf32-littlearm)

.ARM.attributes
                0x00000000       0x30
 .ARM.attributes
                0x00000000       0x24 d:/ti/ccsv6/tools/compiler/gcc-arm-none-eabi-4_7-2013q3/bin/../lib/gcc/arm-none-eabi/4.7.4/armv7e-m/softfp/crti.o
 .ARM.attributes
                0x00000024       0x34 d:/ti/ccsv6/tools/compiler/gcc-arm-none-eabi-4_7-2013q3/bin/../lib/gcc/arm-none-eabi/4.7.4/armv7e-m/softfp/crtbegin.o
 .ARM.attributes
                0x00000058       0x22 d:/ti/ccsv6/tools/compiler/gcc-arm-none-eabi-4_7-2013q3/bin/../lib/gcc/arm-none-eabi/4.7.4/../../../../arm-none-eabi/lib/armv7e-m/softfp/crt0.o
 .ARM.attributes
                0x0000007a       0x39 ./bl_main.o
 .ARM.attributes
                0x000000b3       0x22 ./bl_startup_gcc.o
 .ARM.attributes
                0x000000d5       0x39 ./libnrf24l01/src/TM4C123_nRF24L01.o
 .ARM.attributes
                0x0000010e       0x39 ./libnrf24l01/src/nRF24L01.o
 .ARM.attributes
                0x00000147       0x39 ./libcc2500/src/TM4C123_CC2500.o
 .ARM.attributes
                0x00000180       0x39 ./libcc2500/src/cc2500.o
 .ARM.attributes
                0x000001b9       0x34 d:/ti/ccsv6/tools/compiler/gcc-arm-none-eabi-4_7-2013q3/bin/../lib/gcc/arm-none-eabi/4.7.4/../../../../arm-none-eabi/lib/armv7e-m/softfp\libc.a(lib_a-__atexit.o)
 .ARM.attributes
                0x000001ed       0x34 d:/ti/ccsv6/tools/compiler/gcc-arm-none-eabi-4_7-2013q3/bin/../lib/gcc/arm-none-eabi/4.7.4/../../../../arm-none-eabi/lib/armv7e-m/softfp\libc.a(lib_a-exit.o)
 .ARM.attributes
                0x00000221       0x34 d:/ti/ccsv6/tools/compiler/gcc-arm-none-eabi-4_7-2013q3/bin/../lib/gcc/arm-none-eabi/4.7.4/../../../../arm-none-eabi/lib/armv7e-m/softfp\libc.a(lib_a-fini.o)
 .ARM.attributes
                0x00000255       0x34 d:/ti/ccsv6/tools/compiler/gcc-arm-none-eabi-4_7-2013q3/bin/../lib/gcc/arm-none-eabi/4.7.4/../../../../arm-none-eabi/lib/armv7e-m/softfp\libc.a(lib_a-impure.o)
 .ARM.attributes
                0x00000289       0x34 d:/ti/ccsv6/tools/compiler/gcc-arm-none-eabi-4_7-2013q3/bin/../lib/gcc/arm-none-eabi/4.7.4/../../../../arm-none-eabi/lib/armv7e-m/softfp\libc.a(lib_a-init.o)
 .ARM.attributes
                0x000002bd       0x34 d:/ti/ccsv6/tools/compiler/gcc-arm-none-eabi-4_7-2013q3/bin/../lib/gcc/arm-none-eabi/4.7.4/../../../../arm-none-eabi/lib/armv7e-m/softfp\libc.a(lib_a-memset.o)
 .ARM.attributes
                0x000002f1       0x34 d:/ti/ccsv6/tools/compiler/gcc-arm-none-eabi-4_7-2013q3/bin/../lib/gcc/arm-none-eabi/4.7.4/../../../../arm-none-eabi/lib/armv7e-m/softfp\libc.a(lib_a-__call_atexit.o)
 .ARM.attributes
                0x00000325       0x34 d:/ti/ccsv6/tools/compiler/gcc-arm-none-eabi-4_7-2013q3/bin/../lib/gcc/arm-none-eabi/4.7.4/../../../../arm-none-eabi/lib/armv7e-m/softfp\libc.a(lib_a-atexit.o)
 .ARM.attributes
                0x00000359       0x37 D:/Program Files/TI/TivaWare_C_Series-2.1.0.12573/driverlib/gcc\libdriver.a(eeprom.o)
 .ARM.attributes
                0x00000390       0x37 D:/Program Files/TI/TivaWare_C_Series-2.1.0.12573/driverlib/gcc\libdriver.a(gpio.o)
 .ARM.attributes
                0x000003c7       0x37 D:/Program Files/TI/TivaWare_C_Series-2.1.0.12573/driverlib/gcc\libdriver.a(interrupt.o)
 .ARM.attributes
                0x000003fe       0x37 D:/Program Files/TI/TivaWare_C_Series-2.1.0.12573/driverlib/gcc\libdriver.a(ssi.o)
 .ARM.attributes
                0x00000435       0x37 D:/Program Files/TI/TivaWare_C_Series-2.1.0.12573/driverlib/gcc\libdriver.a(sysctl.o)
 .ARM.attributes
                0x0000046c       0x37 D:/Program Files/TI/TivaWare_C_Series-2.1.0.12573/driverlib/gcc\libdriver.a(timer.o)
 .ARM.attributes
                0x000004a3       0x37 D:/Program Files/TI/TivaWare_C_Series-2.1.0.12573/driverlib/gcc\libdriver.a(cpu.o)
 .ARM.attributes
                0x000004da       0x34 d:/ti/ccsv6/tools/compiler/gcc-arm-none-eabi-4_7-2013q3/bin/../lib/gcc/arm-none-eabi/4.7.4/../../../../arm-none-eabi/lib/armv7e-m/softfp\libnosys.a(_exit.o)
 .ARM.attributes
                0x0000050e       0x34 d:/ti/ccsv6/tools/compiler/gcc-arm-none-eabi-4_7-2013q3/bin/../lib/gcc/arm-none-eabi/4.7.4/armv7e-m/softfp/crtend.o
 .ARM.attributes
                0x00000542       0x24 d:/ti/ccsv6/tools/compiler/gcc-arm-none-eabi-4_7-2013q3/bin/../lib/gcc/arm-none-eabi/4.7.4/armv7e-m/softfp/crtn.o

.comment        0x00000000       0x9b
 .comment       0x00000000       0x70 ./bl_main.o
                                 0x71 (size before relaxing)
 .comment       0x00000000       0x71 ./libnrf24l01/src/TM4C123_nRF24L01.o
 .comment       0x00000000       0x71 ./libnrf24l01/src/nRF24L01.o
 .comment       0x00000000       0x71 ./libcc2500/src/TM4C123_CC2500.o
 .comment       0x00000000       0x71 ./libcc2500/src/cc2500.o
 .comment       0x00000070       0x2b D:/Program Files/TI/TivaWare_C_Series-2.1.0.12573/driverlib/gcc\libdriver.a(eeprom.o)
                                 0x2c (size before relaxing)
 .comment       0x00000000       0x2c D:/Program Files/TI/TivaWare_C_Series-2.1.0.12573/driverlib/gcc\libdriver.a(gpio.o)
 .comment       0x00000000       0x2c D:/Program Files/TI/TivaWare_C_Series-2.1.0.12573/driverlib/gcc\libdriver.a(interrupt.o)
 .comment       0x00000000       0x2c D:/Program Files/TI/TivaWare_C_Series-2.1.0.12573/driverlib/gcc\libdriver.a(ssi.o)
 .comment       0x00000000       0x2c D:/Program Files/TI/TivaWare_C_Series-2.1.0.12573/driverlib/gcc\libdriver.a(sysctl.o)
 .comment       0x00000000       0x2c D:/Program Files/TI/TivaWare_C_Series-2.1.0.12573/driverlib/gcc\libdriver.a(timer.o)
 .comment       0x00000000       0x2c D:/Program Files/TI/TivaWare_C_Series-2.1.0.12573/driverlib/gcc\libdriver.a(cpu.o)

.debug_info     0x00000000     0x1244
 .debug_info    0x00000000      0x393 ./bl_main.o
 .debug_info    0x00000393       0x7b ./bl_startup_gcc.o
 .debug_info    0x0000040e      0x23f ./libnrf24l01/src/TM4C123_nRF24L01.o
 .debug_info    0x0000064d      0xbf7 ./libnrf24l01/src/nRF24L01.o

.debug_abbrev   0x00000000      0x42a
 .debug_abbrev  0x00000000      0x12e ./bl_main.o
 .debug_abbrev  0x0000012e       0x14 ./bl_startup_gcc.o
 .debug_abbrev  0x00000142       0xd5 ./libnrf24l01/src/TM4C123_nRF24L01.o
 .debug_abbrev  0x00000217      0x213 ./libnrf24l01/src/nRF24L01.o

.debug_loc      0x00000000      0xe6a
 .debug_loc     0x00000000      0x1c8 ./bl_main.o
 .debug_loc     0x000001c8      0x2c4 ./libnrf24l01/src/TM4C123_nRF24L01.o
 .debug_loc     0x0000048c      0x9de ./libnrf24l01/src/nRF24L01.o

.debug_aranges  0x00000000      0x2a0
 .debug_aranges
                0x00000000       0x60 ./bl_main.o
 .debug_aranges
                0x00000060       0x20 ./bl_startup_gcc.o
 .debug_aranges
                0x00000080       0x90 ./libnrf24l01/src/TM4C123_nRF24L01.o
 .debug_aranges
                0x00000110      0x190 ./libnrf24l01/src/nRF24L01.o

.debug_line     0x00000000      0xb11
 .debug_line    0x00000000      0x222 ./bl_main.o
 .debug_line    0x00000222       0x92 ./bl_startup_gcc.o
 .debug_line    0x000002b4      0x1fd ./libnrf24l01/src/TM4C123_nRF24L01.o
 .debug_line    0x000004b1      0x660 ./libnrf24l01/src/nRF24L01.o
 .debug_line    0x00000b11        0x0 ./libcc2500/src/TM4C123_CC2500.o
 .debug_line    0x00000b11        0x0 ./libcc2500/src/cc2500.o

.debug_str      0x00000000      0xb6c
 .debug_str     0x00000000      0x3fc ./bl_main.o
                                0x438 (size before relaxing)
 .debug_str     0x000003fc      0x180 ./libnrf24l01/src/TM4C123_nRF24L01.o
                                0x2a8 (size before relaxing)
 .debug_str     0x0000057c      0x5f0 ./libnrf24l01/src/nRF24L01.o
                                0x7c9 (size before relaxing)

.debug_frame    0x00000000      0xa08
 .debug_frame   0x00000000      0x114 ./bl_main.o
 .debug_frame   0x00000114      0x1bc ./libnrf24l01/src/TM4C123_nRF24L01.o
 .debug_frame   0x000002d0      0x5cc ./libnrf24l01/src/nRF24L01.o
 .debug_frame   0x0000089c       0x34 d:/ti/ccsv6/tools/compiler/gcc-arm-none-eabi-4_7-2013q3/bin/../lib/gcc/arm-none-eabi/4.7.4/../../../../arm-none-eabi/lib/armv7e-m/softfp\libc.a(lib_a-__atexit.o)
 .debug_frame   0x000008d0       0x28 d:/ti/ccsv6/tools/compiler/gcc-arm-none-eabi-4_7-2013q3/bin/../lib/gcc/arm-none-eabi/4.7.4/../../../../arm-none-eabi/lib/armv7e-m/softfp\libc.a(lib_a-exit.o)
 .debug_frame   0x000008f8       0x2c d:/ti/ccsv6/tools/compiler/gcc-arm-none-eabi-4_7-2013q3/bin/../lib/gcc/arm-none-eabi/4.7.4/../../../../arm-none-eabi/lib/armv7e-m/softfp\libc.a(lib_a-fini.o)
 .debug_frame   0x00000924       0x30 d:/ti/ccsv6/tools/compiler/gcc-arm-none-eabi-4_7-2013q3/bin/../lib/gcc/arm-none-eabi/4.7.4/../../../../arm-none-eabi/lib/armv7e-m/softfp\libc.a(lib_a-init.o)
 .debug_frame   0x00000954       0x2c d:/ti/ccsv6/tools/compiler/gcc-arm-none-eabi-4_7-2013q3/bin/../lib/gcc/arm-none-eabi/4.7.4/../../../../arm-none-eabi/lib/armv7e-m/softfp\libc.a(lib_a-memset.o)
 .debug_frame   0x00000980       0x48 d:/ti/ccsv6/tools/compiler/gcc-arm-none-eabi-4_7-2013q3/bin/../lib/gcc/arm-none-eabi/4.7.4/../../../../arm-none-eabi/lib/armv7e-m/softfp\libc.a(lib_a-__call_atexit.o)
 .debug_frame   0x000009c8       0x20 d:/ti/ccsv6/tools/compiler/gcc-arm-none-eabi-4_7-2013q3/bin/../lib/gcc/arm-none-eabi/4.7.4/../../../../arm-none-eabi/lib/armv7e-m/softfp\libc.a(lib_a-atexit.o)
 .debug_frame   0x000009e8       0x20 d:/ti/ccsv6/tools/compiler/gcc-arm-none-eabi-4_7-2013q3/bin/../lib/gcc/arm-none-eabi/4.7.4/../../../../arm-none-eabi/lib/armv7e-m/softfp\libnosys.a(_exit.o)
