Archive member included because of file (symbol)

c:/ti/ccsv6/tools/compiler/gcc-arm-none-eabi-4_7-2013q3/bin/../lib/gcc/arm-none-eabi/4.7.4/../../../../arm-none-eabi/lib/armv7e-m/softfp\libc.a(lib_a-__atexit.o)
                              c:/ti/ccsv6/tools/compiler/gcc-arm-none-eabi-4_7-2013q3/bin/../lib/gcc/arm-none-eabi/4.7.4/../../../../arm-none-eabi/lib/armv7e-m/softfp/crt0.o (__register_exitproc)
c:/ti/ccsv6/tools/compiler/gcc-arm-none-eabi-4_7-2013q3/bin/../lib/gcc/arm-none-eabi/4.7.4/../../../../arm-none-eabi/lib/armv7e-m/softfp\libc.a(lib_a-exit.o)
                              c:/ti/ccsv6/tools/compiler/gcc-arm-none-eabi-4_7-2013q3/bin/../lib/gcc/arm-none-eabi/4.7.4/../../../../arm-none-eabi/lib/armv7e-m/softfp/crt0.o (exit)
c:/ti/ccsv6/tools/compiler/gcc-arm-none-eabi-4_7-2013q3/bin/../lib/gcc/arm-none-eabi/4.7.4/../../../../arm-none-eabi/lib/armv7e-m/softfp\libc.a(lib_a-fini.o)
                              c:/ti/ccsv6/tools/compiler/gcc-arm-none-eabi-4_7-2013q3/bin/../lib/gcc/arm-none-eabi/4.7.4/../../../../arm-none-eabi/lib/armv7e-m/softfp/crt0.o (__libc_fini_array)
c:/ti/ccsv6/tools/compiler/gcc-arm-none-eabi-4_7-2013q3/bin/../lib/gcc/arm-none-eabi/4.7.4/../../../../arm-none-eabi/lib/armv7e-m/softfp\libc.a(lib_a-impure.o)
                              c:/ti/ccsv6/tools/compiler/gcc-arm-none-eabi-4_7-2013q3/bin/../lib/gcc/arm-none-eabi/4.7.4/../../../../arm-none-eabi/lib/armv7e-m/softfp\libc.a(lib_a-__atexit.o) (_global_impure_ptr)
c:/ti/ccsv6/tools/compiler/gcc-arm-none-eabi-4_7-2013q3/bin/../lib/gcc/arm-none-eabi/4.7.4/../../../../arm-none-eabi/lib/armv7e-m/softfp\libc.a(lib_a-init.o)
                              c:/ti/ccsv6/tools/compiler/gcc-arm-none-eabi-4_7-2013q3/bin/../lib/gcc/arm-none-eabi/4.7.4/../../../../arm-none-eabi/lib/armv7e-m/softfp/crt0.o (__libc_init_array)
c:/ti/ccsv6/tools/compiler/gcc-arm-none-eabi-4_7-2013q3/bin/../lib/gcc/arm-none-eabi/4.7.4/../../../../arm-none-eabi/lib/armv7e-m/softfp\libc.a(lib_a-memset.o)
                              c:/ti/ccsv6/tools/compiler/gcc-arm-none-eabi-4_7-2013q3/bin/../lib/gcc/arm-none-eabi/4.7.4/../../../../arm-none-eabi/lib/armv7e-m/softfp/crt0.o (memset)
c:/ti/ccsv6/tools/compiler/gcc-arm-none-eabi-4_7-2013q3/bin/../lib/gcc/arm-none-eabi/4.7.4/../../../../arm-none-eabi/lib/armv7e-m/softfp\libc.a(lib_a-__call_atexit.o)
                              c:/ti/ccsv6/tools/compiler/gcc-arm-none-eabi-4_7-2013q3/bin/../lib/gcc/arm-none-eabi/4.7.4/../../../../arm-none-eabi/lib/armv7e-m/softfp\libc.a(lib_a-exit.o) (__call_exitprocs)
c:/ti/ccsv6/tools/compiler/gcc-arm-none-eabi-4_7-2013q3/bin/../lib/gcc/arm-none-eabi/4.7.4/../../../../arm-none-eabi/lib/armv7e-m/softfp\libc.a(lib_a-atexit.o)
                              c:/ti/ccsv6/tools/compiler/gcc-arm-none-eabi-4_7-2013q3/bin/../lib/gcc/arm-none-eabi/4.7.4/../../../../arm-none-eabi/lib/armv7e-m/softfp\libc.a(lib_a-__call_atexit.o) (atexit)
D:/Portable/Programs/TivaDriver/driverlib/gcc\libdriver.a(gpio.o)
                              ./libnrf24l01/src/TM4C123_nRF24L01.o (GPIOIntEnable)
D:/Portable/Programs/TivaDriver/driverlib/gcc\libdriver.a(interrupt.o)
                              D:/Portable/Programs/TivaDriver/driverlib/gcc\libdriver.a(gpio.o) (IntRegister)
D:/Portable/Programs/TivaDriver/driverlib/gcc\libdriver.a(sysctl.o)
                              ./libnrf24l01/src/TM4C123_nRF24L01.o (SysCtlClockGet)
D:/Portable/Programs/TivaDriver/driverlib/gcc\libdriver.a(cpu.o)
                              D:/Portable/Programs/TivaDriver/driverlib/gcc\libdriver.a(interrupt.o) (CPUcpsid)
c:/ti/ccsv6/tools/compiler/gcc-arm-none-eabi-4_7-2013q3/bin/../lib/gcc/arm-none-eabi/4.7.4/../../../../arm-none-eabi/lib/armv7e-m/softfp\libnosys.a(_exit.o)
                              c:/ti/ccsv6/tools/compiler/gcc-arm-none-eabi-4_7-2013q3/bin/../lib/gcc/arm-none-eabi/4.7.4/../../../../arm-none-eabi/lib/armv7e-m/softfp\libc.a(lib_a-exit.o) (_exit)

Allocating common symbols
Common symbol       size              file

g_1msCycles         0x4               ./bl_main.o
g_ui32TransferSize  0x4               ./bl_main.o
ui8RxLength         0x1               ./bl_main.o
pui8RfBuffer        0x17              ./bl_main.o

Discarded input sections

 .fini_array    0x00000000        0x4 c:/ti/ccsv6/tools/compiler/gcc-arm-none-eabi-4_7-2013q3/bin/../lib/gcc/arm-none-eabi/4.7.4/armv7e-m/softfp/crtbegin.o
 .ARM.extab     0x00000000        0x0 c:/ti/ccsv6/tools/compiler/gcc-arm-none-eabi-4_7-2013q3/bin/../lib/gcc/arm-none-eabi/4.7.4/../../../../arm-none-eabi/lib/armv7e-m/softfp/crt0.o
 .text.RF24_disableFeatures
                0x00000000       0x60 ./libnrf24l01/src/nRF24L01.o
 .text.RF24_getLostPackets
                0x00000000       0x18 ./libnrf24l01/src/nRF24L01.o
 .text.RF24_isAlive
                0x00000000       0x3c ./libnrf24l01/src/nRF24L01.o
 .text.RF24_getConfigureRegister
                0x00000000       0x14 ./libnrf24l01/src/nRF24L01.o
 .text.RF24_getCurrentState
                0x00000000       0x90 ./libnrf24l01/src/nRF24L01.o
 .text.RF24_startPowerDown
                0x00000000       0x20 ./libnrf24l01/src/nRF24L01.o
 .text.RF24_scan
                0x00000000       0x7c ./libnrf24l01/src/nRF24L01.o
 .text.RF24_TX_writePayloadAck
                0x00000000       0x60 ./libnrf24l01/src/nRF24L01.o
 .text.RF24_TX_writePayloadNoAck
                0x00000000       0x74 ./libnrf24l01/src/nRF24L01.o
 .text.RF24_TX_reuseLastPayload
                0x00000000       0x24 ./libnrf24l01/src/nRF24L01.o
 .text.RF24_RX_isEmpty
                0x00000000       0x30 ./libnrf24l01/src/nRF24L01.o
 .text.RF24_RX_sendAckWithPayload
                0x00000000       0x84 ./libnrf24l01/src/nRF24L01.o
 .text.RF24_RX_carrierDetection
                0x00000000       0x2c ./libnrf24l01/src/nRF24L01.o
 .text.RF24_PIPE_close
                0x00000000       0x80 ./libnrf24l01/src/nRF24L01.o
 .text.RF24_PIPE_isOpen
                0x00000000       0x50 ./libnrf24l01/src/nRF24L01.o
 .text.RF24_RETRANS_getLastRetransmits
                0x00000000       0x18 ./libnrf24l01/src/nRF24L01.o
 .text.getCEState
                0x00000000       0x18 ./libnrf24l01/src/TM4C123_nRF24L01.o
 .text._GPIOIntNumberGet
                0x00000000       0x48 D:/Portable/Programs/TivaDriver/driverlib/gcc\libdriver.a(gpio.o)
 .text.GPIODirModeSet
                0x00000000       0x2e D:/Portable/Programs/TivaDriver/driverlib/gcc\libdriver.a(gpio.o)
 .text.GPIODirModeGet
                0x00000000       0x24 D:/Portable/Programs/TivaDriver/driverlib/gcc\libdriver.a(gpio.o)
 .text.GPIOIntTypeSet
                0x00000000       0x62 D:/Portable/Programs/TivaDriver/driverlib/gcc\libdriver.a(gpio.o)
 .text.GPIOIntTypeGet
                0x00000000       0x42 D:/Portable/Programs/TivaDriver/driverlib/gcc\libdriver.a(gpio.o)
 .text.GPIOPadConfigSet
                0x00000000      0x14e D:/Portable/Programs/TivaDriver/driverlib/gcc\libdriver.a(gpio.o)
 .text.GPIOPadConfigGet
                0x00000000       0xbc D:/Portable/Programs/TivaDriver/driverlib/gcc\libdriver.a(gpio.o)
 .text.GPIOIntDisable
                0x00000000        0xe D:/Portable/Programs/TivaDriver/driverlib/gcc\libdriver.a(gpio.o)
 .text.GPIOIntStatus
                0x00000000        0xe D:/Portable/Programs/TivaDriver/driverlib/gcc\libdriver.a(gpio.o)
 .text.GPIOIntClear
                0x00000000        0x6 D:/Portable/Programs/TivaDriver/driverlib/gcc\libdriver.a(gpio.o)
 .text.GPIOIntRegister
                0x00000000       0x1a D:/Portable/Programs/TivaDriver/driverlib/gcc\libdriver.a(gpio.o)
 .text.GPIOIntUnregister
                0x00000000       0x16 D:/Portable/Programs/TivaDriver/driverlib/gcc\libdriver.a(gpio.o)
 .text.GPIOPinRead
                0x00000000        0x6 D:/Portable/Programs/TivaDriver/driverlib/gcc\libdriver.a(gpio.o)
 .text.GPIOPinWrite
                0x00000000        0x6 D:/Portable/Programs/TivaDriver/driverlib/gcc\libdriver.a(gpio.o)
 .text.GPIOPinTypeADC
                0x00000000       0x1c D:/Portable/Programs/TivaDriver/driverlib/gcc\libdriver.a(gpio.o)
 .text.GPIOPinTypeCAN
                0x00000000       0x1c D:/Portable/Programs/TivaDriver/driverlib/gcc\libdriver.a(gpio.o)
 .text.GPIOPinTypeComparator
                0x00000000       0x1c D:/Portable/Programs/TivaDriver/driverlib/gcc\libdriver.a(gpio.o)
 .text.GPIOPinTypeEPI
                0x00000000       0x1c D:/Portable/Programs/TivaDriver/driverlib/gcc\libdriver.a(gpio.o)
 .text.GPIOPinTypeEthernetLED
                0x00000000       0x1c D:/Portable/Programs/TivaDriver/driverlib/gcc\libdriver.a(gpio.o)
 .text.GPIOPinTypeEthernetMII
                0x00000000       0x1c D:/Portable/Programs/TivaDriver/driverlib/gcc\libdriver.a(gpio.o)
 .text.GPIOPinTypeGPIOInput
                0x00000000       0x1c D:/Portable/Programs/TivaDriver/driverlib/gcc\libdriver.a(gpio.o)
 .text.GPIOPinTypeGPIOOutput
                0x00000000       0x1c D:/Portable/Programs/TivaDriver/driverlib/gcc\libdriver.a(gpio.o)
 .text.GPIOPinTypeGPIOOutputOD
                0x00000000       0x1c D:/Portable/Programs/TivaDriver/driverlib/gcc\libdriver.a(gpio.o)
 .text.GPIOPinTypeI2C
                0x00000000       0x1c D:/Portable/Programs/TivaDriver/driverlib/gcc\libdriver.a(gpio.o)
 .text.GPIOPinTypeI2CSCL
                0x00000000       0x1c D:/Portable/Programs/TivaDriver/driverlib/gcc\libdriver.a(gpio.o)
 .text.GPIOPinTypeLCD
                0x00000000       0x1c D:/Portable/Programs/TivaDriver/driverlib/gcc\libdriver.a(gpio.o)
 .text.GPIOPinTypeLPC
                0x00000000       0x1c D:/Portable/Programs/TivaDriver/driverlib/gcc\libdriver.a(gpio.o)
 .text.GPIOPinTypePECIRx
                0x00000000       0x1c D:/Portable/Programs/TivaDriver/driverlib/gcc\libdriver.a(gpio.o)
 .text.GPIOPinTypePECITx
                0x00000000       0x1c D:/Portable/Programs/TivaDriver/driverlib/gcc\libdriver.a(gpio.o)
 .text.GPIOPinTypePWM
                0x00000000       0x1c D:/Portable/Programs/TivaDriver/driverlib/gcc\libdriver.a(gpio.o)
 .text.GPIOPinTypeQEI
                0x00000000       0x1c D:/Portable/Programs/TivaDriver/driverlib/gcc\libdriver.a(gpio.o)
 .text.GPIOPinTypeSSI
                0x00000000       0x1c D:/Portable/Programs/TivaDriver/driverlib/gcc\libdriver.a(gpio.o)
 .text.GPIOPinTypeTimer
                0x00000000       0x1c D:/Portable/Programs/TivaDriver/driverlib/gcc\libdriver.a(gpio.o)
 .text.GPIOPinTypeUART
                0x00000000       0x1c D:/Portable/Programs/TivaDriver/driverlib/gcc\libdriver.a(gpio.o)
 .text.GPIOPinTypeUSBAnalog
                0x00000000       0x1c D:/Portable/Programs/TivaDriver/driverlib/gcc\libdriver.a(gpio.o)
 .text.GPIOPinTypeUSBDigital
                0x00000000       0x1c D:/Portable/Programs/TivaDriver/driverlib/gcc\libdriver.a(gpio.o)
 .text.GPIOPinTypeWakeHigh
                0x00000000       0x1e D:/Portable/Programs/TivaDriver/driverlib/gcc\libdriver.a(gpio.o)
 .text.GPIOPinTypeWakeLow
                0x00000000       0x1e D:/Portable/Programs/TivaDriver/driverlib/gcc\libdriver.a(gpio.o)
 .text.GPIOPinTypeKBRow
                0x00000000       0x1c D:/Portable/Programs/TivaDriver/driverlib/gcc\libdriver.a(gpio.o)
 .text.GPIOPinTypeKBColumn
                0x00000000       0x1c D:/Portable/Programs/TivaDriver/driverlib/gcc\libdriver.a(gpio.o)
 .text.GPIOPinTypeLEDSeq
                0x00000000       0x1c D:/Portable/Programs/TivaDriver/driverlib/gcc\libdriver.a(gpio.o)
 .text.GPIOPinTypeCIR
                0x00000000       0x1c D:/Portable/Programs/TivaDriver/driverlib/gcc\libdriver.a(gpio.o)
 .text.GPIOPinWakeStatus
                0x00000000        0x6 D:/Portable/Programs/TivaDriver/driverlib/gcc\libdriver.a(gpio.o)
 .text.GPIOPinConfigure
                0x00000000       0x4c D:/Portable/Programs/TivaDriver/driverlib/gcc\libdriver.a(gpio.o)
 .text.GPIODMATriggerEnable
                0x00000000        0xc D:/Portable/Programs/TivaDriver/driverlib/gcc\libdriver.a(gpio.o)
 .text.GPIODMATriggerDisable
                0x00000000        0xe D:/Portable/Programs/TivaDriver/driverlib/gcc\libdriver.a(gpio.o)
 .text.GPIOADCTriggerEnable
                0x00000000        0xc D:/Portable/Programs/TivaDriver/driverlib/gcc\libdriver.a(gpio.o)
 .text.GPIOADCTriggerDisable
                0x00000000        0xe D:/Portable/Programs/TivaDriver/driverlib/gcc\libdriver.a(gpio.o)
 .rodata.g_ppui32GPIOIntMapSnowflake
                0x00000000       0xc0 D:/Portable/Programs/TivaDriver/driverlib/gcc\libdriver.a(gpio.o)
 .rodata.g_pui32GPIOBaseAddrs
                0x00000000       0x90 D:/Portable/Programs/TivaDriver/driverlib/gcc\libdriver.a(gpio.o)
 .rodata.g_ppui32GPIOIntMapBlizzard
                0x00000000       0xc0 D:/Portable/Programs/TivaDriver/driverlib/gcc\libdriver.a(gpio.o)
 .text._IntDefaultHandler
                0x00000000        0x2 D:/Portable/Programs/TivaDriver/driverlib/gcc\libdriver.a(interrupt.o)
 .text.IntMasterEnable
                0x00000000        0xe D:/Portable/Programs/TivaDriver/driverlib/gcc\libdriver.a(interrupt.o)
 .text.IntMasterDisable
                0x00000000        0xe D:/Portable/Programs/TivaDriver/driverlib/gcc\libdriver.a(interrupt.o)
 .text.IntRegister
                0x00000000       0x30 D:/Portable/Programs/TivaDriver/driverlib/gcc\libdriver.a(interrupt.o)
 .text.IntUnregister
                0x00000000       0x14 D:/Portable/Programs/TivaDriver/driverlib/gcc\libdriver.a(interrupt.o)
 .text.IntPriorityGroupingSet
                0x00000000       0x1c D:/Portable/Programs/TivaDriver/driverlib/gcc\libdriver.a(interrupt.o)
 .text.IntPriorityGroupingGet
                0x00000000       0x24 D:/Portable/Programs/TivaDriver/driverlib/gcc\libdriver.a(interrupt.o)
 .text.IntPrioritySet
                0x00000000       0x28 D:/Portable/Programs/TivaDriver/driverlib/gcc\libdriver.a(interrupt.o)
 .text.IntPriorityGet
                0x00000000       0x1c D:/Portable/Programs/TivaDriver/driverlib/gcc\libdriver.a(interrupt.o)
 .text.IntEnable
                0x00000000       0x60 D:/Portable/Programs/TivaDriver/driverlib/gcc\libdriver.a(interrupt.o)
 .text.IntDisable
                0x00000000       0x60 D:/Portable/Programs/TivaDriver/driverlib/gcc\libdriver.a(interrupt.o)
 .text.IntIsEnabled
                0x00000000       0x64 D:/Portable/Programs/TivaDriver/driverlib/gcc\libdriver.a(interrupt.o)
 .text.IntPendSet
                0x00000000       0x50 D:/Portable/Programs/TivaDriver/driverlib/gcc\libdriver.a(interrupt.o)
 .text.IntPendClear
                0x00000000       0x40 D:/Portable/Programs/TivaDriver/driverlib/gcc\libdriver.a(interrupt.o)
 .text.IntPriorityMaskSet
                0x00000000        0x4 D:/Portable/Programs/TivaDriver/driverlib/gcc\libdriver.a(interrupt.o)
 .text.IntPriorityMaskGet
                0x00000000        0x4 D:/Portable/Programs/TivaDriver/driverlib/gcc\libdriver.a(interrupt.o)
 .text.IntTrigger
                0x00000000        0xc D:/Portable/Programs/TivaDriver/driverlib/gcc\libdriver.a(interrupt.o)
 .rodata.g_pui32Priority
                0x00000000       0x20 D:/Portable/Programs/TivaDriver/driverlib/gcc\libdriver.a(interrupt.o)
 .rodata.g_pui32Dii16Regs
                0x00000000       0x14 D:/Portable/Programs/TivaDriver/driverlib/gcc\libdriver.a(interrupt.o)
 .rodata.g_pui32PendRegs
                0x00000000       0x14 D:/Portable/Programs/TivaDriver/driverlib/gcc\libdriver.a(interrupt.o)
 vtable         0x00000000      0x400 D:/Portable/Programs/TivaDriver/driverlib/gcc\libdriver.a(interrupt.o)
 .rodata.g_pui32Regs
                0x00000000       0x9c D:/Portable/Programs/TivaDriver/driverlib/gcc\libdriver.a(interrupt.o)
 .rodata.g_pui32EnRegs
                0x00000000       0x14 D:/Portable/Programs/TivaDriver/driverlib/gcc\libdriver.a(interrupt.o)
 .rodata.g_pui32UnpendRegs
                0x00000000       0x14 D:/Portable/Programs/TivaDriver/driverlib/gcc\libdriver.a(interrupt.o)
 .text._SysCtlMemTimingGet
                0x00000000       0x24 D:/Portable/Programs/TivaDriver/driverlib/gcc\libdriver.a(sysctl.o)
 .text.SysCtlSRAMSizeGet
                0x00000000       0x10 D:/Portable/Programs/TivaDriver/driverlib/gcc\libdriver.a(sysctl.o)
 .text.SysCtlFlashSizeGet
                0x00000000       0x40 D:/Portable/Programs/TivaDriver/driverlib/gcc\libdriver.a(sysctl.o)
 .text.SysCtlFlashSectorSizeGet
                0x00000000       0x3c D:/Portable/Programs/TivaDriver/driverlib/gcc\libdriver.a(sysctl.o)
 .text.SysCtlPeripheralPresent
                0x00000000       0x34 D:/Portable/Programs/TivaDriver/driverlib/gcc\libdriver.a(sysctl.o)
 .text.SysCtlPeripheralReady
                0x00000000       0x34 D:/Portable/Programs/TivaDriver/driverlib/gcc\libdriver.a(sysctl.o)
 .text.SysCtlPeripheralPowerOn
                0x00000000       0x30 D:/Portable/Programs/TivaDriver/driverlib/gcc\libdriver.a(sysctl.o)
 .text.SysCtlPeripheralPowerOff
                0x00000000       0x30 D:/Portable/Programs/TivaDriver/driverlib/gcc\libdriver.a(sysctl.o)
 .text.SysCtlPeripheralReset
                0x00000000       0x48 D:/Portable/Programs/TivaDriver/driverlib/gcc\libdriver.a(sysctl.o)
 .text.SysCtlPeripheralEnable
                0x00000000       0x30 D:/Portable/Programs/TivaDriver/driverlib/gcc\libdriver.a(sysctl.o)
 .text.SysCtlPeripheralDisable
                0x00000000       0x30 D:/Portable/Programs/TivaDriver/driverlib/gcc\libdriver.a(sysctl.o)
 .text.SysCtlPeripheralSleepEnable
                0x00000000       0x30 D:/Portable/Programs/TivaDriver/driverlib/gcc\libdriver.a(sysctl.o)
 .text.SysCtlPeripheralSleepDisable
                0x00000000       0x30 D:/Portable/Programs/TivaDriver/driverlib/gcc\libdriver.a(sysctl.o)
 .text.SysCtlPeripheralDeepSleepEnable
                0x00000000       0x30 D:/Portable/Programs/TivaDriver/driverlib/gcc\libdriver.a(sysctl.o)
 .text.SysCtlPeripheralDeepSleepDisable
                0x00000000       0x30 D:/Portable/Programs/TivaDriver/driverlib/gcc\libdriver.a(sysctl.o)
 .text.SysCtlPeripheralClockGating
                0x00000000       0x50 D:/Portable/Programs/TivaDriver/driverlib/gcc\libdriver.a(sysctl.o)
 .text.SysCtlIntRegister
                0x00000000       0x14 D:/Portable/Programs/TivaDriver/driverlib/gcc\libdriver.a(sysctl.o)
 .text.SysCtlIntUnregister
                0x00000000       0x12 D:/Portable/Programs/TivaDriver/driverlib/gcc\libdriver.a(sysctl.o)
 .text.SysCtlIntEnable
                0x00000000       0x10 D:/Portable/Programs/TivaDriver/driverlib/gcc\libdriver.a(sysctl.o)
 .text.SysCtlIntDisable
                0x00000000       0x10 D:/Portable/Programs/TivaDriver/driverlib/gcc\libdriver.a(sysctl.o)
 .text.SysCtlIntClear
                0x00000000        0xc D:/Portable/Programs/TivaDriver/driverlib/gcc\libdriver.a(sysctl.o)
 .text.SysCtlIntStatus
                0x00000000       0x18 D:/Portable/Programs/TivaDriver/driverlib/gcc\libdriver.a(sysctl.o)
 .text.SysCtlLDOSleepSet
                0x00000000        0xc D:/Portable/Programs/TivaDriver/driverlib/gcc\libdriver.a(sysctl.o)
 .text.SysCtlLDOSleepGet
                0x00000000        0xc D:/Portable/Programs/TivaDriver/driverlib/gcc\libdriver.a(sysctl.o)
 .text.SysCtlLDODeepSleepSet
                0x00000000        0xc D:/Portable/Programs/TivaDriver/driverlib/gcc\libdriver.a(sysctl.o)
 .text.SysCtlLDODeepSleepGet
                0x00000000        0xc D:/Portable/Programs/TivaDriver/driverlib/gcc\libdriver.a(sysctl.o)
 .text.SysCtlSleepPowerSet
                0x00000000        0xc D:/Portable/Programs/TivaDriver/driverlib/gcc\libdriver.a(sysctl.o)
 .text.SysCtlDeepSleepPowerSet
                0x00000000        0xc D:/Portable/Programs/TivaDriver/driverlib/gcc\libdriver.a(sysctl.o)
 .text.SysCtlReset
                0x00000000       0x10 D:/Portable/Programs/TivaDriver/driverlib/gcc\libdriver.a(sysctl.o)
 .text.SysCtlSleep
                0x00000000        0x4 D:/Portable/Programs/TivaDriver/driverlib/gcc\libdriver.a(sysctl.o)
 .text.SysCtlDeepSleep
                0x00000000       0x20 D:/Portable/Programs/TivaDriver/driverlib/gcc\libdriver.a(sysctl.o)
 .text.SysCtlResetCauseGet
                0x00000000        0xc D:/Portable/Programs/TivaDriver/driverlib/gcc\libdriver.a(sysctl.o)
 .text.SysCtlResetCauseClear
                0x00000000       0x10 D:/Portable/Programs/TivaDriver/driverlib/gcc\libdriver.a(sysctl.o)
 .text.SysCtlDelay
                0x00000000        0x6 D:/Portable/Programs/TivaDriver/driverlib/gcc\libdriver.a(sysctl.o)
 .text.SysCtlMOSCConfigSet
                0x00000000        0xc D:/Portable/Programs/TivaDriver/driverlib/gcc\libdriver.a(sysctl.o)
 .text.SysCtlPIOSCCalibrate
                0x00000000       0x54 D:/Portable/Programs/TivaDriver/driverlib/gcc\libdriver.a(sysctl.o)
 .text.SysCtlResetBehaviorSet
                0x00000000        0xc D:/Portable/Programs/TivaDriver/driverlib/gcc\libdriver.a(sysctl.o)
 .text.SysCtlResetBehaviorGet
                0x00000000        0xc D:/Portable/Programs/TivaDriver/driverlib/gcc\libdriver.a(sysctl.o)
 .text.SysCtlClockFreqSet
                0x00000000      0x264 D:/Portable/Programs/TivaDriver/driverlib/gcc\libdriver.a(sysctl.o)
 .text.SysCtlClockSet
                0x00000000      0x128 D:/Portable/Programs/TivaDriver/driverlib/gcc\libdriver.a(sysctl.o)
 .text.SysCtlDeepSleepClockSet
                0x00000000        0xc D:/Portable/Programs/TivaDriver/driverlib/gcc\libdriver.a(sysctl.o)
 .text.SysCtlDeepSleepClockConfigSet
                0x00000000       0x68 D:/Portable/Programs/TivaDriver/driverlib/gcc\libdriver.a(sysctl.o)
 .text.SysCtlPWMClockSet
                0x00000000       0x14 D:/Portable/Programs/TivaDriver/driverlib/gcc\libdriver.a(sysctl.o)
 .text.SysCtlPWMClockGet
                0x00000000       0x18 D:/Portable/Programs/TivaDriver/driverlib/gcc\libdriver.a(sysctl.o)
 .text.SysCtlGPIOAHBEnable
                0x00000000       0x1c D:/Portable/Programs/TivaDriver/driverlib/gcc\libdriver.a(sysctl.o)
 .text.SysCtlGPIOAHBDisable
                0x00000000       0x1c D:/Portable/Programs/TivaDriver/driverlib/gcc\libdriver.a(sysctl.o)
 .text.SysCtlUSBPLLEnable
                0x00000000       0x10 D:/Portable/Programs/TivaDriver/driverlib/gcc\libdriver.a(sysctl.o)
 .text.SysCtlUSBPLLDisable
                0x00000000       0x10 D:/Portable/Programs/TivaDriver/driverlib/gcc\libdriver.a(sysctl.o)
 .text.SysCtlVoltageEventConfig
                0x00000000        0xc D:/Portable/Programs/TivaDriver/driverlib/gcc\libdriver.a(sysctl.o)
 .text.SysCtlVoltageEventStatus
                0x00000000        0xc D:/Portable/Programs/TivaDriver/driverlib/gcc\libdriver.a(sysctl.o)
 .text.SysCtlVoltageEventClear
                0x00000000       0x10 D:/Portable/Programs/TivaDriver/driverlib/gcc\libdriver.a(sysctl.o)
 .text.SysCtlNMIStatus
                0x00000000        0xc D:/Portable/Programs/TivaDriver/driverlib/gcc\libdriver.a(sysctl.o)
 .text.SysCtlNMIClear
                0x00000000       0x10 D:/Portable/Programs/TivaDriver/driverlib/gcc\libdriver.a(sysctl.o)
 .text.SysCtlClockOutConfig
                0x00000000       0x14 D:/Portable/Programs/TivaDriver/driverlib/gcc\libdriver.a(sysctl.o)
 .text.SysCtlAltClkConfig
                0x00000000        0xc D:/Portable/Programs/TivaDriver/driverlib/gcc\libdriver.a(sysctl.o)
 .rodata.g_pppui32XTALtoVCO
                0x00000000      0x120 D:/Portable/Programs/TivaDriver/driverlib/gcc\libdriver.a(sysctl.o)
 .rodata.g_pui32VCOFrequencies
                0x00000000        0x8 D:/Portable/Programs/TivaDriver/driverlib/gcc\libdriver.a(sysctl.o)
 .rodata.g_sXTALtoMEMTIM
                0x00000000       0x30 D:/Portable/Programs/TivaDriver/driverlib/gcc\libdriver.a(sysctl.o)
 .text.CPUcpsid
                0x00000000        0x8 D:/Portable/Programs/TivaDriver/driverlib/gcc\libdriver.a(cpu.o)
 .text.CPUprimask
                0x00000000        0x6 D:/Portable/Programs/TivaDriver/driverlib/gcc\libdriver.a(cpu.o)
 .text.CPUcpsie
                0x00000000        0x8 D:/Portable/Programs/TivaDriver/driverlib/gcc\libdriver.a(cpu.o)
 .text.CPUwfi   0x00000000        0x4 D:/Portable/Programs/TivaDriver/driverlib/gcc\libdriver.a(cpu.o)
 .text.CPUbasepriSet
                0x00000000        0x6 D:/Portable/Programs/TivaDriver/driverlib/gcc\libdriver.a(cpu.o)
 .text.CPUbasepriGet
                0x00000000        0x6 D:/Portable/Programs/TivaDriver/driverlib/gcc\libdriver.a(cpu.o)
 .eh_frame      0x00000000        0x4 c:/ti/ccsv6/tools/compiler/gcc-arm-none-eabi-4_7-2013q3/bin/../lib/gcc/arm-none-eabi/4.7.4/armv7e-m/softfp/crtend.o
 .jcr           0x00000000        0x4 c:/ti/ccsv6/tools/compiler/gcc-arm-none-eabi-4_7-2013q3/bin/../lib/gcc/arm-none-eabi/4.7.4/armv7e-m/softfp/crtend.o
 .init          0x00000000        0x8 c:/ti/ccsv6/tools/compiler/gcc-arm-none-eabi-4_7-2013q3/bin/../lib/gcc/arm-none-eabi/4.7.4/armv7e-m/softfp/crtn.o
 .fini          0x00000000        0x8 c:/ti/ccsv6/tools/compiler/gcc-arm-none-eabi-4_7-2013q3/bin/../lib/gcc/arm-none-eabi/4.7.4/armv7e-m/softfp/crtn.o

Memory Configuration

Name             Origin             Length             Attributes
FLASH            0x00000000         0x00004000         xr
SRAM             0x20000000         0x00008000         xw
*default*        0x00000000         0xffffffff

Linker script and memory map

LOAD c:/ti/ccsv6/tools/compiler/gcc-arm-none-eabi-4_7-2013q3/bin/../lib/gcc/arm-none-eabi/4.7.4/armv7e-m/softfp/crti.o
LOAD c:/ti/ccsv6/tools/compiler/gcc-arm-none-eabi-4_7-2013q3/bin/../lib/gcc/arm-none-eabi/4.7.4/armv7e-m/softfp/crtbegin.o
LOAD c:/ti/ccsv6/tools/compiler/gcc-arm-none-eabi-4_7-2013q3/bin/../lib/gcc/arm-none-eabi/4.7.4/../../../../arm-none-eabi/lib/armv7e-m/softfp/crt0.o
LOAD ./libnrf24l01/src/nRF24L01.o
LOAD ./libnrf24l01/src/TM4C123_nRF24L01.o
LOAD ./bl_startup_gcc.o
LOAD ./bl_main.o
                0x20000000                PROVIDE (_text_run_address, 0x20000000)

.text           0x20000000     0x1d90 load address 0x00000000
                0x20000000                _text = .
 *(.isr_vector)
 .isr_vector    0x20000000      0x26c ./bl_startup_gcc.o
 CREATE_OBJECT_SYMBOLS
 *(.text)
 .text          0x2000026c        0x0 c:/ti/ccsv6/tools/compiler/gcc-arm-none-eabi-4_7-2013q3/bin/../lib/gcc/arm-none-eabi/4.7.4/armv7e-m/softfp/crti.o
 .text          0x2000026c       0x54 c:/ti/ccsv6/tools/compiler/gcc-arm-none-eabi-4_7-2013q3/bin/../lib/gcc/arm-none-eabi/4.7.4/armv7e-m/softfp/crtbegin.o
 .text          0x200002c0       0x70 c:/ti/ccsv6/tools/compiler/gcc-arm-none-eabi-4_7-2013q3/bin/../lib/gcc/arm-none-eabi/4.7.4/../../../../arm-none-eabi/lib/armv7e-m/softfp/crt0.o
                0x200002c0                _start
                0x200002c0                start
                0x200002c0                _mainCRTStartup
 .text          0x20000330        0x0 ./libnrf24l01/src/nRF24L01.o
 .text          0x20000330        0x0 ./libnrf24l01/src/TM4C123_nRF24L01.o
 .text          0x20000330       0xa0 ./bl_startup_gcc.o
                0x2000036c                ResetISR
                0x20000392                StartApplication
                0x200003c0                Delay
 .text          0x200003d0        0x0 ./bl_main.o
 .text          0x200003d0        0x0 c:/ti/ccsv6/tools/compiler/gcc-arm-none-eabi-4_7-2013q3/bin/../lib/gcc/arm-none-eabi/4.7.4/../../../../arm-none-eabi/lib/armv7e-m/softfp\libc.a(lib_a-__atexit.o)
 .text          0x200003d0        0x0 c:/ti/ccsv6/tools/compiler/gcc-arm-none-eabi-4_7-2013q3/bin/../lib/gcc/arm-none-eabi/4.7.4/../../../../arm-none-eabi/lib/armv7e-m/softfp\libc.a(lib_a-exit.o)
 .text          0x200003d0        0x0 c:/ti/ccsv6/tools/compiler/gcc-arm-none-eabi-4_7-2013q3/bin/../lib/gcc/arm-none-eabi/4.7.4/../../../../arm-none-eabi/lib/armv7e-m/softfp\libc.a(lib_a-fini.o)
 .text          0x200003d0        0x0 c:/ti/ccsv6/tools/compiler/gcc-arm-none-eabi-4_7-2013q3/bin/../lib/gcc/arm-none-eabi/4.7.4/../../../../arm-none-eabi/lib/armv7e-m/softfp\libc.a(lib_a-impure.o)
 .text          0x200003d0        0x0 c:/ti/ccsv6/tools/compiler/gcc-arm-none-eabi-4_7-2013q3/bin/../lib/gcc/arm-none-eabi/4.7.4/../../../../arm-none-eabi/lib/armv7e-m/softfp\libc.a(lib_a-init.o)
 .text          0x200003d0        0x0 c:/ti/ccsv6/tools/compiler/gcc-arm-none-eabi-4_7-2013q3/bin/../lib/gcc/arm-none-eabi/4.7.4/../../../../arm-none-eabi/lib/armv7e-m/softfp\libc.a(lib_a-memset.o)
 .text          0x200003d0        0x0 c:/ti/ccsv6/tools/compiler/gcc-arm-none-eabi-4_7-2013q3/bin/../lib/gcc/arm-none-eabi/4.7.4/../../../../arm-none-eabi/lib/armv7e-m/softfp\libc.a(lib_a-__call_atexit.o)
 .text          0x200003d0        0x0 c:/ti/ccsv6/tools/compiler/gcc-arm-none-eabi-4_7-2013q3/bin/../lib/gcc/arm-none-eabi/4.7.4/../../../../arm-none-eabi/lib/armv7e-m/softfp\libc.a(lib_a-atexit.o)
 .text          0x200003d0        0x0 D:/Portable/Programs/TivaDriver/driverlib/gcc\libdriver.a(gpio.o)
 .text          0x200003d0        0x0 D:/Portable/Programs/TivaDriver/driverlib/gcc\libdriver.a(interrupt.o)
 .text          0x200003d0        0x0 D:/Portable/Programs/TivaDriver/driverlib/gcc\libdriver.a(sysctl.o)
 .text          0x200003d0        0x0 D:/Portable/Programs/TivaDriver/driverlib/gcc\libdriver.a(cpu.o)
 .text          0x200003d0        0x0 c:/ti/ccsv6/tools/compiler/gcc-arm-none-eabi-4_7-2013q3/bin/../lib/gcc/arm-none-eabi/4.7.4/../../../../arm-none-eabi/lib/armv7e-m/softfp\libnosys.a(_exit.o)
 .text          0x200003d0        0x0 c:/ti/ccsv6/tools/compiler/gcc-arm-none-eabi-4_7-2013q3/bin/../lib/gcc/arm-none-eabi/4.7.4/armv7e-m/softfp/crtend.o
 .text          0x200003d0        0x0 c:/ti/ccsv6/tools/compiler/gcc-arm-none-eabi-4_7-2013q3/bin/../lib/gcc/arm-none-eabi/4.7.4/armv7e-m/softfp/crtn.o
 *(.text.*)
 .text.RF24_init
                0x200003d0       0xdc ./libnrf24l01/src/nRF24L01.o
                0x200003d0                RF24_init
 .text.RF24_enableFeatures
                0x200004ac       0x70 ./libnrf24l01/src/nRF24L01.o
                0x200004ac                RF24_enableFeatures
 .text.RF24_setConfigureRegister
                0x2000051c       0x24 ./libnrf24l01/src/nRF24L01.o
                0x2000051c                RF24_setConfigureRegister
 .text.RF24_setSpeedAndPower
                0x20000540       0x20 ./libnrf24l01/src/nRF24L01.o
                0x20000540                RF24_setSpeedAndPower
 .text.RF24_setChannel
                0x20000560       0x24 ./libnrf24l01/src/nRF24L01.o
                0x20000560                RF24_setChannel
 .text.RF24_setAddressWidth
                0x20000584       0x28 ./libnrf24l01/src/nRF24L01.o
                0x20000584                RF24_setAddressWidth
 .text.RF24_startStandby
                0x200005ac       0x6c ./libnrf24l01/src/nRF24L01.o
                0x200005ac                RF24_startStandby
 .text.RF24_getIrqFlag
                0x20000618       0x70 ./libnrf24l01/src/nRF24L01.o
                0x20000618                RF24_getIrqFlag
 .text.RF24_clearIrqFlag
                0x20000688       0x64 ./libnrf24l01/src/nRF24L01.o
                0x20000688                RF24_clearIrqFlag
 .text.RF24_readRegister
                0x200006ec       0x44 ./libnrf24l01/src/nRF24L01.o
                0x200006ec                RF24_readRegister
 .text.RF24_writeRegister
                0x20000730       0x44 ./libnrf24l01/src/nRF24L01.o
                0x20000730                RF24_writeRegister
 .text.RF24_TX_setAddress
                0x20000774       0x60 ./libnrf24l01/src/nRF24L01.o
                0x20000774                RF24_TX_setAddress
 .text.RF24_TX_flush
                0x200007d4       0x24 ./libnrf24l01/src/nRF24L01.o
                0x200007d4                RF24_TX_flush
 .text.RF24_TX_activate
                0x200007f8       0x30 ./libnrf24l01/src/nRF24L01.o
                0x200007f8                RF24_TX_activate
 .text.RF24_TX_pulseTransmit
                0x20000828       0x18 ./libnrf24l01/src/nRF24L01.o
                0x20000828                RF24_TX_pulseTransmit
 .text.RF24_RX_setAddress
                0x20000840       0x88 ./libnrf24l01/src/nRF24L01.o
                0x20000840                RF24_RX_setAddress
 .text.RF24_RX_getPayloadWidth
                0x200008c8       0x3c ./libnrf24l01/src/nRF24L01.o
                0x200008c8                RF24_RX_getPayloadWidth
 .text.RF24_RX_getPayloadData
                0x20000904       0x74 ./libnrf24l01/src/nRF24L01.o
                0x20000904                RF24_RX_getPayloadData
 .text.RF24_RX_flush
                0x20000978       0x24 ./libnrf24l01/src/nRF24L01.o
                0x20000978                RF24_RX_flush
 .text.RF24_RX_activate
                0x2000099c       0x30 ./libnrf24l01/src/nRF24L01.o
                0x2000099c                RF24_RX_activate
 .text.RF24_PIPE_closeAll
                0x200009cc       0x2c ./libnrf24l01/src/nRF24L01.o
                0x200009cc                RF24_PIPE_closeAll
 .text.RF24_PIPE_open
                0x200009f8       0x90 ./libnrf24l01/src/nRF24L01.o
                0x200009f8                RF24_PIPE_open
 .text.RF24_PIPE_setPacketSize
                0x20000a88       0xa8 ./libnrf24l01/src/nRF24L01.o
                0x20000a88                RF24_PIPE_setPacketSize
 .text.RF24_RETRANS_setDelay
                0x20000b30       0x40 ./libnrf24l01/src/nRF24L01.o
                0x20000b30                RF24_RETRANS_setDelay
 .text.RF24_RETRANS_setCount
                0x20000b70       0x40 ./libnrf24l01/src/nRF24L01.o
                0x20000b70                RF24_RETRANS_setCount
 .text.initSpiForRF
                0x20000bb0      0x210 ./libnrf24l01/src/TM4C123_nRF24L01.o
                0x20000bb0                initSpiForRF
 .text.setRfCSN
                0x20000dc0       0x20 ./libnrf24l01/src/TM4C123_nRF24L01.o
                0x20000dc0                setRfCSN
 .text.clearRfCSN
                0x20000de0       0x20 ./libnrf24l01/src/TM4C123_nRF24L01.o
                0x20000de0                clearRfCSN
 .text.setRfCE  0x20000e00       0x30 ./libnrf24l01/src/TM4C123_nRF24L01.o
                0x20000e00                setRfCE
 .text.clearRfCE
                0x20000e30       0x30 ./libnrf24l01/src/TM4C123_nRF24L01.o
                0x20000e30                clearRfCE
 .text.SPI_sendAndGetData
                0x20000e60       0x50 ./libnrf24l01/src/TM4C123_nRF24L01.o
                0x20000e60                SPI_sendAndGetData
 .text.rfDelayLoop
                0x20000eb0       0x24 ./libnrf24l01/src/TM4C123_nRF24L01.o
                0x20000eb0                rfDelayLoop
 .text.convertByteToUINT32
                0x20000ed4       0x60 ./bl_main.o
                0x20000ed4                convertByteToUINT32
 .text.waitForRfPacket
                0x20000f34       0xa0 ./bl_main.o
                0x20000f34                waitForRfPacket
 .text.MyHwInitFunc
                0x20000fd4      0x160 ./bl_main.o
                0x20000fd4                MyHwInitFunc
 .text.main     0x20001134      0x17c ./bl_main.o
                0x20001134                main
 .text.ConfigureDevice
                0x200012b0       0x4c ./bl_main.o
                0x200012b0                ConfigureDevice
 .text.ExitBootloader
                0x200012fc       0x18 ./bl_main.o
                0x200012fc                ExitBootloader
 .text.NACK     0x20001314       0xbc ./bl_main.o
                0x20001314                NACK
 .text.Updater  0x200013d0      0x248 ./bl_main.o
                0x200013d0                Updater
 .text.__register_exitproc
                0x20001618       0xac c:/ti/ccsv6/tools/compiler/gcc-arm-none-eabi-4_7-2013q3/bin/../lib/gcc/arm-none-eabi/4.7.4/../../../../arm-none-eabi/lib/armv7e-m/softfp\libc.a(lib_a-__atexit.o)
                0x20001618                __register_exitproc
 .text.exit     0x200016c4       0x20 c:/ti/ccsv6/tools/compiler/gcc-arm-none-eabi-4_7-2013q3/bin/../lib/gcc/arm-none-eabi/4.7.4/../../../../arm-none-eabi/lib/armv7e-m/softfp\libc.a(lib_a-exit.o)
                0x200016c4                exit
 .text.__libc_fini_array
                0x200016e4       0x50 c:/ti/ccsv6/tools/compiler/gcc-arm-none-eabi-4_7-2013q3/bin/../lib/gcc/arm-none-eabi/4.7.4/../../../../arm-none-eabi/lib/armv7e-m/softfp\libc.a(lib_a-fini.o)
                0x200016e4                __libc_fini_array
 .text.__libc_init_array
                0x20001734       0x94 c:/ti/ccsv6/tools/compiler/gcc-arm-none-eabi-4_7-2013q3/bin/../lib/gcc/arm-none-eabi/4.7.4/../../../../arm-none-eabi/lib/armv7e-m/softfp\libc.a(lib_a-init.o)
                0x20001734                __libc_init_array
 .text.memset   0x200017c8      0x12c c:/ti/ccsv6/tools/compiler/gcc-arm-none-eabi-4_7-2013q3/bin/../lib/gcc/arm-none-eabi/4.7.4/../../../../arm-none-eabi/lib/armv7e-m/softfp\libc.a(lib_a-memset.o)
                0x200017c8                memset
 .text.startup.register_fini
                0x200018f4       0x14 c:/ti/ccsv6/tools/compiler/gcc-arm-none-eabi-4_7-2013q3/bin/../lib/gcc/arm-none-eabi/4.7.4/../../../../arm-none-eabi/lib/armv7e-m/softfp\libc.a(lib_a-__call_atexit.o)
 .text.__call_exitprocs
                0x20001908      0x288 c:/ti/ccsv6/tools/compiler/gcc-arm-none-eabi-4_7-2013q3/bin/../lib/gcc/arm-none-eabi/4.7.4/../../../../arm-none-eabi/lib/armv7e-m/softfp\libc.a(lib_a-__call_atexit.o)
                0x20001908                __call_exitprocs
 .text.atexit   0x20001b90        0xc c:/ti/ccsv6/tools/compiler/gcc-arm-none-eabi-4_7-2013q3/bin/../lib/gcc/arm-none-eabi/4.7.4/../../../../arm-none-eabi/lib/armv7e-m/softfp\libc.a(lib_a-atexit.o)
                0x20001b90                atexit
 .text.GPIOIntEnable
                0x20001b9c        0xc D:/Portable/Programs/TivaDriver/driverlib/gcc\libdriver.a(gpio.o)
                0x20001b9c                GPIOIntEnable
 .text.SysCtlClockGet
                0x20001ba8      0x15c D:/Portable/Programs/TivaDriver/driverlib/gcc\libdriver.a(sysctl.o)
                0x20001ba8                SysCtlClockGet
 .text._exit    0x20001d04        0x4 c:/ti/ccsv6/tools/compiler/gcc-arm-none-eabi-4_7-2013q3/bin/../lib/gcc/arm-none-eabi/4.7.4/../../../../arm-none-eabi/lib/armv7e-m/softfp\libnosys.a(_exit.o)
                0x20001d04                _exit
                0x20001d08                . = ALIGN (0x4)
 *(.ctors)
                0x20001d08                . = ALIGN (0x4)
 *(.dtors)
                0x20001d08                . = ALIGN (0x4)
                0x20001d08                __init_array_start = .
 *(.init_array*)
 .init_array    0x20001d08        0x4 c:/ti/ccsv6/tools/compiler/gcc-arm-none-eabi-4_7-2013q3/bin/../lib/gcc/arm-none-eabi/4.7.4/armv7e-m/softfp/crtbegin.o
 .init_array.00000
                0x20001d0c        0x4 c:/ti/ccsv6/tools/compiler/gcc-arm-none-eabi-4_7-2013q3/bin/../lib/gcc/arm-none-eabi/4.7.4/../../../../arm-none-eabi/lib/armv7e-m/softfp\libc.a(lib_a-__call_atexit.o)
                0x20001d10                __init_array_end = .
 *(.init)
 .init          0x20001d10        0x4 c:/ti/ccsv6/tools/compiler/gcc-arm-none-eabi-4_7-2013q3/bin/../lib/gcc/arm-none-eabi/4.7.4/armv7e-m/softfp/crti.o
                0x20001d10                _init
 *(.fini*)
 .fini          0x20001d14        0x4 c:/ti/ccsv6/tools/compiler/gcc-arm-none-eabi-4_7-2013q3/bin/../lib/gcc/arm-none-eabi/4.7.4/armv7e-m/softfp/crti.o
                0x20001d14                _fini
 *(.rodata)
 .rodata        0x20001d18        0x4 ./bl_main.o
 *(.rodata*)
 .rodata.str1.4
                0x20001d1c        0x4 c:/ti/ccsv6/tools/compiler/gcc-arm-none-eabi-4_7-2013q3/bin/../lib/gcc/arm-none-eabi/4.7.4/../../../../arm-none-eabi/lib/armv7e-m/softfp\libc.a(lib_a-impure.o)
 .rodata._global_impure_ptr
                0x20001d20        0x4 c:/ti/ccsv6/tools/compiler/gcc-arm-none-eabi-4_7-2013q3/bin/../lib/gcc/arm-none-eabi/4.7.4/../../../../arm-none-eabi/lib/armv7e-m/softfp\libc.a(lib_a-impure.o)
                0x20001d20                _global_impure_ptr
 .rodata.g_pui32Xtals
                0x20001d24       0x6c D:/Portable/Programs/TivaDriver/driverlib/gcc\libdriver.a(sysctl.o)
 *(.eh_frame)
 .eh_frame      0x20001d90        0x0 c:/ti/ccsv6/tools/compiler/gcc-arm-none-eabi-4_7-2013q3/bin/../lib/gcc/arm-none-eabi/4.7.4/armv7e-m/softfp/crtbegin.o
                0x20001d90                PROVIDE (__etext, .)
                0x20001d90                PROVIDE (_etext, .)
                0x20001d90                PROVIDE (etext, .)

.glue_7         0x00000000        0x0
 .glue_7        0x00000000        0x0 linker stubs

.glue_7t        0x00000000        0x0
 .glue_7t       0x00000000        0x0 linker stubs

.vfp11_veneer   0x00000000        0x0
 .vfp11_veneer  0x00000000        0x0 linker stubs

.v4_bx          0x00000000        0x0
 .v4_bx         0x00000000        0x0 linker stubs

.iplt           0x00000000        0x0
 .iplt          0x00000000        0x0 c:/ti/ccsv6/tools/compiler/gcc-arm-none-eabi-4_7-2013q3/bin/../lib/gcc/arm-none-eabi/4.7.4/armv7e-m/softfp/crtbegin.o

.ARM.exidx      0x20001d90        0x8
                0x20001d90                __exidx_start = .
 *(.ARM.exidx* .gnu.linkonce.armexidx.*)
 .ARM.exidx     0x20001d90        0x8 c:/ti/ccsv6/tools/compiler/gcc-arm-none-eabi-4_7-2013q3/bin/../lib/gcc/arm-none-eabi/4.7.4/../../../../arm-none-eabi/lib/armv7e-m/softfp/crt0.o
                0x20001d98                __exidx_end = .

.rel.dyn        0x00000000        0x0
 .rel.iplt      0x00000000        0x0 c:/ti/ccsv6/tools/compiler/gcc-arm-none-eabi-4_7-2013q3/bin/../lib/gcc/arm-none-eabi/4.7.4/armv7e-m/softfp/crtbegin.o

.ARM.extab      0x20001d98        0x0
 *(.ARM.extab* .gnu.linkonce.armextab.*)
                0x20001d98                PROVIDE (_data_run_address, (((_text_run_address + SIZEOF (.text)) + SIZEOF (.ARM.exidx)) + SIZEOF (.ARM.extab)))

.data           0x20001d98      0x434
                0x20001d98                __data_start__ = .
 *(.data)
 .data          0x20001d98        0x0 c:/ti/ccsv6/tools/compiler/gcc-arm-none-eabi-4_7-2013q3/bin/../lib/gcc/arm-none-eabi/4.7.4/armv7e-m/softfp/crti.o
 .data          0x20001d98        0x4 c:/ti/ccsv6/tools/compiler/gcc-arm-none-eabi-4_7-2013q3/bin/../lib/gcc/arm-none-eabi/4.7.4/armv7e-m/softfp/crtbegin.o
                0x20001d98                __dso_handle
 .data          0x20001d9c        0x0 c:/ti/ccsv6/tools/compiler/gcc-arm-none-eabi-4_7-2013q3/bin/../lib/gcc/arm-none-eabi/4.7.4/../../../../arm-none-eabi/lib/armv7e-m/softfp/crt0.o
 .data          0x20001d9c        0x0 ./libnrf24l01/src/nRF24L01.o
 .data          0x20001d9c        0x0 ./libnrf24l01/src/TM4C123_nRF24L01.o
 .data          0x20001d9c        0x0 ./bl_startup_gcc.o
 .data          0x20001d9c        0x0 ./bl_main.o
 .data          0x20001d9c        0x0 c:/ti/ccsv6/tools/compiler/gcc-arm-none-eabi-4_7-2013q3/bin/../lib/gcc/arm-none-eabi/4.7.4/../../../../arm-none-eabi/lib/armv7e-m/softfp\libc.a(lib_a-__atexit.o)
 .data          0x20001d9c        0x0 c:/ti/ccsv6/tools/compiler/gcc-arm-none-eabi-4_7-2013q3/bin/../lib/gcc/arm-none-eabi/4.7.4/../../../../arm-none-eabi/lib/armv7e-m/softfp\libc.a(lib_a-exit.o)
 .data          0x20001d9c        0x0 c:/ti/ccsv6/tools/compiler/gcc-arm-none-eabi-4_7-2013q3/bin/../lib/gcc/arm-none-eabi/4.7.4/../../../../arm-none-eabi/lib/armv7e-m/softfp\libc.a(lib_a-fini.o)
 .data          0x20001d9c        0x0 c:/ti/ccsv6/tools/compiler/gcc-arm-none-eabi-4_7-2013q3/bin/../lib/gcc/arm-none-eabi/4.7.4/../../../../arm-none-eabi/lib/armv7e-m/softfp\libc.a(lib_a-impure.o)
 .data          0x20001d9c        0x0 c:/ti/ccsv6/tools/compiler/gcc-arm-none-eabi-4_7-2013q3/bin/../lib/gcc/arm-none-eabi/4.7.4/../../../../arm-none-eabi/lib/armv7e-m/softfp\libc.a(lib_a-init.o)
 .data          0x20001d9c        0x0 c:/ti/ccsv6/tools/compiler/gcc-arm-none-eabi-4_7-2013q3/bin/../lib/gcc/arm-none-eabi/4.7.4/../../../../arm-none-eabi/lib/armv7e-m/softfp\libc.a(lib_a-memset.o)
 .data          0x20001d9c        0x0 c:/ti/ccsv6/tools/compiler/gcc-arm-none-eabi-4_7-2013q3/bin/../lib/gcc/arm-none-eabi/4.7.4/../../../../arm-none-eabi/lib/armv7e-m/softfp\libc.a(lib_a-__call_atexit.o)
 .data          0x20001d9c        0x0 c:/ti/ccsv6/tools/compiler/gcc-arm-none-eabi-4_7-2013q3/bin/../lib/gcc/arm-none-eabi/4.7.4/../../../../arm-none-eabi/lib/armv7e-m/softfp\libc.a(lib_a-atexit.o)
 .data          0x20001d9c        0x0 D:/Portable/Programs/TivaDriver/driverlib/gcc\libdriver.a(gpio.o)
 .data          0x20001d9c        0x0 D:/Portable/Programs/TivaDriver/driverlib/gcc\libdriver.a(interrupt.o)
 .data          0x20001d9c        0x0 D:/Portable/Programs/TivaDriver/driverlib/gcc\libdriver.a(sysctl.o)
 .data          0x20001d9c        0x0 D:/Portable/Programs/TivaDriver/driverlib/gcc\libdriver.a(cpu.o)
 .data          0x20001d9c        0x0 c:/ti/ccsv6/tools/compiler/gcc-arm-none-eabi-4_7-2013q3/bin/../lib/gcc/arm-none-eabi/4.7.4/../../../../arm-none-eabi/lib/armv7e-m/softfp\libnosys.a(_exit.o)
 .data          0x20001d9c        0x0 c:/ti/ccsv6/tools/compiler/gcc-arm-none-eabi-4_7-2013q3/bin/../lib/gcc/arm-none-eabi/4.7.4/armv7e-m/softfp/crtend.o
 .data          0x20001d9c        0x0 c:/ti/ccsv6/tools/compiler/gcc-arm-none-eabi-4_7-2013q3/bin/../lib/gcc/arm-none-eabi/4.7.4/armv7e-m/softfp/crtn.o
 *(.data*)
 *fill*         0x20001d9c        0x4 00
 .data.impure_data
                0x20001da0      0x428 c:/ti/ccsv6/tools/compiler/gcc-arm-none-eabi-4_7-2013q3/bin/../lib/gcc/arm-none-eabi/4.7.4/../../../../arm-none-eabi/lib/armv7e-m/softfp\libc.a(lib_a-impure.o)
 .data._impure_ptr
                0x200021c8        0x4 c:/ti/ccsv6/tools/compiler/gcc-arm-none-eabi-4_7-2013q3/bin/../lib/gcc/arm-none-eabi/4.7.4/../../../../arm-none-eabi/lib/armv7e-m/softfp\libc.a(lib_a-impure.o)
                0x200021c8                _impure_ptr
                0x200021cc                . = ALIGN (0x4)
                0x200021cc                __data_end__ = .

.jcr            0x20000000        0x0
 .jcr           0x20000000        0x0 c:/ti/ccsv6/tools/compiler/gcc-arm-none-eabi-4_7-2013q3/bin/../lib/gcc/arm-none-eabi/4.7.4/armv7e-m/softfp/crtbegin.o

.igot.plt       0x20000000        0x0
 .igot.plt      0x00000000        0x0 c:/ti/ccsv6/tools/compiler/gcc-arm-none-eabi-4_7-2013q3/bin/../lib/gcc/arm-none-eabi/4.7.4/armv7e-m/softfp/crtbegin.o

.bss            0x200021cc      0x448
                0x200021cc                __bss_start__ = .
                0x200021cc                PROVIDE (__bss_start__, .)
                0x200021cc                PROVIDE (_bss_start_, .)
                0x200021cc                PROVIDE (bss_start, .)
                0x200021cc                PROVIDE (_bss_, .)
                0x200021cc                PROVIDE (_bss, .)
 *(.shbss)
 *(.bss)
 .bss           0x200021cc        0x0 c:/ti/ccsv6/tools/compiler/gcc-arm-none-eabi-4_7-2013q3/bin/../lib/gcc/arm-none-eabi/4.7.4/armv7e-m/softfp/crti.o
 .bss           0x200021cc       0x1c c:/ti/ccsv6/tools/compiler/gcc-arm-none-eabi-4_7-2013q3/bin/../lib/gcc/arm-none-eabi/4.7.4/armv7e-m/softfp/crtbegin.o
 .bss           0x200021e8        0x0 c:/ti/ccsv6/tools/compiler/gcc-arm-none-eabi-4_7-2013q3/bin/../lib/gcc/arm-none-eabi/4.7.4/../../../../arm-none-eabi/lib/armv7e-m/softfp/crt0.o
 .bss           0x200021e8        0x0 ./libnrf24l01/src/nRF24L01.o
 .bss           0x200021e8        0x0 ./libnrf24l01/src/TM4C123_nRF24L01.o
 .bss           0x200021e8      0x400 ./bl_startup_gcc.o
 .bss           0x200025e8        0x0 ./bl_main.o
 .bss           0x200025e8        0x0 c:/ti/ccsv6/tools/compiler/gcc-arm-none-eabi-4_7-2013q3/bin/../lib/gcc/arm-none-eabi/4.7.4/../../../../arm-none-eabi/lib/armv7e-m/softfp\libc.a(lib_a-__atexit.o)
 .bss           0x200025e8        0x0 c:/ti/ccsv6/tools/compiler/gcc-arm-none-eabi-4_7-2013q3/bin/../lib/gcc/arm-none-eabi/4.7.4/../../../../arm-none-eabi/lib/armv7e-m/softfp\libc.a(lib_a-exit.o)
 .bss           0x200025e8        0x0 c:/ti/ccsv6/tools/compiler/gcc-arm-none-eabi-4_7-2013q3/bin/../lib/gcc/arm-none-eabi/4.7.4/../../../../arm-none-eabi/lib/armv7e-m/softfp\libc.a(lib_a-fini.o)
 .bss           0x200025e8        0x0 c:/ti/ccsv6/tools/compiler/gcc-arm-none-eabi-4_7-2013q3/bin/../lib/gcc/arm-none-eabi/4.7.4/../../../../arm-none-eabi/lib/armv7e-m/softfp\libc.a(lib_a-impure.o)
 .bss           0x200025e8        0x0 c:/ti/ccsv6/tools/compiler/gcc-arm-none-eabi-4_7-2013q3/bin/../lib/gcc/arm-none-eabi/4.7.4/../../../../arm-none-eabi/lib/armv7e-m/softfp\libc.a(lib_a-init.o)
 .bss           0x200025e8        0x0 c:/ti/ccsv6/tools/compiler/gcc-arm-none-eabi-4_7-2013q3/bin/../lib/gcc/arm-none-eabi/4.7.4/../../../../arm-none-eabi/lib/armv7e-m/softfp\libc.a(lib_a-memset.o)
 .bss           0x200025e8        0x0 c:/ti/ccsv6/tools/compiler/gcc-arm-none-eabi-4_7-2013q3/bin/../lib/gcc/arm-none-eabi/4.7.4/../../../../arm-none-eabi/lib/armv7e-m/softfp\libc.a(lib_a-__call_atexit.o)
 .bss           0x200025e8        0x0 c:/ti/ccsv6/tools/compiler/gcc-arm-none-eabi-4_7-2013q3/bin/../lib/gcc/arm-none-eabi/4.7.4/../../../../arm-none-eabi/lib/armv7e-m/softfp\libc.a(lib_a-atexit.o)
 .bss           0x200025e8        0x0 D:/Portable/Programs/TivaDriver/driverlib/gcc\libdriver.a(gpio.o)
 .bss           0x200025e8        0x0 D:/Portable/Programs/TivaDriver/driverlib/gcc\libdriver.a(interrupt.o)
 .bss           0x200025e8        0x0 D:/Portable/Programs/TivaDriver/driverlib/gcc\libdriver.a(sysctl.o)
 .bss           0x200025e8        0x0 D:/Portable/Programs/TivaDriver/driverlib/gcc\libdriver.a(cpu.o)
 .bss           0x200025e8        0x0 c:/ti/ccsv6/tools/compiler/gcc-arm-none-eabi-4_7-2013q3/bin/../lib/gcc/arm-none-eabi/4.7.4/../../../../arm-none-eabi/lib/armv7e-m/softfp\libnosys.a(_exit.o)
 .bss           0x200025e8        0x0 c:/ti/ccsv6/tools/compiler/gcc-arm-none-eabi-4_7-2013q3/bin/../lib/gcc/arm-none-eabi/4.7.4/armv7e-m/softfp/crtend.o
 .bss           0x200025e8        0x0 c:/ti/ccsv6/tools/compiler/gcc-arm-none-eabi-4_7-2013q3/bin/../lib/gcc/arm-none-eabi/4.7.4/armv7e-m/softfp/crtn.o
 *(.bss.*)
 .bss.crcConfig
                0x200025e8        0x1 ./libnrf24l01/src/nRF24L01.o
 .bss.addressWidth
                0x200025e9        0x1 ./libnrf24l01/src/nRF24L01.o
 .bss.status    0x200025ea        0x1 ./libnrf24l01/src/nRF24L01.o
 .bss.features  0x200025eb        0x1 ./libnrf24l01/src/nRF24L01.o
 .bss.CEState   0x200025ec        0x1 ./libnrf24l01/src/TM4C123_nRF24L01.o
 *(COMMON)
 *fill*         0x200025ed        0x3 00
 COMMON         0x200025f0       0x23 ./bl_main.o
                0x200025f0                g_1msCycles
                0x200025f4                g_ui32TransferSize
                0x200025f8                ui8RxLength
                0x200025fc                pui8RfBuffer
                0x20002614                . = ALIGN (0x4)
 *fill*         0x20002613        0x1 00
                0x20002614                __bss_end__ = .
                0x20002614                PROVIDE (_bss_end_, .)
                0x20002614                PROVIDE (bss_end, .)
                0x20002614                PROVIDE (_ebss_, .)
                0x20002614                PROVIDE (_ebss, .)
START GROUP
LOAD c:/ti/ccsv6/tools/compiler/gcc-arm-none-eabi-4_7-2013q3/bin/../lib/gcc/arm-none-eabi/4.7.4/../../../../arm-none-eabi/lib/armv7e-m/softfp\libc.a
LOAD D:/Portable/Programs/TivaDriver/driverlib/gcc\libdriver.a
LOAD c:/ti/ccsv6/tools/compiler/gcc-arm-none-eabi-4_7-2013q3/bin/../lib/gcc/arm-none-eabi/4.7.4/armv7e-m/softfp\libgcc.a
LOAD c:/ti/ccsv6/tools/compiler/gcc-arm-none-eabi-4_7-2013q3/bin/../lib/gcc/arm-none-eabi/4.7.4/../../../../arm-none-eabi/lib/armv7e-m/softfp\libnosys.a
END GROUP
START GROUP
LOAD c:/ti/ccsv6/tools/compiler/gcc-arm-none-eabi-4_7-2013q3/bin/../lib/gcc/arm-none-eabi/4.7.4/armv7e-m/softfp\libgcc.a
LOAD c:/ti/ccsv6/tools/compiler/gcc-arm-none-eabi-4_7-2013q3/bin/../lib/gcc/arm-none-eabi/4.7.4/../../../../arm-none-eabi/lib/armv7e-m/softfp\libg.a
LOAD c:/ti/ccsv6/tools/compiler/gcc-arm-none-eabi-4_7-2013q3/bin/../lib/gcc/arm-none-eabi/4.7.4/../../../../arm-none-eabi/lib/armv7e-m/softfp\libc.a
END GROUP
LOAD c:/ti/ccsv6/tools/compiler/gcc-arm-none-eabi-4_7-2013q3/bin/../lib/gcc/arm-none-eabi/4.7.4/armv7e-m/softfp/crtend.o
LOAD c:/ti/ccsv6/tools/compiler/gcc-arm-none-eabi-4_7-2013q3/bin/../lib/gcc/arm-none-eabi/4.7.4/armv7e-m/softfp/crtn.o
OUTPUT(BootloaderRFV3.out elf32-littlearm)

.ARM.attributes
                0x00000000       0x30
 .ARM.attributes
                0x00000000       0x24 c:/ti/ccsv6/tools/compiler/gcc-arm-none-eabi-4_7-2013q3/bin/../lib/gcc/arm-none-eabi/4.7.4/armv7e-m/softfp/crti.o
 .ARM.attributes
                0x00000024       0x34 c:/ti/ccsv6/tools/compiler/gcc-arm-none-eabi-4_7-2013q3/bin/../lib/gcc/arm-none-eabi/4.7.4/armv7e-m/softfp/crtbegin.o
 .ARM.attributes
                0x00000058       0x22 c:/ti/ccsv6/tools/compiler/gcc-arm-none-eabi-4_7-2013q3/bin/../lib/gcc/arm-none-eabi/4.7.4/../../../../arm-none-eabi/lib/armv7e-m/softfp/crt0.o
 .ARM.attributes
                0x0000007a       0x39 ./libnrf24l01/src/nRF24L01.o
 .ARM.attributes
                0x000000b3       0x39 ./libnrf24l01/src/TM4C123_nRF24L01.o
 .ARM.attributes
                0x000000ec       0x22 ./bl_startup_gcc.o
 .ARM.attributes
                0x0000010e       0x39 ./bl_main.o
 .ARM.attributes
                0x00000147       0x34 c:/ti/ccsv6/tools/compiler/gcc-arm-none-eabi-4_7-2013q3/bin/../lib/gcc/arm-none-eabi/4.7.4/../../../../arm-none-eabi/lib/armv7e-m/softfp\libc.a(lib_a-__atexit.o)
 .ARM.attributes
                0x0000017b       0x34 c:/ti/ccsv6/tools/compiler/gcc-arm-none-eabi-4_7-2013q3/bin/../lib/gcc/arm-none-eabi/4.7.4/../../../../arm-none-eabi/lib/armv7e-m/softfp\libc.a(lib_a-exit.o)
 .ARM.attributes
                0x000001af       0x34 c:/ti/ccsv6/tools/compiler/gcc-arm-none-eabi-4_7-2013q3/bin/../lib/gcc/arm-none-eabi/4.7.4/../../../../arm-none-eabi/lib/armv7e-m/softfp\libc.a(lib_a-fini.o)
 .ARM.attributes
                0x000001e3       0x34 c:/ti/ccsv6/tools/compiler/gcc-arm-none-eabi-4_7-2013q3/bin/../lib/gcc/arm-none-eabi/4.7.4/../../../../arm-none-eabi/lib/armv7e-m/softfp\libc.a(lib_a-impure.o)
 .ARM.attributes
                0x00000217       0x34 c:/ti/ccsv6/tools/compiler/gcc-arm-none-eabi-4_7-2013q3/bin/../lib/gcc/arm-none-eabi/4.7.4/../../../../arm-none-eabi/lib/armv7e-m/softfp\libc.a(lib_a-init.o)
 .ARM.attributes
                0x0000024b       0x34 c:/ti/ccsv6/tools/compiler/gcc-arm-none-eabi-4_7-2013q3/bin/../lib/gcc/arm-none-eabi/4.7.4/../../../../arm-none-eabi/lib/armv7e-m/softfp\libc.a(lib_a-memset.o)
 .ARM.attributes
                0x0000027f       0x34 c:/ti/ccsv6/tools/compiler/gcc-arm-none-eabi-4_7-2013q3/bin/../lib/gcc/arm-none-eabi/4.7.4/../../../../arm-none-eabi/lib/armv7e-m/softfp\libc.a(lib_a-__call_atexit.o)
 .ARM.attributes
                0x000002b3       0x34 c:/ti/ccsv6/tools/compiler/gcc-arm-none-eabi-4_7-2013q3/bin/../lib/gcc/arm-none-eabi/4.7.4/../../../../arm-none-eabi/lib/armv7e-m/softfp\libc.a(lib_a-atexit.o)
 .ARM.attributes
                0x000002e7       0x37 D:/Portable/Programs/TivaDriver/driverlib/gcc\libdriver.a(gpio.o)
 .ARM.attributes
                0x0000031e       0x37 D:/Portable/Programs/TivaDriver/driverlib/gcc\libdriver.a(interrupt.o)
 .ARM.attributes
                0x00000355       0x37 D:/Portable/Programs/TivaDriver/driverlib/gcc\libdriver.a(sysctl.o)
 .ARM.attributes
                0x0000038c       0x37 D:/Portable/Programs/TivaDriver/driverlib/gcc\libdriver.a(cpu.o)
 .ARM.attributes
                0x000003c3       0x34 c:/ti/ccsv6/tools/compiler/gcc-arm-none-eabi-4_7-2013q3/bin/../lib/gcc/arm-none-eabi/4.7.4/../../../../arm-none-eabi/lib/armv7e-m/softfp\libnosys.a(_exit.o)
 .ARM.attributes
                0x000003f7       0x34 c:/ti/ccsv6/tools/compiler/gcc-arm-none-eabi-4_7-2013q3/bin/../lib/gcc/arm-none-eabi/4.7.4/armv7e-m/softfp/crtend.o
 .ARM.attributes
                0x0000042b       0x24 c:/ti/ccsv6/tools/compiler/gcc-arm-none-eabi-4_7-2013q3/bin/../lib/gcc/arm-none-eabi/4.7.4/armv7e-m/softfp/crtn.o

.comment        0x00000000       0x9b
 .comment       0x00000000       0x70 ./libnrf24l01/src/nRF24L01.o
                                 0x71 (size before relaxing)
 .comment       0x00000000       0x71 ./libnrf24l01/src/TM4C123_nRF24L01.o
 .comment       0x00000000       0x71 ./bl_main.o
 .comment       0x00000070       0x2b D:/Portable/Programs/TivaDriver/driverlib/gcc\libdriver.a(gpio.o)
                                 0x2c (size before relaxing)
 .comment       0x00000000       0x2c D:/Portable/Programs/TivaDriver/driverlib/gcc\libdriver.a(interrupt.o)
 .comment       0x00000000       0x2c D:/Portable/Programs/TivaDriver/driverlib/gcc\libdriver.a(sysctl.o)
 .comment       0x00000000       0x2c D:/Portable/Programs/TivaDriver/driverlib/gcc\libdriver.a(cpu.o)

.debug_info     0x00000000      0xec7
 .debug_info    0x00000000      0x8c5 ./libnrf24l01/src/nRF24L01.o
 .debug_info    0x000008c5      0x199 ./libnrf24l01/src/TM4C123_nRF24L01.o
 .debug_info    0x00000a5e       0x71 ./bl_startup_gcc.o
 .debug_info    0x00000acf      0x3f8 ./bl_main.o

.debug_abbrev   0x00000000      0x3b9
 .debug_abbrev  0x00000000      0x1ca ./libnrf24l01/src/nRF24L01.o
 .debug_abbrev  0x000001ca       0xa9 ./libnrf24l01/src/TM4C123_nRF24L01.o
 .debug_abbrev  0x00000273       0x14 ./bl_startup_gcc.o
 .debug_abbrev  0x00000287      0x132 ./bl_main.o

.debug_loc      0x00000000      0xba0
 .debug_loc     0x00000000      0x874 ./libnrf24l01/src/nRF24L01.o
 .debug_loc     0x00000874      0x184 ./libnrf24l01/src/TM4C123_nRF24L01.o
 .debug_loc     0x000009f8      0x1a8 ./bl_main.o

.debug_aranges  0x00000000      0x230
 .debug_aranges
                0x00000000      0x160 ./libnrf24l01/src/nRF24L01.o
 .debug_aranges
                0x00000160       0x58 ./libnrf24l01/src/TM4C123_nRF24L01.o
 .debug_aranges
                0x000001b8       0x20 ./bl_startup_gcc.o
 .debug_aranges
                0x000001d8       0x58 ./bl_main.o

.debug_line     0x00000000      0x880
 .debug_line    0x00000000      0x448 ./libnrf24l01/src/nRF24L01.o
 .debug_line    0x00000448      0x17c ./libnrf24l01/src/TM4C123_nRF24L01.o
 .debug_line    0x000005c4       0x92 ./bl_startup_gcc.o
 .debug_line    0x00000656      0x22a ./bl_main.o

.debug_str      0x00000000      0x8a7
 .debug_str     0x00000000      0x595 ./libnrf24l01/src/nRF24L01.o
                                0x5f8 (size before relaxing)
 .debug_str     0x00000595       0xb2 ./libnrf24l01/src/TM4C123_nRF24L01.o
                                0x1d5 (size before relaxing)
 .debug_str     0x00000647      0x260 ./bl_main.o
                                0x40e (size before relaxing)

.debug_frame    0x00000000      0x868
 .debug_frame   0x00000000      0x504 ./libnrf24l01/src/nRF24L01.o
 .debug_frame   0x00000504       0xf8 ./libnrf24l01/src/TM4C123_nRF24L01.o
 .debug_frame   0x000005fc      0x100 ./bl_main.o
 .debug_frame   0x000006fc       0x34 c:/ti/ccsv6/tools/compiler/gcc-arm-none-eabi-4_7-2013q3/bin/../lib/gcc/arm-none-eabi/4.7.4/../../../../arm-none-eabi/lib/armv7e-m/softfp\libc.a(lib_a-__atexit.o)
 .debug_frame   0x00000730       0x28 c:/ti/ccsv6/tools/compiler/gcc-arm-none-eabi-4_7-2013q3/bin/../lib/gcc/arm-none-eabi/4.7.4/../../../../arm-none-eabi/lib/armv7e-m/softfp\libc.a(lib_a-exit.o)
 .debug_frame   0x00000758       0x2c c:/ti/ccsv6/tools/compiler/gcc-arm-none-eabi-4_7-2013q3/bin/../lib/gcc/arm-none-eabi/4.7.4/../../../../arm-none-eabi/lib/armv7e-m/softfp\libc.a(lib_a-fini.o)
 .debug_frame   0x00000784       0x30 c:/ti/ccsv6/tools/compiler/gcc-arm-none-eabi-4_7-2013q3/bin/../lib/gcc/arm-none-eabi/4.7.4/../../../../arm-none-eabi/lib/armv7e-m/softfp\libc.a(lib_a-init.o)
 .debug_frame   0x000007b4       0x2c c:/ti/ccsv6/tools/compiler/gcc-arm-none-eabi-4_7-2013q3/bin/../lib/gcc/arm-none-eabi/4.7.4/../../../../arm-none-eabi/lib/armv7e-m/softfp\libc.a(lib_a-memset.o)
 .debug_frame   0x000007e0       0x48 c:/ti/ccsv6/tools/compiler/gcc-arm-none-eabi-4_7-2013q3/bin/../lib/gcc/arm-none-eabi/4.7.4/../../../../arm-none-eabi/lib/armv7e-m/softfp\libc.a(lib_a-__call_atexit.o)
 .debug_frame   0x00000828       0x20 c:/ti/ccsv6/tools/compiler/gcc-arm-none-eabi-4_7-2013q3/bin/../lib/gcc/arm-none-eabi/4.7.4/../../../../arm-none-eabi/lib/armv7e-m/softfp\libc.a(lib_a-atexit.o)
 .debug_frame   0x00000848       0x20 c:/ti/ccsv6/tools/compiler/gcc-arm-none-eabi-4_7-2013q3/bin/../lib/gcc/arm-none-eabi/4.7.4/../../../../arm-none-eabi/lib/armv7e-m/softfp\libnosys.a(_exit.o)
